00:00.412  blend            | Read blend: "/home/blanzy/projects/media-foundry/templates/blender/pulp-reactor-v1.blend"
/home/blanzy/projects/media-foundry/scripts/blender/build_mf_bench_001.py:203: DeprecationWarning: 'World.use_nodes' is expected to be removed in Blender 6.0
  scene.world.use_nodes = True
/home/blanzy/projects/media-foundry/scripts/blender/build_mf_bench_001.py:84: DeprecationWarning: 'Material.use_nodes' is expected to be removed in Blender 6.0
  result.use_nodes = True
/home/blanzy/projects/media-foundry/scripts/blender/build_mf_bench_001.py:65: DeprecationWarning: 'Material.use_nodes' is expected to be removed in Blender 6.0
  result.use_nodes = True
/home/blanzy/projects/media-foundry/scripts/blender/build_mf_bench_001.py:497: DeprecationWarning: 'Scene.use_nodes' is expected to be removed in Blender 6.0
  scene.use_nodes = True
00:02.132  render           | Saved: '/home/blanzy/projects/media-foundry/artifacts/mf-020r3/frames/frame-0000.png'
00:02.673  render           | Saved: '/home/blanzy/projects/media-foundry/artifacts/mf-020r3/frames/frame-0001.png'
00:03.185  render           | Saved: '/home/blanzy/projects/media-foundry/artifacts/mf-020r3/frames/frame-0002.png'
00:03.716  render           | Saved: '/home/blanzy/projects/media-foundry/artifacts/mf-020r3/frames/frame-0003.png'
00:04.240  render           | Saved: '/home/blanzy/projects/media-foundry/artifacts/mf-020r3/frames/frame-0004.png'
00:04.756  render           | Saved: '/home/blanzy/projects/media-foundry/artifacts/mf-020r3/frames/frame-0005.png'
00:05.270  render           | Saved: '/home/blanzy/projects/media-foundry/artifacts/mf-020r3/frames/frame-0006.png'
00:05.790  render           | Saved: '/home/blanzy/projects/media-foundry/artifacts/mf-020r3/frames/frame-0007.png'
00:06.298  render           | Saved: '/home/blanzy/projects/media-foundry/artifacts/mf-020r3/frames/frame-0008.png'
00:06.818  render           | Saved: '/home/blanzy/projects/media-foundry/artifacts/mf-020r3/frames/frame-0009.png'
00:07.366  render           | Saved: '/home/blanzy/projects/media-foundry/artifacts/mf-020r3/frames/frame-0010.png'
00:07.872  render           | Saved: '/home/blanzy/projects/media-foundry/artifacts/mf-020r3/frames/frame-0011.png'
00:08.385  render           | Saved: '/home/blanzy/projects/media-foundry/artifacts/mf-020r3/frames/frame-0012.png'
00:08.915  render           | Saved: '/home/blanzy/projects/media-foundry/artifacts/mf-020r3/frames/frame-0013.png'
00:09.432  render           | Saved: '/home/blanzy/projects/media-foundry/artifacts/mf-020r3/frames/frame-0014.png'
00:09.932  render           | Saved: '/home/blanzy/projects/media-foundry/artifacts/mf-020r3/frames/frame-0015.png'
00:10.419  render           | Saved: '/home/blanzy/projects/media-foundry/artifacts/mf-020r3/frames/frame-0016.png'
00:10.908  render           | Saved: '/home/blanzy/projects/media-foundry/artifacts/mf-020r3/frames/frame-0017.png'
00:11.392  render           | Saved: '/home/blanzy/projects/media-foundry/artifacts/mf-020r3/frames/frame-0018.png'
00:11.882  render           | Saved: '/home/blanzy/projects/media-foundry/artifacts/mf-020r3/frames/frame-0019.png'
00:12.369  render           | Saved: '/home/blanzy/projects/media-foundry/artifacts/mf-020r3/frames/frame-0020.png'
00:12.854  render           | Saved: '/home/blanzy/projects/media-foundry/artifacts/mf-020r3/frames/frame-0021.png'
00:13.330  render           | Saved: '/home/blanzy/projects/media-foundry/artifacts/mf-020r3/frames/frame-0022.png'
00:13.807  render           | Saved: '/home/blanzy/projects/media-foundry/artifacts/mf-020r3/frames/frame-0023.png'
00:14.291  render           | Saved: '/home/blanzy/projects/media-foundry/artifacts/mf-020r3/frames/frame-0024.png'
00:14.782  render           | Saved: '/home/blanzy/projects/media-foundry/artifacts/mf-020r3/frames/frame-0025.png'
00:15.267  render           | Saved: '/home/blanzy/projects/media-foundry/artifacts/mf-020r3/frames/frame-0026.png'
00:15.736  render           | Saved: '/home/blanzy/projects/media-foundry/artifacts/mf-020r3/frames/frame-0027.png'
00:16.216  render           | Saved: '/home/blanzy/projects/media-foundry/artifacts/mf-020r3/frames/frame-0028.png'
00:16.702  render           | Saved: '/home/blanzy/projects/media-foundry/artifacts/mf-020r3/frames/frame-0029.png'
00:17.188  render           | Saved: '/home/blanzy/projects/media-foundry/artifacts/mf-020r3/frames/frame-0030.png'
00:17.685  render           | Saved: '/home/blanzy/projects/media-foundry/artifacts/mf-020r3/frames/frame-0031.png'
00:18.169  render           | Saved: '/home/blanzy/projects/media-foundry/artifacts/mf-020r3/frames/frame-0032.png'
00:18.652  render           | Saved: '/home/blanzy/projects/media-foundry/artifacts/mf-020r3/frames/frame-0033.png'
00:19.138  render           | Saved: '/home/blanzy/projects/media-foundry/artifacts/mf-020r3/frames/frame-0034.png'
00:19.636  render           | Saved: '/home/blanzy/projects/media-foundry/artifacts/mf-020r3/frames/frame-0035.png'
00:20.135  render           | Saved: '/home/blanzy/projects/media-foundry/artifacts/mf-020r3/frames/frame-0036.png'
00:20.611  render           | Saved: '/home/blanzy/projects/media-foundry/artifacts/mf-020r3/frames/frame-0037.png'
00:21.099  render           | Saved: '/home/blanzy/projects/media-foundry/artifacts/mf-020r3/frames/frame-0038.png'
00:21.583  render           | Saved: '/home/blanzy/projects/media-foundry/artifacts/mf-020r3/frames/frame-0039.png'
00:22.068  render           | Saved: '/home/blanzy/projects/media-foundry/artifacts/mf-020r3/frames/frame-0040.png'
00:22.551  render           | Saved: '/home/blanzy/projects/media-foundry/artifacts/mf-020r3/frames/frame-0041.png'
00:23.030  render           | Saved: '/home/blanzy/projects/media-foundry/artifacts/mf-020r3/frames/frame-0042.png'
00:23.510  render           | Saved: '/home/blanzy/projects/media-foundry/artifacts/mf-020r3/frames/frame-0043.png'
00:23.993  render           | Saved: '/home/blanzy/projects/media-foundry/artifacts/mf-020r3/frames/frame-0044.png'
00:24.474  render           | Saved: '/home/blanzy/projects/media-foundry/artifacts/mf-020r3/frames/frame-0045.png'
00:24.961  render           | Saved: '/home/blanzy/projects/media-foundry/artifacts/mf-020r3/frames/frame-0046.png'
00:25.440  render           | Saved: '/home/blanzy/projects/media-foundry/artifacts/mf-020r3/frames/frame-0047.png'
00:25.921  render           | Saved: '/home/blanzy/projects/media-foundry/artifacts/mf-020r3/frames/frame-0048.png'
00:26.409  render           | Saved: '/home/blanzy/projects/media-foundry/artifacts/mf-020r3/frames/frame-0049.png'
00:26.902  render           | Saved: '/home/blanzy/projects/media-foundry/artifacts/mf-020r3/frames/frame-0050.png'
00:27.388  render           | Saved: '/home/blanzy/projects/media-foundry/artifacts/mf-020r3/frames/frame-0051.png'
00:27.877  render           | Saved: '/home/blanzy/projects/media-foundry/artifacts/mf-020r3/frames/frame-0052.png'
00:28.353  render           | Saved: '/home/blanzy/projects/media-foundry/artifacts/mf-020r3/frames/frame-0053.png'
00:28.830  render           | Saved: '/home/blanzy/projects/media-foundry/artifacts/mf-020r3/frames/frame-0054.png'
00:29.317  render           | Saved: '/home/blanzy/projects/media-foundry/artifacts/mf-020r3/frames/frame-0055.png'
00:29.797  render           | Saved: '/home/blanzy/projects/media-foundry/artifacts/mf-020r3/frames/frame-0056.png'
00:30.279  render           | Saved: '/home/blanzy/projects/media-foundry/artifacts/mf-020r3/frames/frame-0057.png'
00:30.766  render           | Saved: '/home/blanzy/projects/media-foundry/artifacts/mf-020r3/frames/frame-0058.png'
00:31.250  render           | Saved: '/home/blanzy/projects/media-foundry/artifacts/mf-020r3/frames/frame-0059.png'
00:31.736  render           | Saved: '/home/blanzy/projects/media-foundry/artifacts/mf-020r3/frames/frame-0060.png'
00:32.211  render           | Saved: '/home/blanzy/projects/media-foundry/artifacts/mf-020r3/frames/frame-0061.png'
00:32.695  render           | Saved: '/home/blanzy/projects/media-foundry/artifacts/mf-020r3/frames/frame-0062.png'
00:33.186  render           | Saved: '/home/blanzy/projects/media-foundry/artifacts/mf-020r3/frames/frame-0063.png'
00:33.676  render           | Saved: '/home/blanzy/projects/media-foundry/artifacts/mf-020r3/frames/frame-0064.png'
00:34.156  render           | Saved: '/home/blanzy/projects/media-foundry/artifacts/mf-020r3/frames/frame-0065.png'
00:34.645  render           | Saved: '/home/blanzy/projects/media-foundry/artifacts/mf-020r3/frames/frame-0066.png'
00:35.121  render           | Saved: '/home/blanzy/projects/media-foundry/artifacts/mf-020r3/frames/frame-0067.png'
00:35.603  render           | Saved: '/home/blanzy/projects/media-foundry/artifacts/mf-020r3/frames/frame-0068.png'
00:36.096  render           | Saved: '/home/blanzy/projects/media-foundry/artifacts/mf-020r3/frames/frame-0069.png'
00:36.581  render           | Saved: '/home/blanzy/projects/media-foundry/artifacts/mf-020r3/frames/frame-0070.png'
00:37.064  render           | Saved: '/home/blanzy/projects/media-foundry/artifacts/mf-020r3/frames/frame-0071.png'
00:37.551  render           | Saved: '/home/blanzy/projects/media-foundry/artifacts/mf-020r3/frames/frame-0072.png'
00:38.052  render           | Saved: '/home/blanzy/projects/media-foundry/artifacts/mf-020r3/frames/frame-0073.png'
00:38.535  render           | Saved: '/home/blanzy/projects/media-foundry/artifacts/mf-020r3/frames/frame-0074.png'
00:39.020  render           | Saved: '/home/blanzy/projects/media-foundry/artifacts/mf-020r3/frames/frame-0075.png'
00:39.514  render           | Saved: '/home/blanzy/projects/media-foundry/artifacts/mf-020r3/frames/frame-0076.png'
00:40.014  render           | Saved: '/home/blanzy/projects/media-foundry/artifacts/mf-020r3/frames/frame-0077.png'
00:40.499  render           | Saved: '/home/blanzy/projects/media-foundry/artifacts/mf-020r3/frames/frame-0078.png'
00:40.976  render           | Saved: '/home/blanzy/projects/media-foundry/artifacts/mf-020r3/frames/frame-0079.png'
00:41.455  render           | Saved: '/home/blanzy/projects/media-foundry/artifacts/mf-020r3/frames/frame-0080.png'
00:41.940  render           | Saved: '/home/blanzy/projects/media-foundry/artifacts/mf-020r3/frames/frame-0081.png'
00:42.425  render           | Saved: '/home/blanzy/projects/media-foundry/artifacts/mf-020r3/frames/frame-0082.png'
00:42.935  render           | Saved: '/home/blanzy/projects/media-foundry/artifacts/mf-020r3/frames/frame-0083.png'
00:43.421  render           | Saved: '/home/blanzy/projects/media-foundry/artifacts/mf-020r3/frames/frame-0084.png'
00:43.908  render           | Saved: '/home/blanzy/projects/media-foundry/artifacts/mf-020r3/frames/frame-0085.png'
00:44.398  render           | Saved: '/home/blanzy/projects/media-foundry/artifacts/mf-020r3/frames/frame-0086.png'
00:44.882  render           | Saved: '/home/blanzy/projects/media-foundry/artifacts/mf-020r3/frames/frame-0087.png'
00:45.364  render           | Saved: '/home/blanzy/projects/media-foundry/artifacts/mf-020r3/frames/frame-0088.png'
00:45.852  render           | Saved: '/home/blanzy/projects/media-foundry/artifacts/mf-020r3/frames/frame-0089.png'
00:46.345  render           | Saved: '/home/blanzy/projects/media-foundry/artifacts/mf-020r3/frames/frame-0090.png'
00:46.828  render           | Saved: '/home/blanzy/projects/media-foundry/artifacts/mf-020r3/frames/frame-0091.png'
00:47.308  render           | Saved: '/home/blanzy/projects/media-foundry/artifacts/mf-020r3/frames/frame-0092.png'
00:47.794  render           | Saved: '/home/blanzy/projects/media-foundry/artifacts/mf-020r3/frames/frame-0093.png'
00:48.281  render           | Saved: '/home/blanzy/projects/media-foundry/artifacts/mf-020r3/frames/frame-0094.png'
00:48.766  render           | Saved: '/home/blanzy/projects/media-foundry/artifacts/mf-020r3/frames/frame-0095.png'
00:49.246  render           | Saved: '/home/blanzy/projects/media-foundry/artifacts/mf-020r3/frames/frame-0096.png'
00:49.745  render           | Saved: '/home/blanzy/projects/media-foundry/artifacts/mf-020r3/frames/frame-0097.png'
00:50.224  render           | Saved: '/home/blanzy/projects/media-foundry/artifacts/mf-020r3/frames/frame-0098.png'
00:50.709  render           | Saved: '/home/blanzy/projects/media-foundry/artifacts/mf-020r3/frames/frame-0099.png'
00:51.188  render           | Saved: '/home/blanzy/projects/media-foundry/artifacts/mf-020r3/frames/frame-0100.png'
00:51.670  render           | Saved: '/home/blanzy/projects/media-foundry/artifacts/mf-020r3/frames/frame-0101.png'
00:52.164  render           | Saved: '/home/blanzy/projects/media-foundry/artifacts/mf-020r3/frames/frame-0102.png'
00:52.657  render           | Saved: '/home/blanzy/projects/media-foundry/artifacts/mf-020r3/frames/frame-0103.png'
00:53.150  render           | Saved: '/home/blanzy/projects/media-foundry/artifacts/mf-020r3/frames/frame-0104.png'
00:53.627  render           | Saved: '/home/blanzy/projects/media-foundry/artifacts/mf-020r3/frames/frame-0105.png'
00:54.112  render           | Saved: '/home/blanzy/projects/media-foundry/artifacts/mf-020r3/frames/frame-0106.png'
00:54.599  render           | Saved: '/home/blanzy/projects/media-foundry/artifacts/mf-020r3/frames/frame-0107.png'
00:55.084  render           | Saved: '/home/blanzy/projects/media-foundry/artifacts/mf-020r3/frames/frame-0108.png'
00:55.573  render           | Saved: '/home/blanzy/projects/media-foundry/artifacts/mf-020r3/frames/frame-0109.png'
00:56.053  render           | Saved: '/home/blanzy/projects/media-foundry/artifacts/mf-020r3/frames/frame-0110.png'
00:56.531  render           | Saved: '/home/blanzy/projects/media-foundry/artifacts/mf-020r3/frames/frame-0111.png'
00:57.017  render           | Saved: '/home/blanzy/projects/media-foundry/artifacts/mf-020r3/frames/frame-0112.png'
00:57.507  render           | Saved: '/home/blanzy/projects/media-foundry/artifacts/mf-020r3/frames/frame-0113.png'
00:57.992  render           | Saved: '/home/blanzy/projects/media-foundry/artifacts/mf-020r3/frames/frame-0114.png'
00:58.487  render           | Saved: '/home/blanzy/projects/media-foundry/artifacts/mf-020r3/frames/frame-0115.png'
00:58.974  render           | Saved: '/home/blanzy/projects/media-foundry/artifacts/mf-020r3/frames/frame-0116.png'
00:59.451  render           | Saved: '/home/blanzy/projects/media-foundry/artifacts/mf-020r3/frames/frame-0117.png'
00:59.937  render           | Saved: '/home/blanzy/projects/media-foundry/artifacts/mf-020r3/frames/frame-0118.png'
01:00.416  render           | Saved: '/home/blanzy/projects/media-foundry/artifacts/mf-020r3/frames/frame-0119.png'
01:00.915  render           | Saved: '/home/blanzy/projects/media-foundry/artifacts/mf-020r3/frames/frame-0120.png'
01:01.427  render           | Saved: '/home/blanzy/projects/media-foundry/artifacts/mf-020r3/frames/frame-0121.png'
01:01.912  render           | Saved: '/home/blanzy/projects/media-foundry/artifacts/mf-020r3/frames/frame-0122.png'
01:02.392  render           | Saved: '/home/blanzy/projects/media-foundry/artifacts/mf-020r3/frames/frame-0123.png'
01:02.870  render           | Saved: '/home/blanzy/projects/media-foundry/artifacts/mf-020r3/frames/frame-0124.png'
01:03.345  render           | Saved: '/home/blanzy/projects/media-foundry/artifacts/mf-020r3/frames/frame-0125.png'
01:03.828  render           | Saved: '/home/blanzy/projects/media-foundry/artifacts/mf-020r3/frames/frame-0126.png'
01:04.302  render           | Saved: '/home/blanzy/projects/media-foundry/artifacts/mf-020r3/frames/frame-0127.png'
01:04.794  render           | Saved: '/home/blanzy/projects/media-foundry/artifacts/mf-020r3/frames/frame-0128.png'
01:05.285  render           | Saved: '/home/blanzy/projects/media-foundry/artifacts/mf-020r3/frames/frame-0129.png'
01:05.773  render           | Saved: '/home/blanzy/projects/media-foundry/artifacts/mf-020r3/frames/frame-0130.png'
01:06.250  render           | Saved: '/home/blanzy/projects/media-foundry/artifacts/mf-020r3/frames/frame-0131.png'
01:06.729  render           | Saved: '/home/blanzy/projects/media-foundry/artifacts/mf-020r3/frames/frame-0132.png'
01:07.211  render           | Saved: '/home/blanzy/projects/media-foundry/artifacts/mf-020r3/frames/frame-0133.png'
01:07.706  render           | Saved: '/home/blanzy/projects/media-foundry/artifacts/mf-020r3/frames/frame-0134.png'
01:08.184  render           | Saved: '/home/blanzy/projects/media-foundry/artifacts/mf-020r3/frames/frame-0135.png'
01:08.671  render           | Saved: '/home/blanzy/projects/media-foundry/artifacts/mf-020r3/frames/frame-0136.png'
01:09.149  render           | Saved: '/home/blanzy/projects/media-foundry/artifacts/mf-020r3/frames/frame-0137.png'
01:09.642  render           | Saved: '/home/blanzy/projects/media-foundry/artifacts/mf-020r3/frames/frame-0138.png'
01:10.120  render           | Saved: '/home/blanzy/projects/media-foundry/artifacts/mf-020r3/frames/frame-0139.png'
01:10.611  render           | Saved: '/home/blanzy/projects/media-foundry/artifacts/mf-020r3/frames/frame-0140.png'
01:11.092  render           | Saved: '/home/blanzy/projects/media-foundry/artifacts/mf-020r3/frames/frame-0141.png'
01:11.567  render           | Saved: '/home/blanzy/projects/media-foundry/artifacts/mf-020r3/frames/frame-0142.png'
01:12.043  render           | Saved: '/home/blanzy/projects/media-foundry/artifacts/mf-020r3/frames/frame-0143.png'
01:12.518  render           | Saved: '/home/blanzy/projects/media-foundry/artifacts/mf-020r3/frames/frame-0144.png'
01:12.994  render           | Saved: '/home/blanzy/projects/media-foundry/artifacts/mf-020r3/frames/frame-0145.png'
01:13.474  render           | Saved: '/home/blanzy/projects/media-foundry/artifacts/mf-020r3/frames/frame-0146.png'
01:13.961  render           | Saved: '/home/blanzy/projects/media-foundry/artifacts/mf-020r3/frames/frame-0147.png'
01:14.439  render           | Saved: '/home/blanzy/projects/media-foundry/artifacts/mf-020r3/frames/frame-0148.png'
01:14.919  render           | Saved: '/home/blanzy/projects/media-foundry/artifacts/mf-020r3/frames/frame-0149.png'
01:15.397  render           | Saved: '/home/blanzy/projects/media-foundry/artifacts/mf-020r3/frames/frame-0150.png'
01:15.885  render           | Saved: '/home/blanzy/projects/media-foundry/artifacts/mf-020r3/frames/frame-0151.png'
01:16.377  render           | Saved: '/home/blanzy/projects/media-foundry/artifacts/mf-020r3/frames/frame-0152.png'
01:16.862  render           | Saved: '/home/blanzy/projects/media-foundry/artifacts/mf-020r3/frames/frame-0153.png'
01:17.360  render           | Saved: '/home/blanzy/projects/media-foundry/artifacts/mf-020r3/frames/frame-0154.png'
01:17.856  render           | Saved: '/home/blanzy/projects/media-foundry/artifacts/mf-020r3/frames/frame-0155.png'
01:18.353  render           | Saved: '/home/blanzy/projects/media-foundry/artifacts/mf-020r3/frames/frame-0156.png'
01:18.845  render           | Saved: '/home/blanzy/projects/media-foundry/artifacts/mf-020r3/frames/frame-0157.png'
01:19.326  render           | Saved: '/home/blanzy/projects/media-foundry/artifacts/mf-020r3/frames/frame-0158.png'
01:19.815  render           | Saved: '/home/blanzy/projects/media-foundry/artifacts/mf-020r3/frames/frame-0159.png'
01:20.304  render           | Saved: '/home/blanzy/projects/media-foundry/artifacts/mf-020r3/frames/frame-0160.png'
01:20.792  render           | Saved: '/home/blanzy/projects/media-foundry/artifacts/mf-020r3/frames/frame-0161.png'
01:21.278  render           | Saved: '/home/blanzy/projects/media-foundry/artifacts/mf-020r3/frames/frame-0162.png'
01:21.763  render           | Saved: '/home/blanzy/projects/media-foundry/artifacts/mf-020r3/frames/frame-0163.png'
01:22.248  render           | Saved: '/home/blanzy/projects/media-foundry/artifacts/mf-020r3/frames/frame-0164.png'
01:22.731  render           | Saved: '/home/blanzy/projects/media-foundry/artifacts/mf-020r3/frames/frame-0165.png'
01:23.215  render           | Saved: '/home/blanzy/projects/media-foundry/artifacts/mf-020r3/frames/frame-0166.png'
01:23.698  render           | Saved: '/home/blanzy/projects/media-foundry/artifacts/mf-020r3/frames/frame-0167.png'
01:24.187  render           | Saved: '/home/blanzy/projects/media-foundry/artifacts/mf-020r3/frames/frame-0168.png'
01:24.679  render           | Saved: '/home/blanzy/projects/media-foundry/artifacts/mf-020r3/frames/frame-0169.png'
01:25.168  render           | Saved: '/home/blanzy/projects/media-foundry/artifacts/mf-020r3/frames/frame-0170.png'
01:25.660  render           | Saved: '/home/blanzy/projects/media-foundry/artifacts/mf-020r3/frames/frame-0171.png'
01:26.145  render           | Saved: '/home/blanzy/projects/media-foundry/artifacts/mf-020r3/frames/frame-0172.png'
01:26.632  render           | Saved: '/home/blanzy/projects/media-foundry/artifacts/mf-020r3/frames/frame-0173.png'
01:27.115  render           | Saved: '/home/blanzy/projects/media-foundry/artifacts/mf-020r3/frames/frame-0174.png'
01:27.595  render           | Saved: '/home/blanzy/projects/media-foundry/artifacts/mf-020r3/frames/frame-0175.png'
01:28.078  render           | Saved: '/home/blanzy/projects/media-foundry/artifacts/mf-020r3/frames/frame-0176.png'
01:28.567  render           | Saved: '/home/blanzy/projects/media-foundry/artifacts/mf-020r3/frames/frame-0177.png'
01:29.048  render           | Saved: '/home/blanzy/projects/media-foundry/artifacts/mf-020r3/frames/frame-0178.png'
01:29.537  render           | Saved: '/home/blanzy/projects/media-foundry/artifacts/mf-020r3/frames/frame-0179.png'
01:30.025  render           | Saved: '/home/blanzy/projects/media-foundry/artifacts/mf-020r3/frames/frame-0180.png'
01:30.522  render           | Saved: '/home/blanzy/projects/media-foundry/artifacts/mf-020r3/frames/frame-0181.png'
01:31.007  render           | Saved: '/home/blanzy/projects/media-foundry/artifacts/mf-020r3/frames/frame-0182.png'
01:31.498  render           | Saved: '/home/blanzy/projects/media-foundry/artifacts/mf-020r3/frames/frame-0183.png'
01:31.987  render           | Saved: '/home/blanzy/projects/media-foundry/artifacts/mf-020r3/frames/frame-0184.png'
01:32.478  render           | Saved: '/home/blanzy/projects/media-foundry/artifacts/mf-020r3/frames/frame-0185.png'
01:32.966  render           | Saved: '/home/blanzy/projects/media-foundry/artifacts/mf-020r3/frames/frame-0186.png'
01:33.452  render           | Saved: '/home/blanzy/projects/media-foundry/artifacts/mf-020r3/frames/frame-0187.png'
01:33.937  render           | Saved: '/home/blanzy/projects/media-foundry/artifacts/mf-020r3/frames/frame-0188.png'
01:34.424  render           | Saved: '/home/blanzy/projects/media-foundry/artifacts/mf-020r3/frames/frame-0189.png'
01:34.909  render           | Saved: '/home/blanzy/projects/media-foundry/artifacts/mf-020r3/frames/frame-0190.png'
01:35.395  render           | Saved: '/home/blanzy/projects/media-foundry/artifacts/mf-020r3/frames/frame-0191.png'
01:35.883  render           | Saved: '/home/blanzy/projects/media-foundry/artifacts/mf-020r3/frames/frame-0192.png'
01:36.369  render           | Saved: '/home/blanzy/projects/media-foundry/artifacts/mf-020r3/frames/frame-0193.png'
01:36.854  render           | Saved: '/home/blanzy/projects/media-foundry/artifacts/mf-020r3/frames/frame-0194.png'
01:37.337  render           | Saved: '/home/blanzy/projects/media-foundry/artifacts/mf-020r3/frames/frame-0195.png'
01:37.818  render           | Saved: '/home/blanzy/projects/media-foundry/artifacts/mf-020r3/frames/frame-0196.png'
01:38.303  render           | Saved: '/home/blanzy/projects/media-foundry/artifacts/mf-020r3/frames/frame-0197.png'
01:38.789  render           | Saved: '/home/blanzy/projects/media-foundry/artifacts/mf-020r3/frames/frame-0198.png'
01:39.270  render           | Saved: '/home/blanzy/projects/media-foundry/artifacts/mf-020r3/frames/frame-0199.png'
01:39.748  render           | Saved: '/home/blanzy/projects/media-foundry/artifacts/mf-020r3/frames/frame-0200.png'
01:40.232  render           | Saved: '/home/blanzy/projects/media-foundry/artifacts/mf-020r3/frames/frame-0201.png'
01:40.713  render           | Saved: '/home/blanzy/projects/media-foundry/artifacts/mf-020r3/frames/frame-0202.png'
01:41.197  render           | Saved: '/home/blanzy/projects/media-foundry/artifacts/mf-020r3/frames/frame-0203.png'
01:41.681  render           | Saved: '/home/blanzy/projects/media-foundry/artifacts/mf-020r3/frames/frame-0204.png'
01:42.173  render           | Saved: '/home/blanzy/projects/media-foundry/artifacts/mf-020r3/frames/frame-0205.png'
01:42.672  render           | Saved: '/home/blanzy/projects/media-foundry/artifacts/mf-020r3/frames/frame-0206.png'
01:43.169  render           | Saved: '/home/blanzy/projects/media-foundry/artifacts/mf-020r3/frames/frame-0207.png'
01:43.657  render           | Saved: '/home/blanzy/projects/media-foundry/artifacts/mf-020r3/frames/frame-0208.png'
01:44.146  render           | Saved: '/home/blanzy/projects/media-foundry/artifacts/mf-020r3/frames/frame-0209.png'
01:44.632  render           | Saved: '/home/blanzy/projects/media-foundry/artifacts/mf-020r3/frames/frame-0210.png'
01:45.126  render           | Saved: '/home/blanzy/projects/media-foundry/artifacts/mf-020r3/frames/frame-0211.png'
01:45.613  render           | Saved: '/home/blanzy/projects/media-foundry/artifacts/mf-020r3/frames/frame-0212.png'
01:46.101  render           | Saved: '/home/blanzy/projects/media-foundry/artifacts/mf-020r3/frames/frame-0213.png'
01:46.595  render           | Saved: '/home/blanzy/projects/media-foundry/artifacts/mf-020r3/frames/frame-0214.png'
01:47.096  render           | Saved: '/home/blanzy/projects/media-foundry/artifacts/mf-020r3/frames/frame-0215.png'
01:47.603  render           | Saved: '/home/blanzy/projects/media-foundry/artifacts/mf-020r3/frames/frame-0216.png'
01:48.097  render           | Saved: '/home/blanzy/projects/media-foundry/artifacts/mf-020r3/frames/frame-0217.png'
01:48.589  render           | Saved: '/home/blanzy/projects/media-foundry/artifacts/mf-020r3/frames/frame-0218.png'
01:49.073  render           | Saved: '/home/blanzy/projects/media-foundry/artifacts/mf-020r3/frames/frame-0219.png'
01:49.562  render           | Saved: '/home/blanzy/projects/media-foundry/artifacts/mf-020r3/frames/frame-0220.png'
01:50.048  render           | Saved: '/home/blanzy/projects/media-foundry/artifacts/mf-020r3/frames/frame-0221.png'
01:50.531  render           | Saved: '/home/blanzy/projects/media-foundry/artifacts/mf-020r3/frames/frame-0222.png'
01:51.013  render           | Saved: '/home/blanzy/projects/media-foundry/artifacts/mf-020r3/frames/frame-0223.png'
01:51.501  render           | Saved: '/home/blanzy/projects/media-foundry/artifacts/mf-020r3/frames/frame-0224.png'
01:51.993  render           | Saved: '/home/blanzy/projects/media-foundry/artifacts/mf-020r3/frames/frame-0225.png'
01:52.483  render           | Saved: '/home/blanzy/projects/media-foundry/artifacts/mf-020r3/frames/frame-0226.png'
01:52.968  render           | Saved: '/home/blanzy/projects/media-foundry/artifacts/mf-020r3/frames/frame-0227.png'
01:53.456  render           | Saved: '/home/blanzy/projects/media-foundry/artifacts/mf-020r3/frames/frame-0228.png'
01:53.951  render           | Saved: '/home/blanzy/projects/media-foundry/artifacts/mf-020r3/frames/frame-0229.png'
01:54.443  render           | Saved: '/home/blanzy/projects/media-foundry/artifacts/mf-020r3/frames/frame-0230.png'
01:54.934  render           | Saved: '/home/blanzy/projects/media-foundry/artifacts/mf-020r3/frames/frame-0231.png'
01:55.430  render           | Saved: '/home/blanzy/projects/media-foundry/artifacts/mf-020r3/frames/frame-0232.png'
01:55.925  render           | Saved: '/home/blanzy/projects/media-foundry/artifacts/mf-020r3/frames/frame-0233.png'
01:56.412  render           | Saved: '/home/blanzy/projects/media-foundry/artifacts/mf-020r3/frames/frame-0234.png'
01:56.913  render           | Saved: '/home/blanzy/projects/media-foundry/artifacts/mf-020r3/frames/frame-0235.png'
01:57.419  render           | Saved: '/home/blanzy/projects/media-foundry/artifacts/mf-020r3/frames/frame-0236.png'
01:57.945  render           | Saved: '/home/blanzy/projects/media-foundry/artifacts/mf-020r3/frames/frame-0237.png'
01:58.480  render           | Saved: '/home/blanzy/projects/media-foundry/artifacts/mf-020r3/frames/frame-0238.png'
01:59.033  render           | Saved: '/home/blanzy/projects/media-foundry/artifacts/mf-020r3/frames/frame-0239.png'
01:59.606  render           | Saved: '/home/blanzy/projects/media-foundry/artifacts/mf-020r3/frames/frame-0240.png'
02:00.169  render           | Saved: '/home/blanzy/projects/media-foundry/artifacts/mf-020r3/frames/frame-0241.png'
02:00.735  render           | Saved: '/home/blanzy/projects/media-foundry/artifacts/mf-020r3/frames/frame-0242.png'
02:01.293  render           | Saved: '/home/blanzy/projects/media-foundry/artifacts/mf-020r3/frames/frame-0243.png'
02:01.854  render           | Saved: '/home/blanzy/projects/media-foundry/artifacts/mf-020r3/frames/frame-0244.png'
02:02.421  render           | Saved: '/home/blanzy/projects/media-foundry/artifacts/mf-020r3/frames/frame-0245.png'
02:02.999  render           | Saved: '/home/blanzy/projects/media-foundry/artifacts/mf-020r3/frames/frame-0246.png'
02:03.558  render           | Saved: '/home/blanzy/projects/media-foundry/artifacts/mf-020r3/frames/frame-0247.png'
02:04.121  render           | Saved: '/home/blanzy/projects/media-foundry/artifacts/mf-020r3/frames/frame-0248.png'
02:04.677  render           | Saved: '/home/blanzy/projects/media-foundry/artifacts/mf-020r3/frames/frame-0249.png'
02:05.237  render           | Saved: '/home/blanzy/projects/media-foundry/artifacts/mf-020r3/frames/frame-0250.png'
02:05.794  render           | Saved: '/home/blanzy/projects/media-foundry/artifacts/mf-020r3/frames/frame-0251.png'
02:06.347  render           | Saved: '/home/blanzy/projects/media-foundry/artifacts/mf-020r3/frames/frame-0252.png'
02:06.902  render           | Saved: '/home/blanzy/projects/media-foundry/artifacts/mf-020r3/frames/frame-0253.png'
02:07.465  render           | Saved: '/home/blanzy/projects/media-foundry/artifacts/mf-020r3/frames/frame-0254.png'
02:08.045  render           | Saved: '/home/blanzy/projects/media-foundry/artifacts/mf-020r3/frames/frame-0255.png'
02:08.610  render           | Saved: '/home/blanzy/projects/media-foundry/artifacts/mf-020r3/frames/frame-0256.png'
02:09.168  render           | Saved: '/home/blanzy/projects/media-foundry/artifacts/mf-020r3/frames/frame-0257.png'
02:09.746  render           | Saved: '/home/blanzy/projects/media-foundry/artifacts/mf-020r3/frames/frame-0258.png'
02:10.322  render           | Saved: '/home/blanzy/projects/media-foundry/artifacts/mf-020r3/frames/frame-0259.png'
02:10.886  render           | Saved: '/home/blanzy/projects/media-foundry/artifacts/mf-020r3/frames/frame-0260.png'
02:11.453  render           | Saved: '/home/blanzy/projects/media-foundry/artifacts/mf-020r3/frames/frame-0261.png'
02:12.005  render           | Saved: '/home/blanzy/projects/media-foundry/artifacts/mf-020r3/frames/frame-0262.png'
02:12.553  render           | Saved: '/home/blanzy/projects/media-foundry/artifacts/mf-020r3/frames/frame-0263.png'
02:13.106  render           | Saved: '/home/blanzy/projects/media-foundry/artifacts/mf-020r3/frames/frame-0264.png'
02:13.658  render           | Saved: '/home/blanzy/projects/media-foundry/artifacts/mf-020r3/frames/frame-0265.png'
02:14.217  render           | Saved: '/home/blanzy/projects/media-foundry/artifacts/mf-020r3/frames/frame-0266.png'
02:14.782  render           | Saved: '/home/blanzy/projects/media-foundry/artifacts/mf-020r3/frames/frame-0267.png'
02:15.334  render           | Saved: '/home/blanzy/projects/media-foundry/artifacts/mf-020r3/frames/frame-0268.png'
02:15.886  render           | Saved: '/home/blanzy/projects/media-foundry/artifacts/mf-020r3/frames/frame-0269.png'
02:16.449  render           | Saved: '/home/blanzy/projects/media-foundry/artifacts/mf-020r3/frames/frame-0270.png'
02:17.019  render           | Saved: '/home/blanzy/projects/media-foundry/artifacts/mf-020r3/frames/frame-0271.png'
02:17.575  render           | Saved: '/home/blanzy/projects/media-foundry/artifacts/mf-020r3/frames/frame-0272.png'
02:18.131  render           | Saved: '/home/blanzy/projects/media-foundry/artifacts/mf-020r3/frames/frame-0273.png'
02:18.690  render           | Saved: '/home/blanzy/projects/media-foundry/artifacts/mf-020r3/frames/frame-0274.png'
02:19.260  render           | Saved: '/home/blanzy/projects/media-foundry/artifacts/mf-020r3/frames/frame-0275.png'
02:19.844  render           | Saved: '/home/blanzy/projects/media-foundry/artifacts/mf-020r3/frames/frame-0276.png'
02:20.426  render           | Saved: '/home/blanzy/projects/media-foundry/artifacts/mf-020r3/frames/frame-0277.png'
02:20.992  render           | Saved: '/home/blanzy/projects/media-foundry/artifacts/mf-020r3/frames/frame-0278.png'
02:21.564  render           | Saved: '/home/blanzy/projects/media-foundry/artifacts/mf-020r3/frames/frame-0279.png'
02:22.144  render           | Saved: '/home/blanzy/projects/media-foundry/artifacts/mf-020r3/frames/frame-0280.png'
02:22.721  render           | Saved: '/home/blanzy/projects/media-foundry/artifacts/mf-020r3/frames/frame-0281.png'
02:23.285  render           | Saved: '/home/blanzy/projects/media-foundry/artifacts/mf-020r3/frames/frame-0282.png'
02:23.840  render           | Saved: '/home/blanzy/projects/media-foundry/artifacts/mf-020r3/frames/frame-0283.png'
02:24.398  render           | Saved: '/home/blanzy/projects/media-foundry/artifacts/mf-020r3/frames/frame-0284.png'
02:24.960  render           | Saved: '/home/blanzy/projects/media-foundry/artifacts/mf-020r3/frames/frame-0285.png'
02:25.521  render           | Saved: '/home/blanzy/projects/media-foundry/artifacts/mf-020r3/frames/frame-0286.png'
02:26.088  render           | Saved: '/home/blanzy/projects/media-foundry/artifacts/mf-020r3/frames/frame-0287.png'
02:26.653  render           | Saved: '/home/blanzy/projects/media-foundry/artifacts/mf-020r3/frames/frame-0288.png'
02:27.209  render           | Saved: '/home/blanzy/projects/media-foundry/artifacts/mf-020r3/frames/frame-0289.png'
02:27.775  render           | Saved: '/home/blanzy/projects/media-foundry/artifacts/mf-020r3/frames/frame-0290.png'
02:28.328  render           | Saved: '/home/blanzy/projects/media-foundry/artifacts/mf-020r3/frames/frame-0291.png'
02:28.896  render           | Saved: '/home/blanzy/projects/media-foundry/artifacts/mf-020r3/frames/frame-0292.png'
02:29.462  render           | Saved: '/home/blanzy/projects/media-foundry/artifacts/mf-020r3/frames/frame-0293.png'
02:30.048  render           | Saved: '/home/blanzy/projects/media-foundry/artifacts/mf-020r3/frames/frame-0294.png'
02:30.599  render           | Saved: '/home/blanzy/projects/media-foundry/artifacts/mf-020r3/frames/frame-0295.png'
02:31.157  render           | Saved: '/home/blanzy/projects/media-foundry/artifacts/mf-020r3/frames/frame-0296.png'
02:31.718  render           | Saved: '/home/blanzy/projects/media-foundry/artifacts/mf-020r3/frames/frame-0297.png'
02:32.275  render           | Saved: '/home/blanzy/projects/media-foundry/artifacts/mf-020r3/frames/frame-0298.png'
02:32.851  render           | Saved: '/home/blanzy/projects/media-foundry/artifacts/mf-020r3/frames/frame-0299.png'
02:33.426  render           | Saved: '/home/blanzy/projects/media-foundry/artifacts/mf-020r3/frames/frame-0300.png'
02:33.986  render           | Saved: '/home/blanzy/projects/media-foundry/artifacts/mf-020r3/frames/frame-0301.png'
02:34.549  render           | Saved: '/home/blanzy/projects/media-foundry/artifacts/mf-020r3/frames/frame-0302.png'
02:35.102  render           | Saved: '/home/blanzy/projects/media-foundry/artifacts/mf-020r3/frames/frame-0303.png'
02:35.660  render           | Saved: '/home/blanzy/projects/media-foundry/artifacts/mf-020r3/frames/frame-0304.png'
02:36.226  render           | Saved: '/home/blanzy/projects/media-foundry/artifacts/mf-020r3/frames/frame-0305.png'
02:36.789  render           | Saved: '/home/blanzy/projects/media-foundry/artifacts/mf-020r3/frames/frame-0306.png'
02:37.339  render           | Saved: '/home/blanzy/projects/media-foundry/artifacts/mf-020r3/frames/frame-0307.png'
02:37.898  render           | Saved: '/home/blanzy/projects/media-foundry/artifacts/mf-020r3/frames/frame-0308.png'
02:38.465  render           | Saved: '/home/blanzy/projects/media-foundry/artifacts/mf-020r3/frames/frame-0309.png'
02:39.025  render           | Saved: '/home/blanzy/projects/media-foundry/artifacts/mf-020r3/frames/frame-0310.png'
02:39.589  render           | Saved: '/home/blanzy/projects/media-foundry/artifacts/mf-020r3/frames/frame-0311.png'
02:40.167  render           | Saved: '/home/blanzy/projects/media-foundry/artifacts/mf-020r3/frames/frame-0312.png'
02:40.732  render           | Saved: '/home/blanzy/projects/media-foundry/artifacts/mf-020r3/frames/frame-0313.png'
02:41.288  render           | Saved: '/home/blanzy/projects/media-foundry/artifacts/mf-020r3/frames/frame-0314.png'
02:41.856  render           | Saved: '/home/blanzy/projects/media-foundry/artifacts/mf-020r3/frames/frame-0315.png'
02:42.419  render           | Saved: '/home/blanzy/projects/media-foundry/artifacts/mf-020r3/frames/frame-0316.png'
02:42.977  render           | Saved: '/home/blanzy/projects/media-foundry/artifacts/mf-020r3/frames/frame-0317.png'
02:43.542  render           | Saved: '/home/blanzy/projects/media-foundry/artifacts/mf-020r3/frames/frame-0318.png'
02:44.106  render           | Saved: '/home/blanzy/projects/media-foundry/artifacts/mf-020r3/frames/frame-0319.png'
02:44.667  render           | Saved: '/home/blanzy/projects/media-foundry/artifacts/mf-020r3/frames/frame-0320.png'
02:45.237  render           | Saved: '/home/blanzy/projects/media-foundry/artifacts/mf-020r3/frames/frame-0321.png'
02:45.813  render           | Saved: '/home/blanzy/projects/media-foundry/artifacts/mf-020r3/frames/frame-0322.png'
02:46.374  render           | Saved: '/home/blanzy/projects/media-foundry/artifacts/mf-020r3/frames/frame-0323.png'
02:46.929  render           | Saved: '/home/blanzy/projects/media-foundry/artifacts/mf-020r3/frames/frame-0324.png'
02:47.486  render           | Saved: '/home/blanzy/projects/media-foundry/artifacts/mf-020r3/frames/frame-0325.png'
02:48.041  render           | Saved: '/home/blanzy/projects/media-foundry/artifacts/mf-020r3/frames/frame-0326.png'
02:48.611  render           | Saved: '/home/blanzy/projects/media-foundry/artifacts/mf-020r3/frames/frame-0327.png'
02:49.165  render           | Saved: '/home/blanzy/projects/media-foundry/artifacts/mf-020r3/frames/frame-0328.png'
02:49.739  render           | Saved: '/home/blanzy/projects/media-foundry/artifacts/mf-020r3/frames/frame-0329.png'
02:50.303  render           | Saved: '/home/blanzy/projects/media-foundry/artifacts/mf-020r3/frames/frame-0330.png'
02:50.890  render           | Saved: '/home/blanzy/projects/media-foundry/artifacts/mf-020r3/frames/frame-0331.png'
02:51.452  render           | Saved: '/home/blanzy/projects/media-foundry/artifacts/mf-020r3/frames/frame-0332.png'
02:52.017  render           | Saved: '/home/blanzy/projects/media-foundry/artifacts/mf-020r3/frames/frame-0333.png'
02:52.587  render           | Saved: '/home/blanzy/projects/media-foundry/artifacts/mf-020r3/frames/frame-0334.png'
02:53.148  render           | Saved: '/home/blanzy/projects/media-foundry/artifacts/mf-020r3/frames/frame-0335.png'
02:53.714  render           | Saved: '/home/blanzy/projects/media-foundry/artifacts/mf-020r3/frames/frame-0336.png'
02:54.315  render           | Saved: '/home/blanzy/projects/media-foundry/artifacts/mf-020r3/frames/frame-0337.png'
02:54.891  render           | Saved: '/home/blanzy/projects/media-foundry/artifacts/mf-020r3/frames/frame-0338.png'
02:55.458  render           | Saved: '/home/blanzy/projects/media-foundry/artifacts/mf-020r3/frames/frame-0339.png'
02:56.042  render           | Saved: '/home/blanzy/projects/media-foundry/artifacts/mf-020r3/frames/frame-0340.png'
02:56.640  render           | Saved: '/home/blanzy/projects/media-foundry/artifacts/mf-020r3/frames/frame-0341.png'
02:57.234  render           | Saved: '/home/blanzy/projects/media-foundry/artifacts/mf-020r3/frames/frame-0342.png'
02:57.823  render           | Saved: '/home/blanzy/projects/media-foundry/artifacts/mf-020r3/frames/frame-0343.png'
02:58.411  render           | Saved: '/home/blanzy/projects/media-foundry/artifacts/mf-020r3/frames/frame-0344.png'
02:58.995  render           | Saved: '/home/blanzy/projects/media-foundry/artifacts/mf-020r3/frames/frame-0345.png'
02:59.578  render           | Saved: '/home/blanzy/projects/media-foundry/artifacts/mf-020r3/frames/frame-0346.png'
03:00.143  render           | Saved: '/home/blanzy/projects/media-foundry/artifacts/mf-020r3/frames/frame-0347.png'
03:00.720  render           | Saved: '/home/blanzy/projects/media-foundry/artifacts/mf-020r3/frames/frame-0348.png'
03:01.289  render           | Saved: '/home/blanzy/projects/media-foundry/artifacts/mf-020r3/frames/frame-0349.png'
03:01.863  render           | Saved: '/home/blanzy/projects/media-foundry/artifacts/mf-020r3/frames/frame-0350.png'
03:02.434  render           | Saved: '/home/blanzy/projects/media-foundry/artifacts/mf-020r3/frames/frame-0351.png'
03:03.009  render           | Saved: '/home/blanzy/projects/media-foundry/artifacts/mf-020r3/frames/frame-0352.png'
03:03.590  render           | Saved: '/home/blanzy/projects/media-foundry/artifacts/mf-020r3/frames/frame-0353.png'
03:04.183  render           | Saved: '/home/blanzy/projects/media-foundry/artifacts/mf-020r3/frames/frame-0354.png'
03:04.760  render           | Saved: '/home/blanzy/projects/media-foundry/artifacts/mf-020r3/frames/frame-0355.png'
03:05.346  render           | Saved: '/home/blanzy/projects/media-foundry/artifacts/mf-020r3/frames/frame-0356.png'
03:05.943  render           | Saved: '/home/blanzy/projects/media-foundry/artifacts/mf-020r3/frames/frame-0357.png'
03:06.551  render           | Saved: '/home/blanzy/projects/media-foundry/artifacts/mf-020r3/frames/frame-0358.png'
03:07.144  render           | Saved: '/home/blanzy/projects/media-foundry/artifacts/mf-020r3/frames/frame-0359.png'
03:07.743  render           | Saved: '/home/blanzy/projects/media-foundry/artifacts/mf-020r3/frames/frame-0360.png'
03:08.338  render           | Saved: '/home/blanzy/projects/media-foundry/artifacts/mf-020r3/frames/frame-0361.png'
03:08.925  render           | Saved: '/home/blanzy/projects/media-foundry/artifacts/mf-020r3/frames/frame-0362.png'
03:09.521  render           | Saved: '/home/blanzy/projects/media-foundry/artifacts/mf-020r3/frames/frame-0363.png'
03:10.126  render           | Saved: '/home/blanzy/projects/media-foundry/artifacts/mf-020r3/frames/frame-0364.png'
03:10.726  render           | Saved: '/home/blanzy/projects/media-foundry/artifacts/mf-020r3/frames/frame-0365.png'
03:11.334  render           | Saved: '/home/blanzy/projects/media-foundry/artifacts/mf-020r3/frames/frame-0366.png'
03:11.942  render           | Saved: '/home/blanzy/projects/media-foundry/artifacts/mf-020r3/frames/frame-0367.png'
03:12.534  render           | Saved: '/home/blanzy/projects/media-foundry/artifacts/mf-020r3/frames/frame-0368.png'
03:13.116  render           | Saved: '/home/blanzy/projects/media-foundry/artifacts/mf-020r3/frames/frame-0369.png'
03:13.695  render           | Saved: '/home/blanzy/projects/media-foundry/artifacts/mf-020r3/frames/frame-0370.png'
03:14.283  render           | Saved: '/home/blanzy/projects/media-foundry/artifacts/mf-020r3/frames/frame-0371.png'
03:14.855  render           | Saved: '/home/blanzy/projects/media-foundry/artifacts/mf-020r3/frames/frame-0372.png'
03:15.419  render           | Saved: '/home/blanzy/projects/media-foundry/artifacts/mf-020r3/frames/frame-0373.png'
03:15.984  render           | Saved: '/home/blanzy/projects/media-foundry/artifacts/mf-020r3/frames/frame-0374.png'
03:16.541  render           | Saved: '/home/blanzy/projects/media-foundry/artifacts/mf-020r3/frames/frame-0375.png'
03:17.092  render           | Saved: '/home/blanzy/projects/media-foundry/artifacts/mf-020r3/frames/frame-0376.png'
03:17.646  render           | Saved: '/home/blanzy/projects/media-foundry/artifacts/mf-020r3/frames/frame-0377.png'
03:18.213  render           | Saved: '/home/blanzy/projects/media-foundry/artifacts/mf-020r3/frames/frame-0378.png'
03:18.777  render           | Saved: '/home/blanzy/projects/media-foundry/artifacts/mf-020r3/frames/frame-0379.png'
03:19.333  render           | Saved: '/home/blanzy/projects/media-foundry/artifacts/mf-020r3/frames/frame-0380.png'
03:19.898  render           | Saved: '/home/blanzy/projects/media-foundry/artifacts/mf-020r3/frames/frame-0381.png'
03:20.467  render           | Saved: '/home/blanzy/projects/media-foundry/artifacts/mf-020r3/frames/frame-0382.png'
03:21.024  render           | Saved: '/home/blanzy/projects/media-foundry/artifacts/mf-020r3/frames/frame-0383.png'
03:21.602  render           | Saved: '/home/blanzy/projects/media-foundry/artifacts/mf-020r3/frames/frame-0384.png'
03:22.188  render           | Saved: '/home/blanzy/projects/media-foundry/artifacts/mf-020r3/frames/frame-0385.png'
03:22.767  render           | Saved: '/home/blanzy/projects/media-foundry/artifacts/mf-020r3/frames/frame-0386.png'
03:23.343  render           | Saved: '/home/blanzy/projects/media-foundry/artifacts/mf-020r3/frames/frame-0387.png'
03:23.909  render           | Saved: '/home/blanzy/projects/media-foundry/artifacts/mf-020r3/frames/frame-0388.png'
03:24.478  render           | Saved: '/home/blanzy/projects/media-foundry/artifacts/mf-020r3/frames/frame-0389.png'
03:25.050  render           | Saved: '/home/blanzy/projects/media-foundry/artifacts/mf-020r3/frames/frame-0390.png'
03:25.620  render           | Saved: '/home/blanzy/projects/media-foundry/artifacts/mf-020r3/frames/frame-0391.png'
03:26.186  render           | Saved: '/home/blanzy/projects/media-foundry/artifacts/mf-020r3/frames/frame-0392.png'
03:26.764  render           | Saved: '/home/blanzy/projects/media-foundry/artifacts/mf-020r3/frames/frame-0393.png'
03:27.336  render           | Saved: '/home/blanzy/projects/media-foundry/artifacts/mf-020r3/frames/frame-0394.png'
03:27.907  render           | Saved: '/home/blanzy/projects/media-foundry/artifacts/mf-020r3/frames/frame-0395.png'
03:28.482  render           | Saved: '/home/blanzy/projects/media-foundry/artifacts/mf-020r3/frames/frame-0396.png'
03:29.053  render           | Saved: '/home/blanzy/projects/media-foundry/artifacts/mf-020r3/frames/frame-0397.png'
03:29.629  render           | Saved: '/home/blanzy/projects/media-foundry/artifacts/mf-020r3/frames/frame-0398.png'
03:30.199  render           | Saved: '/home/blanzy/projects/media-foundry/artifacts/mf-020r3/frames/frame-0399.png'
03:30.779  render           | Saved: '/home/blanzy/projects/media-foundry/artifacts/mf-020r3/frames/frame-0400.png'
03:31.363  render           | Saved: '/home/blanzy/projects/media-foundry/artifacts/mf-020r3/frames/frame-0401.png'
03:31.935  render           | Saved: '/home/blanzy/projects/media-foundry/artifacts/mf-020r3/frames/frame-0402.png'
03:32.519  render           | Saved: '/home/blanzy/projects/media-foundry/artifacts/mf-020r3/frames/frame-0403.png'
03:33.119  render           | Saved: '/home/blanzy/projects/media-foundry/artifacts/mf-020r3/frames/frame-0404.png'
03:33.702  render           | Saved: '/home/blanzy/projects/media-foundry/artifacts/mf-020r3/frames/frame-0405.png'
03:34.279  render           | Saved: '/home/blanzy/projects/media-foundry/artifacts/mf-020r3/frames/frame-0406.png'
03:34.871  render           | Saved: '/home/blanzy/projects/media-foundry/artifacts/mf-020r3/frames/frame-0407.png'
03:35.463  render           | Saved: '/home/blanzy/projects/media-foundry/artifacts/mf-020r3/frames/frame-0408.png'
03:36.051  render           | Saved: '/home/blanzy/projects/media-foundry/artifacts/mf-020r3/frames/frame-0409.png'
03:36.631  render           | Saved: '/home/blanzy/projects/media-foundry/artifacts/mf-020r3/frames/frame-0410.png'
03:37.202  render           | Saved: '/home/blanzy/projects/media-foundry/artifacts/mf-020r3/frames/frame-0411.png'
03:37.786  render           | Saved: '/home/blanzy/projects/media-foundry/artifacts/mf-020r3/frames/frame-0412.png'
03:38.371  render           | Saved: '/home/blanzy/projects/media-foundry/artifacts/mf-020r3/frames/frame-0413.png'
03:38.946  render           | Saved: '/home/blanzy/projects/media-foundry/artifacts/mf-020r3/frames/frame-0414.png'
03:39.523  render           | Saved: '/home/blanzy/projects/media-foundry/artifacts/mf-020r3/frames/frame-0415.png'
03:40.098  render           | Saved: '/home/blanzy/projects/media-foundry/artifacts/mf-020r3/frames/frame-0416.png'
03:40.683  render           | Saved: '/home/blanzy/projects/media-foundry/artifacts/mf-020r3/frames/frame-0417.png'
03:41.261  render           | Saved: '/home/blanzy/projects/media-foundry/artifacts/mf-020r3/frames/frame-0418.png'
03:41.839  render           | Saved: '/home/blanzy/projects/media-foundry/artifacts/mf-020r3/frames/frame-0419.png'
03:42.414  render           | Saved: '/home/blanzy/projects/media-foundry/artifacts/mf-020r3/frames/frame-0420.png'
03:42.988  render           | Saved: '/home/blanzy/projects/media-foundry/artifacts/mf-020r3/frames/frame-0421.png'
03:43.566  render           | Saved: '/home/blanzy/projects/media-foundry/artifacts/mf-020r3/frames/frame-0422.png'
03:44.148  render           | Saved: '/home/blanzy/projects/media-foundry/artifacts/mf-020r3/frames/frame-0423.png'
03:44.733  render           | Saved: '/home/blanzy/projects/media-foundry/artifacts/mf-020r3/frames/frame-0424.png'
03:45.314  render           | Saved: '/home/blanzy/projects/media-foundry/artifacts/mf-020r3/frames/frame-0425.png'
03:45.899  render           | Saved: '/home/blanzy/projects/media-foundry/artifacts/mf-020r3/frames/frame-0426.png'
03:46.489  render           | Saved: '/home/blanzy/projects/media-foundry/artifacts/mf-020r3/frames/frame-0427.png'
03:47.071  render           | Saved: '/home/blanzy/projects/media-foundry/artifacts/mf-020r3/frames/frame-0428.png'
03:47.661  render           | Saved: '/home/blanzy/projects/media-foundry/artifacts/mf-020r3/frames/frame-0429.png'
03:48.255  render           | Saved: '/home/blanzy/projects/media-foundry/artifacts/mf-020r3/frames/frame-0430.png'
03:48.840  render           | Saved: '/home/blanzy/projects/media-foundry/artifacts/mf-020r3/frames/frame-0431.png'
03:49.421  render           | Saved: '/home/blanzy/projects/media-foundry/artifacts/mf-020r3/frames/frame-0432.png'
03:50.005  render           | Saved: '/home/blanzy/projects/media-foundry/artifacts/mf-020r3/frames/frame-0433.png'
03:50.576  render           | Saved: '/home/blanzy/projects/media-foundry/artifacts/mf-020r3/frames/frame-0434.png'
03:51.143  render           | Saved: '/home/blanzy/projects/media-foundry/artifacts/mf-020r3/frames/frame-0435.png'
03:51.742  render           | Saved: '/home/blanzy/projects/media-foundry/artifacts/mf-020r3/frames/frame-0436.png'
03:52.333  render           | Saved: '/home/blanzy/projects/media-foundry/artifacts/mf-020r3/frames/frame-0437.png'
03:52.908  render           | Saved: '/home/blanzy/projects/media-foundry/artifacts/mf-020r3/frames/frame-0438.png'
03:53.490  render           | Saved: '/home/blanzy/projects/media-foundry/artifacts/mf-020r3/frames/frame-0439.png'
03:54.078  render           | Saved: '/home/blanzy/projects/media-foundry/artifacts/mf-020r3/frames/frame-0440.png'
03:54.645  render           | Saved: '/home/blanzy/projects/media-foundry/artifacts/mf-020r3/frames/frame-0441.png'
03:55.208  render           | Saved: '/home/blanzy/projects/media-foundry/artifacts/mf-020r3/frames/frame-0442.png'
03:55.776  render           | Saved: '/home/blanzy/projects/media-foundry/artifacts/mf-020r3/frames/frame-0443.png'
03:56.352  render           | Saved: '/home/blanzy/projects/media-foundry/artifacts/mf-020r3/frames/frame-0444.png'
03:56.923  render           | Saved: '/home/blanzy/projects/media-foundry/artifacts/mf-020r3/frames/frame-0445.png'
03:57.492  render           | Saved: '/home/blanzy/projects/media-foundry/artifacts/mf-020r3/frames/frame-0446.png'
03:58.061  render           | Saved: '/home/blanzy/projects/media-foundry/artifacts/mf-020r3/frames/frame-0447.png'
03:58.633  render           | Saved: '/home/blanzy/projects/media-foundry/artifacts/mf-020r3/frames/frame-0448.png'
03:59.204  render           | Saved: '/home/blanzy/projects/media-foundry/artifacts/mf-020r3/frames/frame-0449.png'
03:59.775  render           | Saved: '/home/blanzy/projects/media-foundry/artifacts/mf-020r3/frames/frame-0450.png'
04:00.359  render           | Saved: '/home/blanzy/projects/media-foundry/artifacts/mf-020r3/frames/frame-0451.png'
04:00.957  render           | Saved: '/home/blanzy/projects/media-foundry/artifacts/mf-020r3/frames/frame-0452.png'
04:01.544  render           | Saved: '/home/blanzy/projects/media-foundry/artifacts/mf-020r3/frames/frame-0453.png'
04:02.106  render           | Saved: '/home/blanzy/projects/media-foundry/artifacts/mf-020r3/frames/frame-0454.png'
04:02.678  render           | Saved: '/home/blanzy/projects/media-foundry/artifacts/mf-020r3/frames/frame-0455.png'
04:03.235  render           | Saved: '/home/blanzy/projects/media-foundry/artifacts/mf-020r3/frames/frame-0456.png'
04:03.792  render           | Saved: '/home/blanzy/projects/media-foundry/artifacts/mf-020r3/frames/frame-0457.png'
04:04.344  render           | Saved: '/home/blanzy/projects/media-foundry/artifacts/mf-020r3/frames/frame-0458.png'
04:04.925  render           | Saved: '/home/blanzy/projects/media-foundry/artifacts/mf-020r3/frames/frame-0459.png'
04:05.492  render           | Saved: '/home/blanzy/projects/media-foundry/artifacts/mf-020r3/frames/frame-0460.png'
04:06.064  render           | Saved: '/home/blanzy/projects/media-foundry/artifacts/mf-020r3/frames/frame-0461.png'
04:06.639  render           | Saved: '/home/blanzy/projects/media-foundry/artifacts/mf-020r3/frames/frame-0462.png'
04:07.208  render           | Saved: '/home/blanzy/projects/media-foundry/artifacts/mf-020r3/frames/frame-0463.png'
04:07.778  render           | Saved: '/home/blanzy/projects/media-foundry/artifacts/mf-020r3/frames/frame-0464.png'
04:08.367  render           | Saved: '/home/blanzy/projects/media-foundry/artifacts/mf-020r3/frames/frame-0465.png'
04:08.946  render           | Saved: '/home/blanzy/projects/media-foundry/artifacts/mf-020r3/frames/frame-0466.png'
04:09.532  render           | Saved: '/home/blanzy/projects/media-foundry/artifacts/mf-020r3/frames/frame-0467.png'
04:10.107  render           | Saved: '/home/blanzy/projects/media-foundry/artifacts/mf-020r3/frames/frame-0468.png'
04:10.686  render           | Saved: '/home/blanzy/projects/media-foundry/artifacts/mf-020r3/frames/frame-0469.png'
04:11.244  render           | Saved: '/home/blanzy/projects/media-foundry/artifacts/mf-020r3/frames/frame-0470.png'
04:11.815  render           | Saved: '/home/blanzy/projects/media-foundry/artifacts/mf-020r3/frames/frame-0471.png'
04:12.398  render           | Saved: '/home/blanzy/projects/media-foundry/artifacts/mf-020r3/frames/frame-0472.png'
04:12.992  render           | Saved: '/home/blanzy/projects/media-foundry/artifacts/mf-020r3/frames/frame-0473.png'
04:13.575  render           | Saved: '/home/blanzy/projects/media-foundry/artifacts/mf-020r3/frames/frame-0474.png'
04:14.148  render           | Saved: '/home/blanzy/projects/media-foundry/artifacts/mf-020r3/frames/frame-0475.png'
04:14.707  render           | Saved: '/home/blanzy/projects/media-foundry/artifacts/mf-020r3/frames/frame-0476.png'
04:15.265  render           | Saved: '/home/blanzy/projects/media-foundry/artifacts/mf-020r3/frames/frame-0477.png'
04:15.829  render           | Saved: '/home/blanzy/projects/media-foundry/artifacts/mf-020r3/frames/frame-0478.png'
04:16.401  render           | Saved: '/home/blanzy/projects/media-foundry/artifacts/mf-020r3/frames/frame-0479.png'
04:16.966  render           | Saved: '/home/blanzy/projects/media-foundry/artifacts/mf-020r3/frames/frame-0480.png'
04:17.532  render           | Saved: '/home/blanzy/projects/media-foundry/artifacts/mf-020r3/frames/frame-0481.png'
04:18.097  render           | Saved: '/home/blanzy/projects/media-foundry/artifacts/mf-020r3/frames/frame-0482.png'
04:18.665  render           | Saved: '/home/blanzy/projects/media-foundry/artifacts/mf-020r3/frames/frame-0483.png'
04:19.232  render           | Saved: '/home/blanzy/projects/media-foundry/artifacts/mf-020r3/frames/frame-0484.png'
04:19.800  render           | Saved: '/home/blanzy/projects/media-foundry/artifacts/mf-020r3/frames/frame-0485.png'
04:20.360  render           | Saved: '/home/blanzy/projects/media-foundry/artifacts/mf-020r3/frames/frame-0486.png'
04:20.922  render           | Saved: '/home/blanzy/projects/media-foundry/artifacts/mf-020r3/frames/frame-0487.png'
04:21.480  render           | Saved: '/home/blanzy/projects/media-foundry/artifacts/mf-020r3/frames/frame-0488.png'
04:22.049  render           | Saved: '/home/blanzy/projects/media-foundry/artifacts/mf-020r3/frames/frame-0489.png'
04:22.614  render           | Saved: '/home/blanzy/projects/media-foundry/artifacts/mf-020r3/frames/frame-0490.png'
04:23.173  render           | Saved: '/home/blanzy/projects/media-foundry/artifacts/mf-020r3/frames/frame-0491.png'
04:23.743  render           | Saved: '/home/blanzy/projects/media-foundry/artifacts/mf-020r3/frames/frame-0492.png'
04:24.310  render           | Saved: '/home/blanzy/projects/media-foundry/artifacts/mf-020r3/frames/frame-0493.png'
04:24.889  render           | Saved: '/home/blanzy/projects/media-foundry/artifacts/mf-020r3/frames/frame-0494.png'
04:25.463  render           | Saved: '/home/blanzy/projects/media-foundry/artifacts/mf-020r3/frames/frame-0495.png'
04:26.047  render           | Saved: '/home/blanzy/projects/media-foundry/artifacts/mf-020r3/frames/frame-0496.png'
04:26.608  render           | Saved: '/home/blanzy/projects/media-foundry/artifacts/mf-020r3/frames/frame-0497.png'
04:27.170  render           | Saved: '/home/blanzy/projects/media-foundry/artifacts/mf-020r3/frames/frame-0498.png'
04:27.733  render           | Saved: '/home/blanzy/projects/media-foundry/artifacts/mf-020r3/frames/frame-0499.png'
04:28.296  render           | Saved: '/home/blanzy/projects/media-foundry/artifacts/mf-020r3/frames/frame-0500.png'
04:28.857  render           | Saved: '/home/blanzy/projects/media-foundry/artifacts/mf-020r3/frames/frame-0501.png'
04:29.424  render           | Saved: '/home/blanzy/projects/media-foundry/artifacts/mf-020r3/frames/frame-0502.png'
04:29.993  render           | Saved: '/home/blanzy/projects/media-foundry/artifacts/mf-020r3/frames/frame-0503.png'
04:30.557  render           | Saved: '/home/blanzy/projects/media-foundry/artifacts/mf-020r3/frames/frame-0504.png'
04:31.128  render           | Saved: '/home/blanzy/projects/media-foundry/artifacts/mf-020r3/frames/frame-0505.png'
04:31.693  render           | Saved: '/home/blanzy/projects/media-foundry/artifacts/mf-020r3/frames/frame-0506.png'
04:32.264  render           | Saved: '/home/blanzy/projects/media-foundry/artifacts/mf-020r3/frames/frame-0507.png'
04:32.832  render           | Saved: '/home/blanzy/projects/media-foundry/artifacts/mf-020r3/frames/frame-0508.png'
04:33.394  render           | Saved: '/home/blanzy/projects/media-foundry/artifacts/mf-020r3/frames/frame-0509.png'
04:33.955  render           | Saved: '/home/blanzy/projects/media-foundry/artifacts/mf-020r3/frames/frame-0510.png'
04:34.528  render           | Saved: '/home/blanzy/projects/media-foundry/artifacts/mf-020r3/frames/frame-0511.png'
04:35.098  render           | Saved: '/home/blanzy/projects/media-foundry/artifacts/mf-020r3/frames/frame-0512.png'
04:35.660  render           | Saved: '/home/blanzy/projects/media-foundry/artifacts/mf-020r3/frames/frame-0513.png'
04:36.229  render           | Saved: '/home/blanzy/projects/media-foundry/artifacts/mf-020r3/frames/frame-0514.png'
04:36.805  render           | Saved: '/home/blanzy/projects/media-foundry/artifacts/mf-020r3/frames/frame-0515.png'
04:37.386  render           | Saved: '/home/blanzy/projects/media-foundry/artifacts/mf-020r3/frames/frame-0516.png'
04:37.969  render           | Saved: '/home/blanzy/projects/media-foundry/artifacts/mf-020r3/frames/frame-0517.png'
04:38.552  render           | Saved: '/home/blanzy/projects/media-foundry/artifacts/mf-020r3/frames/frame-0518.png'
04:39.120  render           | Saved: '/home/blanzy/projects/media-foundry/artifacts/mf-020r3/frames/frame-0519.png'
04:39.687  render           | Saved: '/home/blanzy/projects/media-foundry/artifacts/mf-020r3/frames/frame-0520.png'
04:40.261  render           | Saved: '/home/blanzy/projects/media-foundry/artifacts/mf-020r3/frames/frame-0521.png'
04:40.836  render           | Saved: '/home/blanzy/projects/media-foundry/artifacts/mf-020r3/frames/frame-0522.png'
04:41.408  render           | Saved: '/home/blanzy/projects/media-foundry/artifacts/mf-020r3/frames/frame-0523.png'
04:41.980  render           | Saved: '/home/blanzy/projects/media-foundry/artifacts/mf-020r3/frames/frame-0524.png'
04:42.553  render           | Saved: '/home/blanzy/projects/media-foundry/artifacts/mf-020r3/frames/frame-0525.png'
04:43.132  render           | Saved: '/home/blanzy/projects/media-foundry/artifacts/mf-020r3/frames/frame-0526.png'
04:43.715  render           | Saved: '/home/blanzy/projects/media-foundry/artifacts/mf-020r3/frames/frame-0527.png'
04:44.280  render           | Saved: '/home/blanzy/projects/media-foundry/artifacts/mf-020r3/frames/frame-0528.png'
04:44.846  render           | Saved: '/home/blanzy/projects/media-foundry/artifacts/mf-020r3/frames/frame-0529.png'
04:45.413  render           | Saved: '/home/blanzy/projects/media-foundry/artifacts/mf-020r3/frames/frame-0530.png'
04:45.979  render           | Saved: '/home/blanzy/projects/media-foundry/artifacts/mf-020r3/frames/frame-0531.png'
04:46.551  render           | Saved: '/home/blanzy/projects/media-foundry/artifacts/mf-020r3/frames/frame-0532.png'
04:47.117  render           | Saved: '/home/blanzy/projects/media-foundry/artifacts/mf-020r3/frames/frame-0533.png'
04:47.685  render           | Saved: '/home/blanzy/projects/media-foundry/artifacts/mf-020r3/frames/frame-0534.png'
04:48.246  render           | Saved: '/home/blanzy/projects/media-foundry/artifacts/mf-020r3/frames/frame-0535.png'
04:48.811  render           | Saved: '/home/blanzy/projects/media-foundry/artifacts/mf-020r3/frames/frame-0536.png'
04:49.375  render           | Saved: '/home/blanzy/projects/media-foundry/artifacts/mf-020r3/frames/frame-0537.png'
04:49.954  render           | Saved: '/home/blanzy/projects/media-foundry/artifacts/mf-020r3/frames/frame-0538.png'
04:50.530  render           | Saved: '/home/blanzy/projects/media-foundry/artifacts/mf-020r3/frames/frame-0539.png'
04:51.104  render           | Saved: '/home/blanzy/projects/media-foundry/artifacts/mf-020r3/frames/frame-0540.png'
04:51.668  render           | Saved: '/home/blanzy/projects/media-foundry/artifacts/mf-020r3/frames/frame-0541.png'
04:52.234  render           | Saved: '/home/blanzy/projects/media-foundry/artifacts/mf-020r3/frames/frame-0542.png'
04:52.802  render           | Saved: '/home/blanzy/projects/media-foundry/artifacts/mf-020r3/frames/frame-0543.png'
04:53.363  render           | Saved: '/home/blanzy/projects/media-foundry/artifacts/mf-020r3/frames/frame-0544.png'
04:53.929  render           | Saved: '/home/blanzy/projects/media-foundry/artifacts/mf-020r3/frames/frame-0545.png'
04:54.491  render           | Saved: '/home/blanzy/projects/media-foundry/artifacts/mf-020r3/frames/frame-0546.png'
04:55.055  render           | Saved: '/home/blanzy/projects/media-foundry/artifacts/mf-020r3/frames/frame-0547.png'
04:55.628  render           | Saved: '/home/blanzy/projects/media-foundry/artifacts/mf-020r3/frames/frame-0548.png'
04:56.222  render           | Saved: '/home/blanzy/projects/media-foundry/artifacts/mf-020r3/frames/frame-0549.png'
04:56.798  render           | Saved: '/home/blanzy/projects/media-foundry/artifacts/mf-020r3/frames/frame-0550.png'
04:57.377  render           | Saved: '/home/blanzy/projects/media-foundry/artifacts/mf-020r3/frames/frame-0551.png'
04:57.949  render           | Saved: '/home/blanzy/projects/media-foundry/artifacts/mf-020r3/frames/frame-0552.png'
04:58.522  render           | Saved: '/home/blanzy/projects/media-foundry/artifacts/mf-020r3/frames/frame-0553.png'
04:59.096  render           | Saved: '/home/blanzy/projects/media-foundry/artifacts/mf-020r3/frames/frame-0554.png'
04:59.662  render           | Saved: '/home/blanzy/projects/media-foundry/artifacts/mf-020r3/frames/frame-0555.png'
05:00.232  render           | Saved: '/home/blanzy/projects/media-foundry/artifacts/mf-020r3/frames/frame-0556.png'
05:00.799  render           | Saved: '/home/blanzy/projects/media-foundry/artifacts/mf-020r3/frames/frame-0557.png'
05:01.365  render           | Saved: '/home/blanzy/projects/media-foundry/artifacts/mf-020r3/frames/frame-0558.png'
05:01.930  render           | Saved: '/home/blanzy/projects/media-foundry/artifacts/mf-020r3/frames/frame-0559.png'
05:02.512  render           | Saved: '/home/blanzy/projects/media-foundry/artifacts/mf-020r3/frames/frame-0560.png'
05:03.086  render           | Saved: '/home/blanzy/projects/media-foundry/artifacts/mf-020r3/frames/frame-0561.png'
05:03.654  render           | Saved: '/home/blanzy/projects/media-foundry/artifacts/mf-020r3/frames/frame-0562.png'
05:04.216  render           | Saved: '/home/blanzy/projects/media-foundry/artifacts/mf-020r3/frames/frame-0563.png'
05:04.783  render           | Saved: '/home/blanzy/projects/media-foundry/artifacts/mf-020r3/frames/frame-0564.png'
05:05.347  render           | Saved: '/home/blanzy/projects/media-foundry/artifacts/mf-020r3/frames/frame-0565.png'
05:05.919  render           | Saved: '/home/blanzy/projects/media-foundry/artifacts/mf-020r3/frames/frame-0566.png'
05:06.489  render           | Saved: '/home/blanzy/projects/media-foundry/artifacts/mf-020r3/frames/frame-0567.png'
05:07.059  render           | Saved: '/home/blanzy/projects/media-foundry/artifacts/mf-020r3/frames/frame-0568.png'
05:07.621  render           | Saved: '/home/blanzy/projects/media-foundry/artifacts/mf-020r3/frames/frame-0569.png'
05:08.188  render           | Saved: '/home/blanzy/projects/media-foundry/artifacts/mf-020r3/frames/frame-0570.png'
05:08.750  render           | Saved: '/home/blanzy/projects/media-foundry/artifacts/mf-020r3/frames/frame-0571.png'
05:09.311  render           | Saved: '/home/blanzy/projects/media-foundry/artifacts/mf-020r3/frames/frame-0572.png'
05:09.872  render           | Saved: '/home/blanzy/projects/media-foundry/artifacts/mf-020r3/frames/frame-0573.png'
05:10.436  render           | Saved: '/home/blanzy/projects/media-foundry/artifacts/mf-020r3/frames/frame-0574.png'
05:10.999  render           | Saved: '/home/blanzy/projects/media-foundry/artifacts/mf-020r3/frames/frame-0575.png'
05:11.572  render           | Saved: '/home/blanzy/projects/media-foundry/artifacts/mf-020r3/frames/frame-0576.png'
05:12.136  render           | Saved: '/home/blanzy/projects/media-foundry/artifacts/mf-020r3/frames/frame-0577.png'
05:12.711  render           | Saved: '/home/blanzy/projects/media-foundry/artifacts/mf-020r3/frames/frame-0578.png'
05:13.271  render           | Saved: '/home/blanzy/projects/media-foundry/artifacts/mf-020r3/frames/frame-0579.png'
05:13.832  render           | Saved: '/home/blanzy/projects/media-foundry/artifacts/mf-020r3/frames/frame-0580.png'
05:14.400  render           | Saved: '/home/blanzy/projects/media-foundry/artifacts/mf-020r3/frames/frame-0581.png'
05:14.983  render           | Saved: '/home/blanzy/projects/media-foundry/artifacts/mf-020r3/frames/frame-0582.png'
05:15.565  render           | Saved: '/home/blanzy/projects/media-foundry/artifacts/mf-020r3/frames/frame-0583.png'
05:16.131  render           | Saved: '/home/blanzy/projects/media-foundry/artifacts/mf-020r3/frames/frame-0584.png'
05:16.697  render           | Saved: '/home/blanzy/projects/media-foundry/artifacts/mf-020r3/frames/frame-0585.png'
05:17.264  render           | Saved: '/home/blanzy/projects/media-foundry/artifacts/mf-020r3/frames/frame-0586.png'
05:17.833  render           | Saved: '/home/blanzy/projects/media-foundry/artifacts/mf-020r3/frames/frame-0587.png'
05:18.409  render           | Saved: '/home/blanzy/projects/media-foundry/artifacts/mf-020r3/frames/frame-0588.png'
05:18.982  render           | Saved: '/home/blanzy/projects/media-foundry/artifacts/mf-020r3/frames/frame-0589.png'
05:19.548  render           | Saved: '/home/blanzy/projects/media-foundry/artifacts/mf-020r3/frames/frame-0590.png'
05:20.113  render           | Saved: '/home/blanzy/projects/media-foundry/artifacts/mf-020r3/frames/frame-0591.png'
05:20.681  render           | Saved: '/home/blanzy/projects/media-foundry/artifacts/mf-020r3/frames/frame-0592.png'
05:21.244  render           | Saved: '/home/blanzy/projects/media-foundry/artifacts/mf-020r3/frames/frame-0593.png'
05:21.811  render           | Saved: '/home/blanzy/projects/media-foundry/artifacts/mf-020r3/frames/frame-0594.png'
05:22.373  render           | Saved: '/home/blanzy/projects/media-foundry/artifacts/mf-020r3/frames/frame-0595.png'
05:22.938  render           | Saved: '/home/blanzy/projects/media-foundry/artifacts/mf-020r3/frames/frame-0596.png'
05:23.503  render           | Saved: '/home/blanzy/projects/media-foundry/artifacts/mf-020r3/frames/frame-0597.png'
05:24.063  render           | Saved: '/home/blanzy/projects/media-foundry/artifacts/mf-020r3/frames/frame-0598.png'
05:24.639  render           | Saved: '/home/blanzy/projects/media-foundry/artifacts/mf-020r3/frames/frame-0599.png'
Info: Saved as "dormant-readable-final.blend"
MF_BENCH_001_RENDER_OK {"build_ms": 469, "device": "CPU_HEADLESS_DEFAULT", "engine": "BLENDER_EEVEE", "mode": "frames", "render_fingerprint": {"base_config_sha256": "748f354d047f98af1feff90de65e4cb4216fe11eaa7b016191de20fb4065875a", "blender_version": "5.2.0 LTS", "builder_sha256": "d1cded0ed7ccd2d3579b58134949087fb60914fc6a38bac1a93133b03c35b921", "config_sha256": "8b397bbffd676a3d3c23d67b2fee7e0b897568a1e85ac7eded0a43e1fb942912", "engine": "BLENDER_EEVEE", "fps": 30, "frames": 600, "resolution": [768, 1152], "seed": 1001001, "template_sha256": "6668c12086c36eb68e29bc6fea101139291ef2ae96b8d55867d017856c20aea2"}, "render_ms": 323678, "rendered": 600, "total_ms": 324217}
Blender 5.2.0 LTS (hash fbe6228777e7 built 2026-07-14 01:32:04)

Blender quit
