Input #0, image2, from '/home/blanzy/projects/media-foundry/artifacts/mf-001/work/frames/frame_%06d.png':
  Duration: 00:00:15.00, start: 0.000000, bitrate: N/A
  Stream #0:0: Video: png, rgba(pc, gbr/bt709/iec61966-2-1), 540x960, 30 fps, 30 tbr, 30 tbn
[aist#1:0/pcm_s16le @ 0x5a3c5bd9cc80] Guessed Channel Layout: mono
Input #1, wav, from '/home/blanzy/projects/media-foundry/artifacts/mf-001/work/audio.wav':
  Metadata:
    encoder         : Lavf62.3.100
  Duration: 00:00:15.00, bitrate: 768 kb/s
  Stream #1:0: Audio: pcm_s16le ([1][0][0][0] / 0x0001), 48000 Hz, mono, s16, 768 kb/s
Stream mapping:
  Stream #0:0 -> #0:0 (png (native) -> h264 (libx264))
  Stream #1:0 -> #0:1 (pcm_s16le (native) -> aac (native))
Press [q] to stop, [?] for help
[libx264 @ 0x5a3c5c11bb40] using cpu capabilities: MMX2 SSE2Fast SSSE3 SSE4.2 AVX FMA3 BMI2 AVX2
[libx264 @ 0x5a3c5c11bb40] profile High, level 4.0, 4:2:0, 8-bit
[libx264 @ 0x5a3c5c11bb40] 264 - core 165 - H.264/MPEG-4 AVC codec - Copyleft 2003-2025 - http://www.videolan.org/x264.html - options: cabac=1 ref=3 deblock=1:0:0 analyse=0x3:0x113 me=hex subme=7 psy=1 psy_rd=1.00:0.00 mixed_ref=1 me_range=16 chroma_me=1 trellis=1 8x8dct=1 cqm=0 deadzone=21,11 fast_pskip=1 chroma_qp_offset=-2 threads=1 lookahead_threads=1 sliced_threads=0 nr=0 decimate=1 interlaced=0 bluray_compat=0 constrained_intra=0 bframes=3 b_pyramid=2 b_adapt=1 b_bias=0 direct=1 weightb=1 open_gop=0 weightp=2 keyint=60 keyint_min=31 scenecut=0 intra_refresh=0 rc_lookahead=40 rc=crf mbtree=1 crf=20.0 qcomp=0.60 qpmin=0 qpmax=69 qpstep=4 ip_ratio=1.40 aq=1:1.00
Output #0, mp4, to '/home/blanzy/projects/media-foundry/artifacts/mf-001/mf001-demo.mp4':
  Metadata:
    creation_time   : 1970-01-01T00:00:00Z
    encoder         : Lavf62.3.100
  Stream #0:0: Video: h264 (avc1 / 0x31637661), yuv420p(tv, unknown/bt709/iec61966-2-1, progressive), 1080x1920, q=2-31, 30 fps, 15360 tbn
    Metadata:
      encoder         : Lavc62.11.100 libx264
    Side data:
      cpb: bitrate max/min/avg: 0/0/0 buffer size: 0 vbv_delay: N/A
  Stream #0:1: Audio: aac (LC) (mp4a / 0x6134706D), 48000 Hz, mono, fltp, 160 kb/s
    Metadata:
      encoder         : Lavc62.11.100 aac
frame=    7 fps=0.0 q=26.0 size=       0KiB time=00:00:00.16 bitrate=   2.3kbits/s speed=0.333x elapsed=0:00:00.50    frame=   31 fps= 31 q=26.0 size=       0KiB time=00:00:00.96 bitrate=   0.4kbits/s speed=0.964x elapsed=0:00:01.00    frame=   60 fps= 40 q=26.0 size=       0KiB time=00:00:01.93 bitrate=   0.2kbits/s speed=1.29x elapsed=0:00:01.50    frame=   80 fps= 40 q=26.0 size=       0KiB time=00:00:02.60 bitrate=   0.1kbits/s speed= 1.3x elapsed=0:00:02.00    frame=  108 fps= 43 q=26.0 size=     256KiB time=00:00:03.53 bitrate= 593.6kbits/s speed=1.41x elapsed=0:00:02.50    frame=  133 fps= 44 q=26.0 size=     256KiB time=00:00:04.36 bitrate= 480.4kbits/s speed=1.45x elapsed=0:00:03.00    frame=  153 fps= 44 q=26.0 size=     256KiB time=00:00:05.03 bitrate= 416.7kbits/s speed=1.44x elapsed=0:00:03.50    frame=  170 fps= 42 q=26.0 size=     256KiB time=00:00:05.60 bitrate= 374.6kbits/s speed= 1.4x elapsed=0:00:04.00    frame=  186 fps= 41 q=26.0 size=     512KiB time=00:00:06.13 bitrate= 683.9kbits/s speed=1.36x elapsed=0:00:04.50    frame=  206 fps= 41 q=26.0 size=     512KiB time=00:00:06.80 bitrate= 616.9kbits/s speed=1.36x elapsed=0:00:05.00    frame=  227 fps= 41 q=26.0 size=     512KiB time=00:00:07.50 bitrate= 559.3kbits/s speed=1.36x elapsed=0:00:05.50    frame=  240 fps= 40 q=26.0 size=     768KiB time=00:00:07.93 bitrate= 793.1kbits/s speed=1.32x elapsed=0:00:06.00    frame=  262 fps= 40 q=26.0 size=     768KiB time=00:00:08.66 bitrate= 726.0kbits/s speed=1.33x elapsed=0:00:06.50    frame=  281 fps= 40 q=26.0 size=     768KiB time=00:00:09.30 bitrate= 676.5kbits/s speed=1.33x elapsed=0:00:07.00    frame=  300 fps= 40 q=26.0 size=    1024KiB time=00:00:09.93 bitrate= 844.5kbits/s speed=1.32x elapsed=0:00:07.50    frame=  319 fps= 40 q=26.0 size=    1024KiB time=00:00:10.56 bitrate= 793.9kbits/s speed=1.32x elapsed=0:00:08.00    frame=  338 fps= 40 q=26.0 size=    1024KiB time=00:00:11.20 bitrate= 749.0kbits/s speed=1.32x elapsed=0:00:08.50    frame=  360 fps= 40 q=26.0 size=    1280KiB time=00:00:11.93 bitrate= 878.7kbits/s speed=1.33x elapsed=0:00:09.00    frame=  379 fps= 40 q=26.0 size=    1280KiB time=00:00:12.56 bitrate= 834.4kbits/s speed=1.32x elapsed=0:00:09.50    frame=  410 fps= 41 q=26.0 size=    1280KiB time=N/A bitrate=N/A speed=N/A elapsed=0:00:10.00    [mp4 @ 0x5a3c5c11b140] Starting second pass: moving the moov atom to the beginning of the file
[out#0/mp4 @ 0x5a3c5c11b000] video:1365KiB audio:256KiB subtitle:0KiB other streams:0KiB global headers:0KiB muxing overhead: 1.063484%
frame=  450 fps= 43 q=26.0 Lsize=    1638KiB time=00:00:14.93 bitrate= 898.6kbits/s speed=1.43x elapsed=0:00:10.47
[libx264 @ 0x5a3c5c11bb40] frame I:8     Avg QP:11.15  size: 44845
[libx264 @ 0x5a3c5c11bb40] frame P:152   Avg QP:15.10  size:  4563
[libx264 @ 0x5a3c5c11bb40] frame B:290   Avg QP:19.94  size:  1190
[libx264 @ 0x5a3c5c11bb40] consecutive B-frames: 10.9%  6.7%  8.7% 73.8%
[libx264 @ 0x5a3c5c11bb40] mb I  I16..4: 29.7% 60.5%  9.8%
[libx264 @ 0x5a3c5c11bb40] mb P  I16..4:  1.5%  1.4%  0.4%  P16..4:  5.1%  1.4%  0.6%  0.0%  0.0%    skip:89.7%
[libx264 @ 0x5a3c5c11bb40] mb B  I16..4:  0.2%  0.0%  0.0%  B16..8:  5.9%  0.6%  0.1%  direct: 0.1%  skip:93.1%  L0:51.1% L1:46.2% BI: 2.7%
[libx264 @ 0x5a3c5c11bb40] 8x8 transform intra:52.1% inter:50.4%
[libx264 @ 0x5a3c5c11bb40] coded y,uvDC,uvAC intra: 12.4% 12.5% 10.5% inter: 0.9% 0.4% 0.2%
[libx264 @ 0x5a3c5c11bb40] i16 v,h,dc,p: 59% 38%  2%  0%
[libx264 @ 0x5a3c5c11bb40] i8 v,h,dc,ddl,ddr,vr,hd,vl,hu: 64% 10% 23%  1%  0%  1%  1%  0%  1%
[libx264 @ 0x5a3c5c11bb40] i4 v,h,dc,ddl,ddr,vr,hd,vl,hu: 34% 27% 21%  3%  4%  3%  3%  2%  3%
[libx264 @ 0x5a3c5c11bb40] i8c dc,h,v,p: 74% 17%  9%  1%
[libx264 @ 0x5a3c5c11bb40] Weighted P-Frames: Y:0.0% UV:0.0%
[libx264 @ 0x5a3c5c11bb40] ref P L0: 61.7%  3.1% 18.5% 16.7%
[libx264 @ 0x5a3c5c11bb40] ref B L0: 72.3% 21.3%  6.4%
[libx264 @ 0x5a3c5c11bb40] ref B L1: 90.0% 10.0%
[libx264 @ 0x5a3c5c11bb40] kb/s:745.26
[aac @ 0x5a3c5bd8ab00] Qavg: 62899.320
