Godot Engine v4.7.2.stable.official.ed1daf0bf - https://godotengine.org
OpenGL API 3.3.0 NVIDIA 595.84 - Compatibility - Using Device: NVIDIA - NVIDIA GeForce RTX 5070

MF002_RENDER_START id=fact grammar=scrappy-diorama-v1 seed=22021 frames=450
MF002_STRUCTURAL safe_area=PASS layers=workshop,sign,media,paper,tape,props
MF002_STAGE INTRO
MF002_RENDER_FRAME 0
MF002_RENDER_FRAME 30
MF002_STAGE ENTER
MF002_RENDER_FRAME 60
MF002_RENDER_FRAME 90
MF002_STAGE SETTLE
MF002_RENDER_FRAME 120
MF002_RENDER_FRAME 150
MF002_RENDER_FRAME 180
MF002_RENDER_FRAME 210
MF002_STAGE EMPHASIS
MF002_RENDER_FRAME 240
MF002_RENDER_FRAME 270
MF002_RENDER_FRAME 300
MF002_RENDER_FRAME 330
MF002_RENDER_FRAME 360
MF002_STAGE EXIT
MF002_STAGE OUTRO
MF002_RENDER_FRAME 390
MF002_RENDER_FRAME 420
MF002_RENDER_COMPLETE id=fact frames=450
