{
  "slice": "MF-008B-R1",
  "result": "PASS",
  "priority": [
    "narration",
    "content_cues",
    "ambient_music"
  ],
  "base_audio": "/home/blanzy/media-foundry-output/mf008b-r1/directed-batch-001/scheduled-run-002/leo-zeph-investigation/audio/sfx.wav",
  "duck_db": -3.0,
  "content_duck_db": -3.0,
  "attack_release_seconds": 0.03,
  "music": {
    "status": "PASS",
    "start": 0.0,
    "end": 28.0,
    "gain_db": -5.5,
    "narration_duck_db": -8.0,
    "attack_ms": 120.0,
    "release_ms": 300.0
  },
  "ducking_windows": [],
  "clipped_samples": 0,
  "segments": [],
  "normalization": {
    "enabled": true,
    "integrated_lufs_target": -15.5,
    "true_peak_db_target": -2.0,
    "implementation": "ffmpeg_loudnorm_single_pass"
  },
  "pre_normalization_peak": 0.195343,
  "final_peak": 0.797424,
  "final_rms_dbfs": -13.122
}
