{
  "slice": "MF-008C",
  "fixture": "mf011-09-atmospheric-teaser",
  "mode": "directed",
  "state": "READY",
  "creative": {
    "mechanism": "classification_link",
    "events": [
      "leo_resolve",
      "zeph_resolve",
      "bridge_attempt",
      "bridge_stable"
    ],
    "timing": {
      "intro_seconds": 7.0,
      "investigation_seconds": 13.0,
      "result_hold_seconds": 2.0,
      "cta_seconds": 8.0
    },
    "palette_profile": "baseline",
    "camera_profile": "wide_investigation",
    "node_profile": "baseline",
    "projection_profile": "baseline",
    "cta_profile": "cool_signal",
    "audio_cue": "baseline_full"
  },
  "checks": {
    "required_fields": "PASS",
    "mechanism": "PASS",
    "palette_profile": "PASS",
    "camera_profile": "PASS",
    "node_profile": "PASS",
    "projection_profile": "PASS",
    "cta_profile": "PASS",
    "mechanism_events": "PASS",
    "timing_bounds": "PASS",
    "event_timing": "PASS",
    "audio_cue_exists": "PASS",
    "audio_cue_approved": "PASS"
  },
  "errors": [],
  "result": "PASS"
}
