{
  "slice": "MF-005R1",
  "fixture": "mf011-09-atmospheric-teaser",
  "status": "PASS",
  "source": "media/audio/music/unknown-process/Cold_Concrete_Anatomy.mp3",
  "audio_path": "/home/blanzy/media-foundry-output/mf011/unknown-process-v1/campaign-run-002/09-atmospheric-teaser/audio/music.wav",
  "source_analysis": {
    "duration": 180.897917,
    "sample_rate": 44100,
    "channels": 2,
    "codec": "mp3",
    "container": "mp3",
    "bit_rate": 192000
  },
  "source_duration": 180.897917,
  "selected_offset": 145.0,
  "duration": 30.0,
  "continuous": true,
  "loop": false,
  "loop_count": 0,
  "normalization_lufs": -24.0,
  "gain_db": -6.5,
  "narration_duck_db": -8.0,
  "attack_ms": 140.0,
  "release_ms": 360.0,
  "fade_in": 2.0,
  "fade_out": 3.0,
  "activity": {
    "start": 0.0,
    "end": 30.0
  },
  "provenance": {
    "type": "user_supplied_generated",
    "asset_class": "approved_catalog_track",
    "release_eligible": true,
    "track_id": "cold_concrete_anatomy",
    "region_id": "ambient_a",
    "source_sha256": "44a3b01e4039a7dab21170814cb75a6d662701182b548fab211f89e9922b8ecf",
    "approval_reviewer": "user",
    "usage": "MF-010 hash-bound human approval; local production master."
  },
  "source_sha256": "44a3b01e4039a7dab21170814cb75a6d662701182b548fab211f89e9922b8ecf",
  "prepared_sha256": "ab5f6c5699b275021e261efcc056e65b7449515b7c8951cc96f453cd2b61afaf",
  "preparation_seconds": 1.085784,
  "result": "PASS"
}
