COMMAND: /usr/bin/time -v -o /home/blanzy/projects/media-foundry/artifacts/mf-020/validation/final-render-resource-usage.txt /home/blanzy/.local/opt/blender-5.2.0/blender --background /home/blanzy/projects/media-foundry/templates/blender/pulp-reactor-v1.blend --python /home/blanzy/projects/media-foundry/scripts/blender/build_cinematic_reactor.py -- --manifest config/mf020-cinematic-reactor.json --output-dir /home/blanzy/projects/media-foundry/artifacts/mf-020/frames --stage final --mode frames --performance /home/blanzy/projects/media-foundry/artifacts/mf-020/validation/final-render-performance.json --resume --scene-output /home/blanzy/projects/media-foundry/artifacts/mf-020/scene/cinematic-reactor-hero.blend
00:00.418  blend            | Read blend: "/home/blanzy/projects/media-foundry/templates/blender/pulp-reactor-v1.blend"
00:02.076  render           | Saved: '/home/blanzy/projects/media-foundry/artifacts/mf-020/frames/frame-0000.png'
00:02.380  render           | Saved: '/home/blanzy/projects/media-foundry/artifacts/mf-020/frames/frame-0001.png'
00:02.690  render           | Saved: '/home/blanzy/projects/media-foundry/artifacts/mf-020/frames/frame-0002.png'
00:02.989  render           | Saved: '/home/blanzy/projects/media-foundry/artifacts/mf-020/frames/frame-0003.png'
00:03.263  render           | Saved: '/home/blanzy/projects/media-foundry/artifacts/mf-020/frames/frame-0004.png'
00:03.518  render           | Saved: '/home/blanzy/projects/media-foundry/artifacts/mf-020/frames/frame-0005.png'
00:03.774  render           | Saved: '/home/blanzy/projects/media-foundry/artifacts/mf-020/frames/frame-0006.png'
00:04.042  render           | Saved: '/home/blanzy/projects/media-foundry/artifacts/mf-020/frames/frame-0007.png'
00:04.303  render           | Saved: '/home/blanzy/projects/media-foundry/artifacts/mf-020/frames/frame-0008.png'
00:04.567  render           | Saved: '/home/blanzy/projects/media-foundry/artifacts/mf-020/frames/frame-0009.png'
00:04.832  render           | Saved: '/home/blanzy/projects/media-foundry/artifacts/mf-020/frames/frame-0010.png'
00:05.094  render           | Saved: '/home/blanzy/projects/media-foundry/artifacts/mf-020/frames/frame-0011.png'
00:05.365  render           | Saved: '/home/blanzy/projects/media-foundry/artifacts/mf-020/frames/frame-0012.png'
00:05.629  render           | Saved: '/home/blanzy/projects/media-foundry/artifacts/mf-020/frames/frame-0013.png'
00:05.897  render           | Saved: '/home/blanzy/projects/media-foundry/artifacts/mf-020/frames/frame-0014.png'
00:06.154  render           | Saved: '/home/blanzy/projects/media-foundry/artifacts/mf-020/frames/frame-0015.png'
00:06.415  render           | Saved: '/home/blanzy/projects/media-foundry/artifacts/mf-020/frames/frame-0016.png'
00:06.675  render           | Saved: '/home/blanzy/projects/media-foundry/artifacts/mf-020/frames/frame-0017.png'
00:06.936  render           | Saved: '/home/blanzy/projects/media-foundry/artifacts/mf-020/frames/frame-0018.png'
00:07.201  render           | Saved: '/home/blanzy/projects/media-foundry/artifacts/mf-020/frames/frame-0019.png'
00:07.462  render           | Saved: '/home/blanzy/projects/media-foundry/artifacts/mf-020/frames/frame-0020.png'
00:07.718  render           | Saved: '/home/blanzy/projects/media-foundry/artifacts/mf-020/frames/frame-0021.png'
00:07.977  render           | Saved: '/home/blanzy/projects/media-foundry/artifacts/mf-020/frames/frame-0022.png'
00:08.238  render           | Saved: '/home/blanzy/projects/media-foundry/artifacts/mf-020/frames/frame-0023.png'
00:08.496  render           | Saved: '/home/blanzy/projects/media-foundry/artifacts/mf-020/frames/frame-0024.png'
00:08.761  render           | Saved: '/home/blanzy/projects/media-foundry/artifacts/mf-020/frames/frame-0025.png'
00:09.031  render           | Saved: '/home/blanzy/projects/media-foundry/artifacts/mf-020/frames/frame-0026.png'
00:09.307  render           | Saved: '/home/blanzy/projects/media-foundry/artifacts/mf-020/frames/frame-0027.png'
00:09.569  render           | Saved: '/home/blanzy/projects/media-foundry/artifacts/mf-020/frames/frame-0028.png'
00:09.834  render           | Saved: '/home/blanzy/projects/media-foundry/artifacts/mf-020/frames/frame-0029.png'
00:10.095  render           | Saved: '/home/blanzy/projects/media-foundry/artifacts/mf-020/frames/frame-0030.png'
00:10.357  render           | Saved: '/home/blanzy/projects/media-foundry/artifacts/mf-020/frames/frame-0031.png'
00:10.614  render           | Saved: '/home/blanzy/projects/media-foundry/artifacts/mf-020/frames/frame-0032.png'
00:10.874  render           | Saved: '/home/blanzy/projects/media-foundry/artifacts/mf-020/frames/frame-0033.png'
00:11.136  render           | Saved: '/home/blanzy/projects/media-foundry/artifacts/mf-020/frames/frame-0034.png'
00:11.395  render           | Saved: '/home/blanzy/projects/media-foundry/artifacts/mf-020/frames/frame-0035.png'
00:11.653  render           | Saved: '/home/blanzy/projects/media-foundry/artifacts/mf-020/frames/frame-0036.png'
00:11.913  render           | Saved: '/home/blanzy/projects/media-foundry/artifacts/mf-020/frames/frame-0037.png'
00:12.177  render           | Saved: '/home/blanzy/projects/media-foundry/artifacts/mf-020/frames/frame-0038.png'
00:12.442  render           | Saved: '/home/blanzy/projects/media-foundry/artifacts/mf-020/frames/frame-0039.png'
00:12.705  render           | Saved: '/home/blanzy/projects/media-foundry/artifacts/mf-020/frames/frame-0040.png'
00:12.974  render           | Saved: '/home/blanzy/projects/media-foundry/artifacts/mf-020/frames/frame-0041.png'
00:13.237  render           | Saved: '/home/blanzy/projects/media-foundry/artifacts/mf-020/frames/frame-0042.png'
00:13.500  render           | Saved: '/home/blanzy/projects/media-foundry/artifacts/mf-020/frames/frame-0043.png'
00:13.758  render           | Saved: '/home/blanzy/projects/media-foundry/artifacts/mf-020/frames/frame-0044.png'
00:14.015  render           | Saved: '/home/blanzy/projects/media-foundry/artifacts/mf-020/frames/frame-0045.png'
00:14.278  render           | Saved: '/home/blanzy/projects/media-foundry/artifacts/mf-020/frames/frame-0046.png'
00:14.544  render           | Saved: '/home/blanzy/projects/media-foundry/artifacts/mf-020/frames/frame-0047.png'
00:14.834  render           | Saved: '/home/blanzy/projects/media-foundry/artifacts/mf-020/frames/frame-0048.png'
00:15.103  render           | Saved: '/home/blanzy/projects/media-foundry/artifacts/mf-020/frames/frame-0049.png'
00:15.367  render           | Saved: '/home/blanzy/projects/media-foundry/artifacts/mf-020/frames/frame-0050.png'
00:15.633  render           | Saved: '/home/blanzy/projects/media-foundry/artifacts/mf-020/frames/frame-0051.png'
00:15.902  render           | Saved: '/home/blanzy/projects/media-foundry/artifacts/mf-020/frames/frame-0052.png'
00:16.171  render           | Saved: '/home/blanzy/projects/media-foundry/artifacts/mf-020/frames/frame-0053.png'
00:16.432  render           | Saved: '/home/blanzy/projects/media-foundry/artifacts/mf-020/frames/frame-0054.png'
00:16.698  render           | Saved: '/home/blanzy/projects/media-foundry/artifacts/mf-020/frames/frame-0055.png'
00:16.966  render           | Saved: '/home/blanzy/projects/media-foundry/artifacts/mf-020/frames/frame-0056.png'
00:17.236  render           | Saved: '/home/blanzy/projects/media-foundry/artifacts/mf-020/frames/frame-0057.png'
00:17.507  render           | Saved: '/home/blanzy/projects/media-foundry/artifacts/mf-020/frames/frame-0058.png'
00:17.776  render           | Saved: '/home/blanzy/projects/media-foundry/artifacts/mf-020/frames/frame-0059.png'
00:18.045  render           | Saved: '/home/blanzy/projects/media-foundry/artifacts/mf-020/frames/frame-0060.png'
00:18.313  render           | Saved: '/home/blanzy/projects/media-foundry/artifacts/mf-020/frames/frame-0061.png'
00:18.580  render           | Saved: '/home/blanzy/projects/media-foundry/artifacts/mf-020/frames/frame-0062.png'
00:18.852  render           | Saved: '/home/blanzy/projects/media-foundry/artifacts/mf-020/frames/frame-0063.png'
00:19.130  render           | Saved: '/home/blanzy/projects/media-foundry/artifacts/mf-020/frames/frame-0064.png'
00:19.437  render           | Saved: '/home/blanzy/projects/media-foundry/artifacts/mf-020/frames/frame-0065.png'
00:19.709  render           | Saved: '/home/blanzy/projects/media-foundry/artifacts/mf-020/frames/frame-0066.png'
00:19.985  render           | Saved: '/home/blanzy/projects/media-foundry/artifacts/mf-020/frames/frame-0067.png'
00:20.253  render           | Saved: '/home/blanzy/projects/media-foundry/artifacts/mf-020/frames/frame-0068.png'
00:20.532  render           | Saved: '/home/blanzy/projects/media-foundry/artifacts/mf-020/frames/frame-0069.png'
00:20.803  render           | Saved: '/home/blanzy/projects/media-foundry/artifacts/mf-020/frames/frame-0070.png'
00:21.083  render           | Saved: '/home/blanzy/projects/media-foundry/artifacts/mf-020/frames/frame-0071.png'
00:21.357  render           | Saved: '/home/blanzy/projects/media-foundry/artifacts/mf-020/frames/frame-0072.png'
00:21.682  render           | Saved: '/home/blanzy/projects/media-foundry/artifacts/mf-020/frames/frame-0073.png'
00:21.952  render           | Saved: '/home/blanzy/projects/media-foundry/artifacts/mf-020/frames/frame-0074.png'
00:22.220  render           | Saved: '/home/blanzy/projects/media-foundry/artifacts/mf-020/frames/frame-0075.png'
00:22.497  render           | Saved: '/home/blanzy/projects/media-foundry/artifacts/mf-020/frames/frame-0076.png'
00:22.773  render           | Saved: '/home/blanzy/projects/media-foundry/artifacts/mf-020/frames/frame-0077.png'
00:23.046  render           | Saved: '/home/blanzy/projects/media-foundry/artifacts/mf-020/frames/frame-0078.png'
00:23.317  render           | Saved: '/home/blanzy/projects/media-foundry/artifacts/mf-020/frames/frame-0079.png'
00:23.593  render           | Saved: '/home/blanzy/projects/media-foundry/artifacts/mf-020/frames/frame-0080.png'
00:23.864  render           | Saved: '/home/blanzy/projects/media-foundry/artifacts/mf-020/frames/frame-0081.png'
00:24.134  render           | Saved: '/home/blanzy/projects/media-foundry/artifacts/mf-020/frames/frame-0082.png'
00:24.410  render           | Saved: '/home/blanzy/projects/media-foundry/artifacts/mf-020/frames/frame-0083.png'
00:24.696  render           | Saved: '/home/blanzy/projects/media-foundry/artifacts/mf-020/frames/frame-0084.png'
00:24.971  render           | Saved: '/home/blanzy/projects/media-foundry/artifacts/mf-020/frames/frame-0085.png'
00:25.253  render           | Saved: '/home/blanzy/projects/media-foundry/artifacts/mf-020/frames/frame-0086.png'
00:25.550  render           | Saved: '/home/blanzy/projects/media-foundry/artifacts/mf-020/frames/frame-0087.png'
00:25.824  render           | Saved: '/home/blanzy/projects/media-foundry/artifacts/mf-020/frames/frame-0088.png'
00:26.095  render           | Saved: '/home/blanzy/projects/media-foundry/artifacts/mf-020/frames/frame-0089.png'
00:26.360  render           | Saved: '/home/blanzy/projects/media-foundry/artifacts/mf-020/frames/frame-0090.png'
00:26.627  render           | Saved: '/home/blanzy/projects/media-foundry/artifacts/mf-020/frames/frame-0091.png'
00:26.894  render           | Saved: '/home/blanzy/projects/media-foundry/artifacts/mf-020/frames/frame-0092.png'
00:27.177  render           | Saved: '/home/blanzy/projects/media-foundry/artifacts/mf-020/frames/frame-0093.png'
00:27.459  render           | Saved: '/home/blanzy/projects/media-foundry/artifacts/mf-020/frames/frame-0094.png'
00:27.721  render           | Saved: '/home/blanzy/projects/media-foundry/artifacts/mf-020/frames/frame-0095.png'
00:27.997  render           | Saved: '/home/blanzy/projects/media-foundry/artifacts/mf-020/frames/frame-0096.png'
00:28.270  render           | Saved: '/home/blanzy/projects/media-foundry/artifacts/mf-020/frames/frame-0097.png'
00:28.544  render           | Saved: '/home/blanzy/projects/media-foundry/artifacts/mf-020/frames/frame-0098.png'
00:28.816  render           | Saved: '/home/blanzy/projects/media-foundry/artifacts/mf-020/frames/frame-0099.png'
00:29.094  render           | Saved: '/home/blanzy/projects/media-foundry/artifacts/mf-020/frames/frame-0100.png'
00:29.382  render           | Saved: '/home/blanzy/projects/media-foundry/artifacts/mf-020/frames/frame-0101.png'
00:29.671  render           | Saved: '/home/blanzy/projects/media-foundry/artifacts/mf-020/frames/frame-0102.png'
00:29.949  render           | Saved: '/home/blanzy/projects/media-foundry/artifacts/mf-020/frames/frame-0103.png'
00:30.226  render           | Saved: '/home/blanzy/projects/media-foundry/artifacts/mf-020/frames/frame-0104.png'
00:30.507  render           | Saved: '/home/blanzy/projects/media-foundry/artifacts/mf-020/frames/frame-0105.png'
00:30.785  render           | Saved: '/home/blanzy/projects/media-foundry/artifacts/mf-020/frames/frame-0106.png'
00:31.066  render           | Saved: '/home/blanzy/projects/media-foundry/artifacts/mf-020/frames/frame-0107.png'
00:31.347  render           | Saved: '/home/blanzy/projects/media-foundry/artifacts/mf-020/frames/frame-0108.png'
00:31.626  render           | Saved: '/home/blanzy/projects/media-foundry/artifacts/mf-020/frames/frame-0109.png'
00:31.909  render           | Saved: '/home/blanzy/projects/media-foundry/artifacts/mf-020/frames/frame-0110.png'
00:32.188  render           | Saved: '/home/blanzy/projects/media-foundry/artifacts/mf-020/frames/frame-0111.png'
00:32.466  render           | Saved: '/home/blanzy/projects/media-foundry/artifacts/mf-020/frames/frame-0112.png'
00:32.743  render           | Saved: '/home/blanzy/projects/media-foundry/artifacts/mf-020/frames/frame-0113.png'
00:33.020  render           | Saved: '/home/blanzy/projects/media-foundry/artifacts/mf-020/frames/frame-0114.png'
00:33.295  render           | Saved: '/home/blanzy/projects/media-foundry/artifacts/mf-020/frames/frame-0115.png'
00:33.575  render           | Saved: '/home/blanzy/projects/media-foundry/artifacts/mf-020/frames/frame-0116.png'
00:33.869  render           | Saved: '/home/blanzy/projects/media-foundry/artifacts/mf-020/frames/frame-0117.png'
00:34.146  render           | Saved: '/home/blanzy/projects/media-foundry/artifacts/mf-020/frames/frame-0118.png'
00:34.427  render           | Saved: '/home/blanzy/projects/media-foundry/artifacts/mf-020/frames/frame-0119.png'
00:34.709  render           | Saved: '/home/blanzy/projects/media-foundry/artifacts/mf-020/frames/frame-0120.png'
00:34.986  render           | Saved: '/home/blanzy/projects/media-foundry/artifacts/mf-020/frames/frame-0121.png'
00:35.266  render           | Saved: '/home/blanzy/projects/media-foundry/artifacts/mf-020/frames/frame-0122.png'
00:35.547  render           | Saved: '/home/blanzy/projects/media-foundry/artifacts/mf-020/frames/frame-0123.png'
00:35.826  render           | Saved: '/home/blanzy/projects/media-foundry/artifacts/mf-020/frames/frame-0124.png'
00:36.107  render           | Saved: '/home/blanzy/projects/media-foundry/artifacts/mf-020/frames/frame-0125.png'
00:36.387  render           | Saved: '/home/blanzy/projects/media-foundry/artifacts/mf-020/frames/frame-0126.png'
00:36.672  render           | Saved: '/home/blanzy/projects/media-foundry/artifacts/mf-020/frames/frame-0127.png'
00:36.954  render           | Saved: '/home/blanzy/projects/media-foundry/artifacts/mf-020/frames/frame-0128.png'
00:37.238  render           | Saved: '/home/blanzy/projects/media-foundry/artifacts/mf-020/frames/frame-0129.png'
00:37.528  render           | Saved: '/home/blanzy/projects/media-foundry/artifacts/mf-020/frames/frame-0130.png'
00:37.815  render           | Saved: '/home/blanzy/projects/media-foundry/artifacts/mf-020/frames/frame-0131.png'
00:38.098  render           | Saved: '/home/blanzy/projects/media-foundry/artifacts/mf-020/frames/frame-0132.png'
00:38.379  render           | Saved: '/home/blanzy/projects/media-foundry/artifacts/mf-020/frames/frame-0133.png'
00:38.664  render           | Saved: '/home/blanzy/projects/media-foundry/artifacts/mf-020/frames/frame-0134.png'
00:38.945  render           | Saved: '/home/blanzy/projects/media-foundry/artifacts/mf-020/frames/frame-0135.png'
00:39.227  render           | Saved: '/home/blanzy/projects/media-foundry/artifacts/mf-020/frames/frame-0136.png'
00:39.515  render           | Saved: '/home/blanzy/projects/media-foundry/artifacts/mf-020/frames/frame-0137.png'
00:39.800  render           | Saved: '/home/blanzy/projects/media-foundry/artifacts/mf-020/frames/frame-0138.png'
00:40.082  render           | Saved: '/home/blanzy/projects/media-foundry/artifacts/mf-020/frames/frame-0139.png'
00:40.371  render           | Saved: '/home/blanzy/projects/media-foundry/artifacts/mf-020/frames/frame-0140.png'
00:40.663  render           | Saved: '/home/blanzy/projects/media-foundry/artifacts/mf-020/frames/frame-0141.png'
00:40.954  render           | Saved: '/home/blanzy/projects/media-foundry/artifacts/mf-020/frames/frame-0142.png'
00:41.245  render           | Saved: '/home/blanzy/projects/media-foundry/artifacts/mf-020/frames/frame-0143.png'
00:41.542  render           | Saved: '/home/blanzy/projects/media-foundry/artifacts/mf-020/frames/frame-0144.png'
00:41.834  render           | Saved: '/home/blanzy/projects/media-foundry/artifacts/mf-020/frames/frame-0145.png'
00:42.150  render           | Saved: '/home/blanzy/projects/media-foundry/artifacts/mf-020/frames/frame-0146.png'
00:42.441  render           | Saved: '/home/blanzy/projects/media-foundry/artifacts/mf-020/frames/frame-0147.png'
00:42.736  render           | Saved: '/home/blanzy/projects/media-foundry/artifacts/mf-020/frames/frame-0148.png'
00:43.030  render           | Saved: '/home/blanzy/projects/media-foundry/artifacts/mf-020/frames/frame-0149.png'
00:43.328  render           | Saved: '/home/blanzy/projects/media-foundry/artifacts/mf-020/frames/frame-0150.png'
00:43.621  render           | Saved: '/home/blanzy/projects/media-foundry/artifacts/mf-020/frames/frame-0151.png'
00:43.919  render           | Saved: '/home/blanzy/projects/media-foundry/artifacts/mf-020/frames/frame-0152.png'
00:44.218  render           | Saved: '/home/blanzy/projects/media-foundry/artifacts/mf-020/frames/frame-0153.png'
00:44.522  render           | Saved: '/home/blanzy/projects/media-foundry/artifacts/mf-020/frames/frame-0154.png'
00:44.872  render           | Saved: '/home/blanzy/projects/media-foundry/artifacts/mf-020/frames/frame-0155.png'
00:45.166  render           | Saved: '/home/blanzy/projects/media-foundry/artifacts/mf-020/frames/frame-0156.png'
00:45.469  render           | Saved: '/home/blanzy/projects/media-foundry/artifacts/mf-020/frames/frame-0157.png'
00:45.770  render           | Saved: '/home/blanzy/projects/media-foundry/artifacts/mf-020/frames/frame-0158.png'
00:46.065  render           | Saved: '/home/blanzy/projects/media-foundry/artifacts/mf-020/frames/frame-0159.png'
00:46.373  render           | Saved: '/home/blanzy/projects/media-foundry/artifacts/mf-020/frames/frame-0160.png'
00:46.672  render           | Saved: '/home/blanzy/projects/media-foundry/artifacts/mf-020/frames/frame-0161.png'
00:46.975  render           | Saved: '/home/blanzy/projects/media-foundry/artifacts/mf-020/frames/frame-0162.png'
00:47.281  render           | Saved: '/home/blanzy/projects/media-foundry/artifacts/mf-020/frames/frame-0163.png'
00:47.582  render           | Saved: '/home/blanzy/projects/media-foundry/artifacts/mf-020/frames/frame-0164.png'
00:47.881  render           | Saved: '/home/blanzy/projects/media-foundry/artifacts/mf-020/frames/frame-0165.png'
00:48.187  render           | Saved: '/home/blanzy/projects/media-foundry/artifacts/mf-020/frames/frame-0166.png'
00:48.490  render           | Saved: '/home/blanzy/projects/media-foundry/artifacts/mf-020/frames/frame-0167.png'
00:48.792  render           | Saved: '/home/blanzy/projects/media-foundry/artifacts/mf-020/frames/frame-0168.png'
00:49.101  render           | Saved: '/home/blanzy/projects/media-foundry/artifacts/mf-020/frames/frame-0169.png'
00:49.415  render           | Saved: '/home/blanzy/projects/media-foundry/artifacts/mf-020/frames/frame-0170.png'
00:49.731  render           | Saved: '/home/blanzy/projects/media-foundry/artifacts/mf-020/frames/frame-0171.png'
00:50.041  render           | Saved: '/home/blanzy/projects/media-foundry/artifacts/mf-020/frames/frame-0172.png'
00:50.342  render           | Saved: '/home/blanzy/projects/media-foundry/artifacts/mf-020/frames/frame-0173.png'
00:50.655  render           | Saved: '/home/blanzy/projects/media-foundry/artifacts/mf-020/frames/frame-0174.png'
00:50.960  render           | Saved: '/home/blanzy/projects/media-foundry/artifacts/mf-020/frames/frame-0175.png'
00:51.275  render           | Saved: '/home/blanzy/projects/media-foundry/artifacts/mf-020/frames/frame-0176.png'
00:51.578  render           | Saved: '/home/blanzy/projects/media-foundry/artifacts/mf-020/frames/frame-0177.png'
00:51.883  render           | Saved: '/home/blanzy/projects/media-foundry/artifacts/mf-020/frames/frame-0178.png'
00:52.196  render           | Saved: '/home/blanzy/projects/media-foundry/artifacts/mf-020/frames/frame-0179.png'
00:52.507  render           | Saved: '/home/blanzy/projects/media-foundry/artifacts/mf-020/frames/frame-0180.png'
00:52.819  render           | Saved: '/home/blanzy/projects/media-foundry/artifacts/mf-020/frames/frame-0181.png'
00:53.128  render           | Saved: '/home/blanzy/projects/media-foundry/artifacts/mf-020/frames/frame-0182.png'
00:53.442  render           | Saved: '/home/blanzy/projects/media-foundry/artifacts/mf-020/frames/frame-0183.png'
00:53.751  render           | Saved: '/home/blanzy/projects/media-foundry/artifacts/mf-020/frames/frame-0184.png'
00:54.063  render           | Saved: '/home/blanzy/projects/media-foundry/artifacts/mf-020/frames/frame-0185.png'
00:54.376  render           | Saved: '/home/blanzy/projects/media-foundry/artifacts/mf-020/frames/frame-0186.png'
00:54.688  render           | Saved: '/home/blanzy/projects/media-foundry/artifacts/mf-020/frames/frame-0187.png'
00:54.993  render           | Saved: '/home/blanzy/projects/media-foundry/artifacts/mf-020/frames/frame-0188.png'
00:55.300  render           | Saved: '/home/blanzy/projects/media-foundry/artifacts/mf-020/frames/frame-0189.png'
00:55.603  render           | Saved: '/home/blanzy/projects/media-foundry/artifacts/mf-020/frames/frame-0190.png'
00:55.908  render           | Saved: '/home/blanzy/projects/media-foundry/artifacts/mf-020/frames/frame-0191.png'
00:56.215  render           | Saved: '/home/blanzy/projects/media-foundry/artifacts/mf-020/frames/frame-0192.png'
00:56.525  render           | Saved: '/home/blanzy/projects/media-foundry/artifacts/mf-020/frames/frame-0193.png'
00:56.837  render           | Saved: '/home/blanzy/projects/media-foundry/artifacts/mf-020/frames/frame-0194.png'
00:57.138  render           | Saved: '/home/blanzy/projects/media-foundry/artifacts/mf-020/frames/frame-0195.png'
00:57.443  render           | Saved: '/home/blanzy/projects/media-foundry/artifacts/mf-020/frames/frame-0196.png'
00:57.751  render           | Saved: '/home/blanzy/projects/media-foundry/artifacts/mf-020/frames/frame-0197.png'
00:58.060  render           | Saved: '/home/blanzy/projects/media-foundry/artifacts/mf-020/frames/frame-0198.png'
00:58.370  render           | Saved: '/home/blanzy/projects/media-foundry/artifacts/mf-020/frames/frame-0199.png'
00:58.682  render           | Saved: '/home/blanzy/projects/media-foundry/artifacts/mf-020/frames/frame-0200.png'
00:58.994  render           | Saved: '/home/blanzy/projects/media-foundry/artifacts/mf-020/frames/frame-0201.png'
00:59.300  render           | Saved: '/home/blanzy/projects/media-foundry/artifacts/mf-020/frames/frame-0202.png'
00:59.609  render           | Saved: '/home/blanzy/projects/media-foundry/artifacts/mf-020/frames/frame-0203.png'
00:59.925  render           | Saved: '/home/blanzy/projects/media-foundry/artifacts/mf-020/frames/frame-0204.png'
01:00.238  render           | Saved: '/home/blanzy/projects/media-foundry/artifacts/mf-020/frames/frame-0205.png'
01:00.547  render           | Saved: '/home/blanzy/projects/media-foundry/artifacts/mf-020/frames/frame-0206.png'
01:00.856  render           | Saved: '/home/blanzy/projects/media-foundry/artifacts/mf-020/frames/frame-0207.png'
01:01.163  render           | Saved: '/home/blanzy/projects/media-foundry/artifacts/mf-020/frames/frame-0208.png'
01:01.476  render           | Saved: '/home/blanzy/projects/media-foundry/artifacts/mf-020/frames/frame-0209.png'
01:01.795  render           | Saved: '/home/blanzy/projects/media-foundry/artifacts/mf-020/frames/frame-0210.png'
01:02.112  render           | Saved: '/home/blanzy/projects/media-foundry/artifacts/mf-020/frames/frame-0211.png'
01:02.426  render           | Saved: '/home/blanzy/projects/media-foundry/artifacts/mf-020/frames/frame-0212.png'
01:02.737  render           | Saved: '/home/blanzy/projects/media-foundry/artifacts/mf-020/frames/frame-0213.png'
01:03.044  render           | Saved: '/home/blanzy/projects/media-foundry/artifacts/mf-020/frames/frame-0214.png'
01:03.355  render           | Saved: '/home/blanzy/projects/media-foundry/artifacts/mf-020/frames/frame-0215.png'
01:03.666  render           | Saved: '/home/blanzy/projects/media-foundry/artifacts/mf-020/frames/frame-0216.png'
01:03.981  render           | Saved: '/home/blanzy/projects/media-foundry/artifacts/mf-020/frames/frame-0217.png'
01:04.301  render           | Saved: '/home/blanzy/projects/media-foundry/artifacts/mf-020/frames/frame-0218.png'
01:04.616  render           | Saved: '/home/blanzy/projects/media-foundry/artifacts/mf-020/frames/frame-0219.png'
01:04.938  render           | Saved: '/home/blanzy/projects/media-foundry/artifacts/mf-020/frames/frame-0220.png'
01:05.258  render           | Saved: '/home/blanzy/projects/media-foundry/artifacts/mf-020/frames/frame-0221.png'
01:05.582  render           | Saved: '/home/blanzy/projects/media-foundry/artifacts/mf-020/frames/frame-0222.png'
01:05.909  render           | Saved: '/home/blanzy/projects/media-foundry/artifacts/mf-020/frames/frame-0223.png'
01:06.237  render           | Saved: '/home/blanzy/projects/media-foundry/artifacts/mf-020/frames/frame-0224.png'
01:06.562  render           | Saved: '/home/blanzy/projects/media-foundry/artifacts/mf-020/frames/frame-0225.png'
01:06.890  render           | Saved: '/home/blanzy/projects/media-foundry/artifacts/mf-020/frames/frame-0226.png'
01:07.218  render           | Saved: '/home/blanzy/projects/media-foundry/artifacts/mf-020/frames/frame-0227.png'
01:07.540  render           | Saved: '/home/blanzy/projects/media-foundry/artifacts/mf-020/frames/frame-0228.png'
01:07.859  render           | Saved: '/home/blanzy/projects/media-foundry/artifacts/mf-020/frames/frame-0229.png'
01:08.182  render           | Saved: '/home/blanzy/projects/media-foundry/artifacts/mf-020/frames/frame-0230.png'
01:08.506  render           | Saved: '/home/blanzy/projects/media-foundry/artifacts/mf-020/frames/frame-0231.png'
01:08.828  render           | Saved: '/home/blanzy/projects/media-foundry/artifacts/mf-020/frames/frame-0232.png'
01:09.154  render           | Saved: '/home/blanzy/projects/media-foundry/artifacts/mf-020/frames/frame-0233.png'
01:09.483  render           | Saved: '/home/blanzy/projects/media-foundry/artifacts/mf-020/frames/frame-0234.png'
01:09.814  render           | Saved: '/home/blanzy/projects/media-foundry/artifacts/mf-020/frames/frame-0235.png'
01:10.147  render           | Saved: '/home/blanzy/projects/media-foundry/artifacts/mf-020/frames/frame-0236.png'
01:10.474  render           | Saved: '/home/blanzy/projects/media-foundry/artifacts/mf-020/frames/frame-0237.png'
01:10.804  render           | Saved: '/home/blanzy/projects/media-foundry/artifacts/mf-020/frames/frame-0238.png'
01:11.127  render           | Saved: '/home/blanzy/projects/media-foundry/artifacts/mf-020/frames/frame-0239.png'
01:11.460  render           | Saved: '/home/blanzy/projects/media-foundry/artifacts/mf-020/frames/frame-0240.png'
01:11.789  render           | Saved: '/home/blanzy/projects/media-foundry/artifacts/mf-020/frames/frame-0241.png'
01:12.116  render           | Saved: '/home/blanzy/projects/media-foundry/artifacts/mf-020/frames/frame-0242.png'
01:12.441  render           | Saved: '/home/blanzy/projects/media-foundry/artifacts/mf-020/frames/frame-0243.png'
01:12.771  render           | Saved: '/home/blanzy/projects/media-foundry/artifacts/mf-020/frames/frame-0244.png'
01:13.099  render           | Saved: '/home/blanzy/projects/media-foundry/artifacts/mf-020/frames/frame-0245.png'
01:13.427  render           | Saved: '/home/blanzy/projects/media-foundry/artifacts/mf-020/frames/frame-0246.png'
01:13.761  render           | Saved: '/home/blanzy/projects/media-foundry/artifacts/mf-020/frames/frame-0247.png'
01:14.095  render           | Saved: '/home/blanzy/projects/media-foundry/artifacts/mf-020/frames/frame-0248.png'
01:14.432  render           | Saved: '/home/blanzy/projects/media-foundry/artifacts/mf-020/frames/frame-0249.png'
01:14.763  render           | Saved: '/home/blanzy/projects/media-foundry/artifacts/mf-020/frames/frame-0250.png'
01:15.093  render           | Saved: '/home/blanzy/projects/media-foundry/artifacts/mf-020/frames/frame-0251.png'
01:15.418  render           | Saved: '/home/blanzy/projects/media-foundry/artifacts/mf-020/frames/frame-0252.png'
01:15.744  render           | Saved: '/home/blanzy/projects/media-foundry/artifacts/mf-020/frames/frame-0253.png'
01:16.073  render           | Saved: '/home/blanzy/projects/media-foundry/artifacts/mf-020/frames/frame-0254.png'
01:16.401  render           | Saved: '/home/blanzy/projects/media-foundry/artifacts/mf-020/frames/frame-0255.png'
01:16.734  render           | Saved: '/home/blanzy/projects/media-foundry/artifacts/mf-020/frames/frame-0256.png'
01:17.063  render           | Saved: '/home/blanzy/projects/media-foundry/artifacts/mf-020/frames/frame-0257.png'
01:17.391  render           | Saved: '/home/blanzy/projects/media-foundry/artifacts/mf-020/frames/frame-0258.png'
01:17.726  render           | Saved: '/home/blanzy/projects/media-foundry/artifacts/mf-020/frames/frame-0259.png'
01:18.062  render           | Saved: '/home/blanzy/projects/media-foundry/artifacts/mf-020/frames/frame-0260.png'
01:18.396  render           | Saved: '/home/blanzy/projects/media-foundry/artifacts/mf-020/frames/frame-0261.png'
01:18.729  render           | Saved: '/home/blanzy/projects/media-foundry/artifacts/mf-020/frames/frame-0262.png'
01:19.059  render           | Saved: '/home/blanzy/projects/media-foundry/artifacts/mf-020/frames/frame-0263.png'
01:19.392  render           | Saved: '/home/blanzy/projects/media-foundry/artifacts/mf-020/frames/frame-0264.png'
01:19.723  render           | Saved: '/home/blanzy/projects/media-foundry/artifacts/mf-020/frames/frame-0265.png'
01:20.055  render           | Saved: '/home/blanzy/projects/media-foundry/artifacts/mf-020/frames/frame-0266.png'
01:20.381  render           | Saved: '/home/blanzy/projects/media-foundry/artifacts/mf-020/frames/frame-0267.png'
01:20.709  render           | Saved: '/home/blanzy/projects/media-foundry/artifacts/mf-020/frames/frame-0268.png'
01:21.041  render           | Saved: '/home/blanzy/projects/media-foundry/artifacts/mf-020/frames/frame-0269.png'
01:21.365  render           | Saved: '/home/blanzy/projects/media-foundry/artifacts/mf-020/frames/frame-0270.png'
01:21.696  render           | Saved: '/home/blanzy/projects/media-foundry/artifacts/mf-020/frames/frame-0271.png'
01:22.027  render           | Saved: '/home/blanzy/projects/media-foundry/artifacts/mf-020/frames/frame-0272.png'
01:22.361  render           | Saved: '/home/blanzy/projects/media-foundry/artifacts/mf-020/frames/frame-0273.png'
01:22.698  render           | Saved: '/home/blanzy/projects/media-foundry/artifacts/mf-020/frames/frame-0274.png'
01:23.031  render           | Saved: '/home/blanzy/projects/media-foundry/artifacts/mf-020/frames/frame-0275.png'
01:23.368  render           | Saved: '/home/blanzy/projects/media-foundry/artifacts/mf-020/frames/frame-0276.png'
01:23.700  render           | Saved: '/home/blanzy/projects/media-foundry/artifacts/mf-020/frames/frame-0277.png'
01:24.030  render           | Saved: '/home/blanzy/projects/media-foundry/artifacts/mf-020/frames/frame-0278.png'
01:24.359  render           | Saved: '/home/blanzy/projects/media-foundry/artifacts/mf-020/frames/frame-0279.png'
01:24.690  render           | Saved: '/home/blanzy/projects/media-foundry/artifacts/mf-020/frames/frame-0280.png'
01:25.019  render           | Saved: '/home/blanzy/projects/media-foundry/artifacts/mf-020/frames/frame-0281.png'
01:25.347  render           | Saved: '/home/blanzy/projects/media-foundry/artifacts/mf-020/frames/frame-0282.png'
01:25.682  render           | Saved: '/home/blanzy/projects/media-foundry/artifacts/mf-020/frames/frame-0283.png'
01:26.019  render           | Saved: '/home/blanzy/projects/media-foundry/artifacts/mf-020/frames/frame-0284.png'
01:26.352  render           | Saved: '/home/blanzy/projects/media-foundry/artifacts/mf-020/frames/frame-0285.png'
01:26.688  render           | Saved: '/home/blanzy/projects/media-foundry/artifacts/mf-020/frames/frame-0286.png'
01:27.021  render           | Saved: '/home/blanzy/projects/media-foundry/artifacts/mf-020/frames/frame-0287.png'
01:27.349  render           | Saved: '/home/blanzy/projects/media-foundry/artifacts/mf-020/frames/frame-0288.png'
01:27.682  render           | Saved: '/home/blanzy/projects/media-foundry/artifacts/mf-020/frames/frame-0289.png'
01:28.008  render           | Saved: '/home/blanzy/projects/media-foundry/artifacts/mf-020/frames/frame-0290.png'
01:28.335  render           | Saved: '/home/blanzy/projects/media-foundry/artifacts/mf-020/frames/frame-0291.png'
01:28.667  render           | Saved: '/home/blanzy/projects/media-foundry/artifacts/mf-020/frames/frame-0292.png'
01:28.998  render           | Saved: '/home/blanzy/projects/media-foundry/artifacts/mf-020/frames/frame-0293.png'
01:29.326  render           | Saved: '/home/blanzy/projects/media-foundry/artifacts/mf-020/frames/frame-0294.png'
01:29.658  render           | Saved: '/home/blanzy/projects/media-foundry/artifacts/mf-020/frames/frame-0295.png'
01:29.992  render           | Saved: '/home/blanzy/projects/media-foundry/artifacts/mf-020/frames/frame-0296.png'
01:30.331  render           | Saved: '/home/blanzy/projects/media-foundry/artifacts/mf-020/frames/frame-0297.png'
01:30.663  render           | Saved: '/home/blanzy/projects/media-foundry/artifacts/mf-020/frames/frame-0298.png'
01:30.993  render           | Saved: '/home/blanzy/projects/media-foundry/artifacts/mf-020/frames/frame-0299.png'
Info: Saved as "cinematic-reactor-hero.blend"
MF020_BLENDER_RENDER_OK {"build_ms": 572, "device": "CPU_HEADLESS_DEFAULT", "engine": "BLENDER_EEVEE", "mode": "frames", "render_ms": 89922, "rendered": 300, "resumed_frames": 0, "stage": "final", "total_ms": 90566}
Blender 5.2.0 LTS (hash fbe6228777e7 built 2026-07-14 01:32:04)

Blender quit
/home/blanzy/projects/media-foundry/scripts/blender/build_cinematic_reactor.py:229: DeprecationWarning: 'World.use_nodes' is expected to be removed in Blender 6.0
  world.use_nodes = True
/home/blanzy/projects/media-foundry/scripts/blender/build_cinematic_reactor.py:63: DeprecationWarning: 'Material.use_nodes' is expected to be removed in Blender 6.0
  value.use_nodes = True
/home/blanzy/projects/media-foundry/scripts/blender/build_cinematic_reactor.py:193: DeprecationWarning: 'Material.use_nodes' is expected to be removed in Blender 6.0
  value.use_nodes = True
/home/blanzy/projects/media-foundry/scripts/blender/build_cinematic_reactor.py:419: DeprecationWarning: 'Scene.use_nodes' is expected to be removed in Blender 6.0
  scene.use_nodes = True
