{
  "slice": "MF-008C",
  "fixture": "mf011-03-zeph-evolving-too-fast",
  "mode": "directed",
  "state": "READY",
  "creative": {
    "mechanism": "classification_link",
    "events": [
      "leo_resolve",
      "zeph_resolve",
      "bridge_attempt",
      "bridge_stable"
    ],
    "timing": {
      "intro_seconds": 5.6,
      "investigation_seconds": 13.0,
      "result_hold_seconds": 1.4,
      "cta_seconds": 6.0
    },
    "palette_profile": "mystery",
    "camera_profile": "calm_to_push",
    "node_profile": "urgent",
    "projection_profile": "classification",
    "cta_profile": "cool_signal",
    "audio_cue": "revelation"
  },
  "checks": {
    "required_fields": "PASS",
    "mechanism": "PASS",
    "palette_profile": "PASS",
    "camera_profile": "PASS",
    "node_profile": "PASS",
    "projection_profile": "PASS",
    "cta_profile": "PASS",
    "mechanism_events": "PASS",
    "timing_bounds": "PASS",
    "event_timing": "PASS",
    "audio_cue_exists": "PASS",
    "audio_cue_approved": "PENDING_APPROVAL"
  },
  "errors": [],
  "result": "PASS"
}
