{
  "slice": "MF-005R1",
  "fixture": "mf011-08-for-what-he-is",
  "status": "PASS",
  "source": "media/audio/music/unknown-process/Abandoned_Intake.mp3",
  "audio_path": "/home/blanzy/media-foundry-output/mf011/unknown-process-v1/campaign-run-002/08-for-what-he-is/audio/music.wav",
  "source_analysis": {
    "duration": 171.885667,
    "sample_rate": 44100,
    "channels": 2,
    "codec": "mp3",
    "container": "mp3",
    "bit_rate": 192000
  },
  "source_duration": 171.885667,
  "selected_offset": 114.0,
  "duration": 26.0,
  "continuous": true,
  "loop": false,
  "loop_count": 0,
  "normalization_lufs": -24.0,
  "gain_db": -5.0,
  "narration_duck_db": -8.0,
  "attack_ms": 90.0,
  "release_ms": 220.0,
  "fade_in": 0.4,
  "fade_out": 1.4,
  "activity": {
    "start": 0.0,
    "end": 26.0
  },
  "provenance": {
    "type": "user_supplied_generated",
    "asset_class": "approved_catalog_track",
    "release_eligible": true,
    "track_id": "abandoned_intake",
    "region_id": "pursuit_a",
    "source_sha256": "bd75a6c95880f923ebf5e259d149bfbd32c4c9663bca96a5a491adcc453f86ee",
    "approval_reviewer": "user",
    "usage": "MF-010 hash-bound human approval; local production master."
  },
  "source_sha256": "bd75a6c95880f923ebf5e259d149bfbd32c4c9663bca96a5a491adcc453f86ee",
  "prepared_sha256": "9361ae3808a5fc29f32dd111b3ebd46321a87ca8a1c98bdeeafdf0069f50a675",
  "preparation_seconds": 0.970369,
  "result": "PASS"
}
