00:00.423  blend            | Read blend: "/home/blanzy/projects/media-foundry/templates/blender/pulp-reactor-v1.blend"
/home/blanzy/projects/media-foundry/scripts/blender/build_mf_bench_001.py:194: DeprecationWarning: 'World.use_nodes' is expected to be removed in Blender 6.0
  scene.world.use_nodes = True
/home/blanzy/projects/media-foundry/scripts/blender/build_mf_bench_001.py:75: DeprecationWarning: 'Material.use_nodes' is expected to be removed in Blender 6.0
  result.use_nodes = True
/home/blanzy/projects/media-foundry/scripts/blender/build_mf_bench_001.py:56: DeprecationWarning: 'Material.use_nodes' is expected to be removed in Blender 6.0
  result.use_nodes = True
/home/blanzy/projects/media-foundry/scripts/blender/build_mf_bench_001.py:476: DeprecationWarning: 'Scene.use_nodes' is expected to be removed in Blender 6.0
  scene.use_nodes = True
00:02.114  render           | Saved: '/home/blanzy/projects/media-foundry/artifacts/mf-020r2/frames/frame-0000.png'
00:02.563  render           | Saved: '/home/blanzy/projects/media-foundry/artifacts/mf-020r2/frames/frame-0001.png'
00:03.020  render           | Saved: '/home/blanzy/projects/media-foundry/artifacts/mf-020r2/frames/frame-0002.png'
00:03.463  render           | Saved: '/home/blanzy/projects/media-foundry/artifacts/mf-020r2/frames/frame-0003.png'
00:03.906  render           | Saved: '/home/blanzy/projects/media-foundry/artifacts/mf-020r2/frames/frame-0004.png'
00:04.356  render           | Saved: '/home/blanzy/projects/media-foundry/artifacts/mf-020r2/frames/frame-0005.png'
00:04.794  render           | Saved: '/home/blanzy/projects/media-foundry/artifacts/mf-020r2/frames/frame-0006.png'
00:05.226  render           | Saved: '/home/blanzy/projects/media-foundry/artifacts/mf-020r2/frames/frame-0007.png'
00:05.670  render           | Saved: '/home/blanzy/projects/media-foundry/artifacts/mf-020r2/frames/frame-0008.png'
00:06.102  render           | Saved: '/home/blanzy/projects/media-foundry/artifacts/mf-020r2/frames/frame-0009.png'
00:06.536  render           | Saved: '/home/blanzy/projects/media-foundry/artifacts/mf-020r2/frames/frame-0010.png'
00:06.987  render           | Saved: '/home/blanzy/projects/media-foundry/artifacts/mf-020r2/frames/frame-0011.png'
00:07.437  render           | Saved: '/home/blanzy/projects/media-foundry/artifacts/mf-020r2/frames/frame-0012.png'
00:07.886  render           | Saved: '/home/blanzy/projects/media-foundry/artifacts/mf-020r2/frames/frame-0013.png'
00:08.308  render           | Saved: '/home/blanzy/projects/media-foundry/artifacts/mf-020r2/frames/frame-0014.png'
00:08.720  render           | Saved: '/home/blanzy/projects/media-foundry/artifacts/mf-020r2/frames/frame-0015.png'
00:09.131  render           | Saved: '/home/blanzy/projects/media-foundry/artifacts/mf-020r2/frames/frame-0016.png'
00:09.532  render           | Saved: '/home/blanzy/projects/media-foundry/artifacts/mf-020r2/frames/frame-0017.png'
00:09.935  render           | Saved: '/home/blanzy/projects/media-foundry/artifacts/mf-020r2/frames/frame-0018.png'
00:10.341  render           | Saved: '/home/blanzy/projects/media-foundry/artifacts/mf-020r2/frames/frame-0019.png'
00:10.752  render           | Saved: '/home/blanzy/projects/media-foundry/artifacts/mf-020r2/frames/frame-0020.png'
00:11.156  render           | Saved: '/home/blanzy/projects/media-foundry/artifacts/mf-020r2/frames/frame-0021.png'
00:11.561  render           | Saved: '/home/blanzy/projects/media-foundry/artifacts/mf-020r2/frames/frame-0022.png'
00:11.972  render           | Saved: '/home/blanzy/projects/media-foundry/artifacts/mf-020r2/frames/frame-0023.png'
00:12.377  render           | Saved: '/home/blanzy/projects/media-foundry/artifacts/mf-020r2/frames/frame-0024.png'
00:12.784  render           | Saved: '/home/blanzy/projects/media-foundry/artifacts/mf-020r2/frames/frame-0025.png'
00:13.188  render           | Saved: '/home/blanzy/projects/media-foundry/artifacts/mf-020r2/frames/frame-0026.png'
00:13.608  render           | Saved: '/home/blanzy/projects/media-foundry/artifacts/mf-020r2/frames/frame-0027.png'
00:14.013  render           | Saved: '/home/blanzy/projects/media-foundry/artifacts/mf-020r2/frames/frame-0028.png'
00:14.426  render           | Saved: '/home/blanzy/projects/media-foundry/artifacts/mf-020r2/frames/frame-0029.png'
00:14.833  render           | Saved: '/home/blanzy/projects/media-foundry/artifacts/mf-020r2/frames/frame-0030.png'
00:15.244  render           | Saved: '/home/blanzy/projects/media-foundry/artifacts/mf-020r2/frames/frame-0031.png'
00:15.648  render           | Saved: '/home/blanzy/projects/media-foundry/artifacts/mf-020r2/frames/frame-0032.png'
00:16.062  render           | Saved: '/home/blanzy/projects/media-foundry/artifacts/mf-020r2/frames/frame-0033.png'
00:16.476  render           | Saved: '/home/blanzy/projects/media-foundry/artifacts/mf-020r2/frames/frame-0034.png'
00:16.885  render           | Saved: '/home/blanzy/projects/media-foundry/artifacts/mf-020r2/frames/frame-0035.png'
00:17.288  render           | Saved: '/home/blanzy/projects/media-foundry/artifacts/mf-020r2/frames/frame-0036.png'
00:17.687  render           | Saved: '/home/blanzy/projects/media-foundry/artifacts/mf-020r2/frames/frame-0037.png'
00:18.085  render           | Saved: '/home/blanzy/projects/media-foundry/artifacts/mf-020r2/frames/frame-0038.png'
00:18.490  render           | Saved: '/home/blanzy/projects/media-foundry/artifacts/mf-020r2/frames/frame-0039.png'
00:18.896  render           | Saved: '/home/blanzy/projects/media-foundry/artifacts/mf-020r2/frames/frame-0040.png'
00:19.299  render           | Saved: '/home/blanzy/projects/media-foundry/artifacts/mf-020r2/frames/frame-0041.png'
00:19.707  render           | Saved: '/home/blanzy/projects/media-foundry/artifacts/mf-020r2/frames/frame-0042.png'
00:20.111  render           | Saved: '/home/blanzy/projects/media-foundry/artifacts/mf-020r2/frames/frame-0043.png'
00:20.512  render           | Saved: '/home/blanzy/projects/media-foundry/artifacts/mf-020r2/frames/frame-0044.png'
00:20.918  render           | Saved: '/home/blanzy/projects/media-foundry/artifacts/mf-020r2/frames/frame-0045.png'
00:21.324  render           | Saved: '/home/blanzy/projects/media-foundry/artifacts/mf-020r2/frames/frame-0046.png'
00:21.730  render           | Saved: '/home/blanzy/projects/media-foundry/artifacts/mf-020r2/frames/frame-0047.png'
00:22.138  render           | Saved: '/home/blanzy/projects/media-foundry/artifacts/mf-020r2/frames/frame-0048.png'
00:22.543  render           | Saved: '/home/blanzy/projects/media-foundry/artifacts/mf-020r2/frames/frame-0049.png'
00:22.941  render           | Saved: '/home/blanzy/projects/media-foundry/artifacts/mf-020r2/frames/frame-0050.png'
00:23.344  render           | Saved: '/home/blanzy/projects/media-foundry/artifacts/mf-020r2/frames/frame-0051.png'
00:23.747  render           | Saved: '/home/blanzy/projects/media-foundry/artifacts/mf-020r2/frames/frame-0052.png'
00:24.150  render           | Saved: '/home/blanzy/projects/media-foundry/artifacts/mf-020r2/frames/frame-0053.png'
00:24.559  render           | Saved: '/home/blanzy/projects/media-foundry/artifacts/mf-020r2/frames/frame-0054.png'
00:24.964  render           | Saved: '/home/blanzy/projects/media-foundry/artifacts/mf-020r2/frames/frame-0055.png'
00:25.374  render           | Saved: '/home/blanzy/projects/media-foundry/artifacts/mf-020r2/frames/frame-0056.png'
00:25.775  render           | Saved: '/home/blanzy/projects/media-foundry/artifacts/mf-020r2/frames/frame-0057.png'
00:26.175  render           | Saved: '/home/blanzy/projects/media-foundry/artifacts/mf-020r2/frames/frame-0058.png'
00:26.580  render           | Saved: '/home/blanzy/projects/media-foundry/artifacts/mf-020r2/frames/frame-0059.png'
00:26.988  render           | Saved: '/home/blanzy/projects/media-foundry/artifacts/mf-020r2/frames/frame-0060.png'
00:27.392  render           | Saved: '/home/blanzy/projects/media-foundry/artifacts/mf-020r2/frames/frame-0061.png'
00:27.793  render           | Saved: '/home/blanzy/projects/media-foundry/artifacts/mf-020r2/frames/frame-0062.png'
00:28.191  render           | Saved: '/home/blanzy/projects/media-foundry/artifacts/mf-020r2/frames/frame-0063.png'
00:28.600  render           | Saved: '/home/blanzy/projects/media-foundry/artifacts/mf-020r2/frames/frame-0064.png'
00:29.012  render           | Saved: '/home/blanzy/projects/media-foundry/artifacts/mf-020r2/frames/frame-0065.png'
00:29.420  render           | Saved: '/home/blanzy/projects/media-foundry/artifacts/mf-020r2/frames/frame-0066.png'
00:29.823  render           | Saved: '/home/blanzy/projects/media-foundry/artifacts/mf-020r2/frames/frame-0067.png'
00:30.225  render           | Saved: '/home/blanzy/projects/media-foundry/artifacts/mf-020r2/frames/frame-0068.png'
00:30.626  render           | Saved: '/home/blanzy/projects/media-foundry/artifacts/mf-020r2/frames/frame-0069.png'
00:31.030  render           | Saved: '/home/blanzy/projects/media-foundry/artifacts/mf-020r2/frames/frame-0070.png'
00:31.433  render           | Saved: '/home/blanzy/projects/media-foundry/artifacts/mf-020r2/frames/frame-0071.png'
00:31.841  render           | Saved: '/home/blanzy/projects/media-foundry/artifacts/mf-020r2/frames/frame-0072.png'
00:32.243  render           | Saved: '/home/blanzy/projects/media-foundry/artifacts/mf-020r2/frames/frame-0073.png'
00:32.651  render           | Saved: '/home/blanzy/projects/media-foundry/artifacts/mf-020r2/frames/frame-0074.png'
00:33.063  render           | Saved: '/home/blanzy/projects/media-foundry/artifacts/mf-020r2/frames/frame-0075.png'
00:33.470  render           | Saved: '/home/blanzy/projects/media-foundry/artifacts/mf-020r2/frames/frame-0076.png'
00:33.879  render           | Saved: '/home/blanzy/projects/media-foundry/artifacts/mf-020r2/frames/frame-0077.png'
00:34.283  render           | Saved: '/home/blanzy/projects/media-foundry/artifacts/mf-020r2/frames/frame-0078.png'
00:34.684  render           | Saved: '/home/blanzy/projects/media-foundry/artifacts/mf-020r2/frames/frame-0079.png'
00:35.087  render           | Saved: '/home/blanzy/projects/media-foundry/artifacts/mf-020r2/frames/frame-0080.png'
00:35.491  render           | Saved: '/home/blanzy/projects/media-foundry/artifacts/mf-020r2/frames/frame-0081.png'
00:35.904  render           | Saved: '/home/blanzy/projects/media-foundry/artifacts/mf-020r2/frames/frame-0082.png'
00:36.313  render           | Saved: '/home/blanzy/projects/media-foundry/artifacts/mf-020r2/frames/frame-0083.png'
00:36.715  render           | Saved: '/home/blanzy/projects/media-foundry/artifacts/mf-020r2/frames/frame-0084.png'
00:37.119  render           | Saved: '/home/blanzy/projects/media-foundry/artifacts/mf-020r2/frames/frame-0085.png'
00:37.526  render           | Saved: '/home/blanzy/projects/media-foundry/artifacts/mf-020r2/frames/frame-0086.png'
00:37.940  render           | Saved: '/home/blanzy/projects/media-foundry/artifacts/mf-020r2/frames/frame-0087.png'
00:38.343  render           | Saved: '/home/blanzy/projects/media-foundry/artifacts/mf-020r2/frames/frame-0088.png'
00:38.745  render           | Saved: '/home/blanzy/projects/media-foundry/artifacts/mf-020r2/frames/frame-0089.png'
00:39.148  render           | Saved: '/home/blanzy/projects/media-foundry/artifacts/mf-020r2/frames/frame-0090.png'
00:39.555  render           | Saved: '/home/blanzy/projects/media-foundry/artifacts/mf-020r2/frames/frame-0091.png'
00:39.959  render           | Saved: '/home/blanzy/projects/media-foundry/artifacts/mf-020r2/frames/frame-0092.png'
00:40.362  render           | Saved: '/home/blanzy/projects/media-foundry/artifacts/mf-020r2/frames/frame-0093.png'
00:40.770  render           | Saved: '/home/blanzy/projects/media-foundry/artifacts/mf-020r2/frames/frame-0094.png'
00:41.177  render           | Saved: '/home/blanzy/projects/media-foundry/artifacts/mf-020r2/frames/frame-0095.png'
00:41.584  render           | Saved: '/home/blanzy/projects/media-foundry/artifacts/mf-020r2/frames/frame-0096.png'
00:41.997  render           | Saved: '/home/blanzy/projects/media-foundry/artifacts/mf-020r2/frames/frame-0097.png'
00:42.412  render           | Saved: '/home/blanzy/projects/media-foundry/artifacts/mf-020r2/frames/frame-0098.png'
00:42.813  render           | Saved: '/home/blanzy/projects/media-foundry/artifacts/mf-020r2/frames/frame-0099.png'
00:43.215  render           | Saved: '/home/blanzy/projects/media-foundry/artifacts/mf-020r2/frames/frame-0100.png'
00:43.616  render           | Saved: '/home/blanzy/projects/media-foundry/artifacts/mf-020r2/frames/frame-0101.png'
00:44.022  render           | Saved: '/home/blanzy/projects/media-foundry/artifacts/mf-020r2/frames/frame-0102.png'
00:44.431  render           | Saved: '/home/blanzy/projects/media-foundry/artifacts/mf-020r2/frames/frame-0103.png'
00:44.839  render           | Saved: '/home/blanzy/projects/media-foundry/artifacts/mf-020r2/frames/frame-0104.png'
00:45.250  render           | Saved: '/home/blanzy/projects/media-foundry/artifacts/mf-020r2/frames/frame-0105.png'
00:45.652  render           | Saved: '/home/blanzy/projects/media-foundry/artifacts/mf-020r2/frames/frame-0106.png'
00:46.054  render           | Saved: '/home/blanzy/projects/media-foundry/artifacts/mf-020r2/frames/frame-0107.png'
00:46.458  render           | Saved: '/home/blanzy/projects/media-foundry/artifacts/mf-020r2/frames/frame-0108.png'
00:46.865  render           | Saved: '/home/blanzy/projects/media-foundry/artifacts/mf-020r2/frames/frame-0109.png'
00:47.280  render           | Saved: '/home/blanzy/projects/media-foundry/artifacts/mf-020r2/frames/frame-0110.png'
00:47.712  render           | Saved: '/home/blanzy/projects/media-foundry/artifacts/mf-020r2/frames/frame-0111.png'
00:48.128  render           | Saved: '/home/blanzy/projects/media-foundry/artifacts/mf-020r2/frames/frame-0112.png'
00:48.533  render           | Saved: '/home/blanzy/projects/media-foundry/artifacts/mf-020r2/frames/frame-0113.png'
00:48.948  render           | Saved: '/home/blanzy/projects/media-foundry/artifacts/mf-020r2/frames/frame-0114.png'
00:49.361  render           | Saved: '/home/blanzy/projects/media-foundry/artifacts/mf-020r2/frames/frame-0115.png'
00:49.769  render           | Saved: '/home/blanzy/projects/media-foundry/artifacts/mf-020r2/frames/frame-0116.png'
00:50.179  render           | Saved: '/home/blanzy/projects/media-foundry/artifacts/mf-020r2/frames/frame-0117.png'
00:50.590  render           | Saved: '/home/blanzy/projects/media-foundry/artifacts/mf-020r2/frames/frame-0118.png'
00:50.996  render           | Saved: '/home/blanzy/projects/media-foundry/artifacts/mf-020r2/frames/frame-0119.png'
00:51.403  render           | Saved: '/home/blanzy/projects/media-foundry/artifacts/mf-020r2/frames/frame-0120.png'
00:51.811  render           | Saved: '/home/blanzy/projects/media-foundry/artifacts/mf-020r2/frames/frame-0121.png'
00:52.217  render           | Saved: '/home/blanzy/projects/media-foundry/artifacts/mf-020r2/frames/frame-0122.png'
00:52.624  render           | Saved: '/home/blanzy/projects/media-foundry/artifacts/mf-020r2/frames/frame-0123.png'
00:53.033  render           | Saved: '/home/blanzy/projects/media-foundry/artifacts/mf-020r2/frames/frame-0124.png'
00:53.439  render           | Saved: '/home/blanzy/projects/media-foundry/artifacts/mf-020r2/frames/frame-0125.png'
00:53.848  render           | Saved: '/home/blanzy/projects/media-foundry/artifacts/mf-020r2/frames/frame-0126.png'
00:54.256  render           | Saved: '/home/blanzy/projects/media-foundry/artifacts/mf-020r2/frames/frame-0127.png'
00:54.667  render           | Saved: '/home/blanzy/projects/media-foundry/artifacts/mf-020r2/frames/frame-0128.png'
00:55.081  render           | Saved: '/home/blanzy/projects/media-foundry/artifacts/mf-020r2/frames/frame-0129.png'
00:55.486  render           | Saved: '/home/blanzy/projects/media-foundry/artifacts/mf-020r2/frames/frame-0130.png'
00:55.891  render           | Saved: '/home/blanzy/projects/media-foundry/artifacts/mf-020r2/frames/frame-0131.png'
00:56.306  render           | Saved: '/home/blanzy/projects/media-foundry/artifacts/mf-020r2/frames/frame-0132.png'
00:56.714  render           | Saved: '/home/blanzy/projects/media-foundry/artifacts/mf-020r2/frames/frame-0133.png'
00:57.130  render           | Saved: '/home/blanzy/projects/media-foundry/artifacts/mf-020r2/frames/frame-0134.png'
00:57.546  render           | Saved: '/home/blanzy/projects/media-foundry/artifacts/mf-020r2/frames/frame-0135.png'
00:57.958  render           | Saved: '/home/blanzy/projects/media-foundry/artifacts/mf-020r2/frames/frame-0136.png'
00:58.365  render           | Saved: '/home/blanzy/projects/media-foundry/artifacts/mf-020r2/frames/frame-0137.png'
00:58.776  render           | Saved: '/home/blanzy/projects/media-foundry/artifacts/mf-020r2/frames/frame-0138.png'
00:59.186  render           | Saved: '/home/blanzy/projects/media-foundry/artifacts/mf-020r2/frames/frame-0139.png'
00:59.599  render           | Saved: '/home/blanzy/projects/media-foundry/artifacts/mf-020r2/frames/frame-0140.png'
01:00.013  render           | Saved: '/home/blanzy/projects/media-foundry/artifacts/mf-020r2/frames/frame-0141.png'
01:00.423  render           | Saved: '/home/blanzy/projects/media-foundry/artifacts/mf-020r2/frames/frame-0142.png'
01:00.828  render           | Saved: '/home/blanzy/projects/media-foundry/artifacts/mf-020r2/frames/frame-0143.png'
01:01.236  render           | Saved: '/home/blanzy/projects/media-foundry/artifacts/mf-020r2/frames/frame-0144.png'
01:01.646  render           | Saved: '/home/blanzy/projects/media-foundry/artifacts/mf-020r2/frames/frame-0145.png'
01:02.058  render           | Saved: '/home/blanzy/projects/media-foundry/artifacts/mf-020r2/frames/frame-0146.png'
01:02.468  render           | Saved: '/home/blanzy/projects/media-foundry/artifacts/mf-020r2/frames/frame-0147.png'
01:02.873  render           | Saved: '/home/blanzy/projects/media-foundry/artifacts/mf-020r2/frames/frame-0148.png'
01:03.277  render           | Saved: '/home/blanzy/projects/media-foundry/artifacts/mf-020r2/frames/frame-0149.png'
01:03.686  render           | Saved: '/home/blanzy/projects/media-foundry/artifacts/mf-020r2/frames/frame-0150.png'
01:04.097  render           | Saved: '/home/blanzy/projects/media-foundry/artifacts/mf-020r2/frames/frame-0151.png'
01:04.502  render           | Saved: '/home/blanzy/projects/media-foundry/artifacts/mf-020r2/frames/frame-0152.png'
01:04.910  render           | Saved: '/home/blanzy/projects/media-foundry/artifacts/mf-020r2/frames/frame-0153.png'
01:05.312  render           | Saved: '/home/blanzy/projects/media-foundry/artifacts/mf-020r2/frames/frame-0154.png'
01:05.722  render           | Saved: '/home/blanzy/projects/media-foundry/artifacts/mf-020r2/frames/frame-0155.png'
01:06.122  render           | Saved: '/home/blanzy/projects/media-foundry/artifacts/mf-020r2/frames/frame-0156.png'
01:06.534  render           | Saved: '/home/blanzy/projects/media-foundry/artifacts/mf-020r2/frames/frame-0157.png'
01:06.944  render           | Saved: '/home/blanzy/projects/media-foundry/artifacts/mf-020r2/frames/frame-0158.png'
01:07.353  render           | Saved: '/home/blanzy/projects/media-foundry/artifacts/mf-020r2/frames/frame-0159.png'
01:07.766  render           | Saved: '/home/blanzy/projects/media-foundry/artifacts/mf-020r2/frames/frame-0160.png'
01:08.173  render           | Saved: '/home/blanzy/projects/media-foundry/artifacts/mf-020r2/frames/frame-0161.png'
01:08.578  render           | Saved: '/home/blanzy/projects/media-foundry/artifacts/mf-020r2/frames/frame-0162.png'
01:08.981  render           | Saved: '/home/blanzy/projects/media-foundry/artifacts/mf-020r2/frames/frame-0163.png'
01:09.383  render           | Saved: '/home/blanzy/projects/media-foundry/artifacts/mf-020r2/frames/frame-0164.png'
01:09.798  render           | Saved: '/home/blanzy/projects/media-foundry/artifacts/mf-020r2/frames/frame-0165.png'
01:10.202  render           | Saved: '/home/blanzy/projects/media-foundry/artifacts/mf-020r2/frames/frame-0166.png'
01:10.606  render           | Saved: '/home/blanzy/projects/media-foundry/artifacts/mf-020r2/frames/frame-0167.png'
01:11.011  render           | Saved: '/home/blanzy/projects/media-foundry/artifacts/mf-020r2/frames/frame-0168.png'
01:11.424  render           | Saved: '/home/blanzy/projects/media-foundry/artifacts/mf-020r2/frames/frame-0169.png'
01:11.835  render           | Saved: '/home/blanzy/projects/media-foundry/artifacts/mf-020r2/frames/frame-0170.png'
01:12.241  render           | Saved: '/home/blanzy/projects/media-foundry/artifacts/mf-020r2/frames/frame-0171.png'
01:12.655  render           | Saved: '/home/blanzy/projects/media-foundry/artifacts/mf-020r2/frames/frame-0172.png'
01:13.061  render           | Saved: '/home/blanzy/projects/media-foundry/artifacts/mf-020r2/frames/frame-0173.png'
01:13.482  render           | Saved: '/home/blanzy/projects/media-foundry/artifacts/mf-020r2/frames/frame-0174.png'
01:13.903  render           | Saved: '/home/blanzy/projects/media-foundry/artifacts/mf-020r2/frames/frame-0175.png'
01:14.309  render           | Saved: '/home/blanzy/projects/media-foundry/artifacts/mf-020r2/frames/frame-0176.png'
01:14.721  render           | Saved: '/home/blanzy/projects/media-foundry/artifacts/mf-020r2/frames/frame-0177.png'
01:15.129  render           | Saved: '/home/blanzy/projects/media-foundry/artifacts/mf-020r2/frames/frame-0178.png'
01:15.539  render           | Saved: '/home/blanzy/projects/media-foundry/artifacts/mf-020r2/frames/frame-0179.png'
01:15.946  render           | Saved: '/home/blanzy/projects/media-foundry/artifacts/mf-020r2/frames/frame-0180.png'
01:16.356  render           | Saved: '/home/blanzy/projects/media-foundry/artifacts/mf-020r2/frames/frame-0181.png'
01:16.763  render           | Saved: '/home/blanzy/projects/media-foundry/artifacts/mf-020r2/frames/frame-0182.png'
01:17.178  render           | Saved: '/home/blanzy/projects/media-foundry/artifacts/mf-020r2/frames/frame-0183.png'
01:17.585  render           | Saved: '/home/blanzy/projects/media-foundry/artifacts/mf-020r2/frames/frame-0184.png'
01:17.992  render           | Saved: '/home/blanzy/projects/media-foundry/artifacts/mf-020r2/frames/frame-0185.png'
01:18.402  render           | Saved: '/home/blanzy/projects/media-foundry/artifacts/mf-020r2/frames/frame-0186.png'
01:18.807  render           | Saved: '/home/blanzy/projects/media-foundry/artifacts/mf-020r2/frames/frame-0187.png'
01:19.213  render           | Saved: '/home/blanzy/projects/media-foundry/artifacts/mf-020r2/frames/frame-0188.png'
01:19.627  render           | Saved: '/home/blanzy/projects/media-foundry/artifacts/mf-020r2/frames/frame-0189.png'
01:20.040  render           | Saved: '/home/blanzy/projects/media-foundry/artifacts/mf-020r2/frames/frame-0190.png'
01:20.458  render           | Saved: '/home/blanzy/projects/media-foundry/artifacts/mf-020r2/frames/frame-0191.png'
01:20.880  render           | Saved: '/home/blanzy/projects/media-foundry/artifacts/mf-020r2/frames/frame-0192.png'
01:21.294  render           | Saved: '/home/blanzy/projects/media-foundry/artifacts/mf-020r2/frames/frame-0193.png'
01:21.700  render           | Saved: '/home/blanzy/projects/media-foundry/artifacts/mf-020r2/frames/frame-0194.png'
01:22.102  render           | Saved: '/home/blanzy/projects/media-foundry/artifacts/mf-020r2/frames/frame-0195.png'
01:22.508  render           | Saved: '/home/blanzy/projects/media-foundry/artifacts/mf-020r2/frames/frame-0196.png'
01:22.919  render           | Saved: '/home/blanzy/projects/media-foundry/artifacts/mf-020r2/frames/frame-0197.png'
01:23.335  render           | Saved: '/home/blanzy/projects/media-foundry/artifacts/mf-020r2/frames/frame-0198.png'
01:23.745  render           | Saved: '/home/blanzy/projects/media-foundry/artifacts/mf-020r2/frames/frame-0199.png'
01:24.169  render           | Saved: '/home/blanzy/projects/media-foundry/artifacts/mf-020r2/frames/frame-0200.png'
01:24.577  render           | Saved: '/home/blanzy/projects/media-foundry/artifacts/mf-020r2/frames/frame-0201.png'
01:24.995  render           | Saved: '/home/blanzy/projects/media-foundry/artifacts/mf-020r2/frames/frame-0202.png'
01:25.404  render           | Saved: '/home/blanzy/projects/media-foundry/artifacts/mf-020r2/frames/frame-0203.png'
01:25.820  render           | Saved: '/home/blanzy/projects/media-foundry/artifacts/mf-020r2/frames/frame-0204.png'
01:26.229  render           | Saved: '/home/blanzy/projects/media-foundry/artifacts/mf-020r2/frames/frame-0205.png'
01:26.641  render           | Saved: '/home/blanzy/projects/media-foundry/artifacts/mf-020r2/frames/frame-0206.png'
01:27.050  render           | Saved: '/home/blanzy/projects/media-foundry/artifacts/mf-020r2/frames/frame-0207.png'
01:27.461  render           | Saved: '/home/blanzy/projects/media-foundry/artifacts/mf-020r2/frames/frame-0208.png'
01:27.871  render           | Saved: '/home/blanzy/projects/media-foundry/artifacts/mf-020r2/frames/frame-0209.png'
01:28.281  render           | Saved: '/home/blanzy/projects/media-foundry/artifacts/mf-020r2/frames/frame-0210.png'
01:28.693  render           | Saved: '/home/blanzy/projects/media-foundry/artifacts/mf-020r2/frames/frame-0211.png'
01:29.107  render           | Saved: '/home/blanzy/projects/media-foundry/artifacts/mf-020r2/frames/frame-0212.png'
01:29.519  render           | Saved: '/home/blanzy/projects/media-foundry/artifacts/mf-020r2/frames/frame-0213.png'
01:29.927  render           | Saved: '/home/blanzy/projects/media-foundry/artifacts/mf-020r2/frames/frame-0214.png'
01:30.329  render           | Saved: '/home/blanzy/projects/media-foundry/artifacts/mf-020r2/frames/frame-0215.png'
01:30.738  render           | Saved: '/home/blanzy/projects/media-foundry/artifacts/mf-020r2/frames/frame-0216.png'
01:31.150  render           | Saved: '/home/blanzy/projects/media-foundry/artifacts/mf-020r2/frames/frame-0217.png'
01:31.562  render           | Saved: '/home/blanzy/projects/media-foundry/artifacts/mf-020r2/frames/frame-0218.png'
01:31.975  render           | Saved: '/home/blanzy/projects/media-foundry/artifacts/mf-020r2/frames/frame-0219.png'
01:32.391  render           | Saved: '/home/blanzy/projects/media-foundry/artifacts/mf-020r2/frames/frame-0220.png'
01:32.811  render           | Saved: '/home/blanzy/projects/media-foundry/artifacts/mf-020r2/frames/frame-0221.png'
01:33.230  render           | Saved: '/home/blanzy/projects/media-foundry/artifacts/mf-020r2/frames/frame-0222.png'
01:33.656  render           | Saved: '/home/blanzy/projects/media-foundry/artifacts/mf-020r2/frames/frame-0223.png'
01:34.071  render           | Saved: '/home/blanzy/projects/media-foundry/artifacts/mf-020r2/frames/frame-0224.png'
01:34.481  render           | Saved: '/home/blanzy/projects/media-foundry/artifacts/mf-020r2/frames/frame-0225.png'
01:34.893  render           | Saved: '/home/blanzy/projects/media-foundry/artifacts/mf-020r2/frames/frame-0226.png'
01:35.307  render           | Saved: '/home/blanzy/projects/media-foundry/artifacts/mf-020r2/frames/frame-0227.png'
01:35.721  render           | Saved: '/home/blanzy/projects/media-foundry/artifacts/mf-020r2/frames/frame-0228.png'
01:36.136  render           | Saved: '/home/blanzy/projects/media-foundry/artifacts/mf-020r2/frames/frame-0229.png'
01:36.542  render           | Saved: '/home/blanzy/projects/media-foundry/artifacts/mf-020r2/frames/frame-0230.png'
01:36.967  render           | Saved: '/home/blanzy/projects/media-foundry/artifacts/mf-020r2/frames/frame-0231.png'
01:37.381  render           | Saved: '/home/blanzy/projects/media-foundry/artifacts/mf-020r2/frames/frame-0232.png'
01:37.791  render           | Saved: '/home/blanzy/projects/media-foundry/artifacts/mf-020r2/frames/frame-0233.png'
01:38.199  render           | Saved: '/home/blanzy/projects/media-foundry/artifacts/mf-020r2/frames/frame-0234.png'
01:38.618  render           | Saved: '/home/blanzy/projects/media-foundry/artifacts/mf-020r2/frames/frame-0235.png'
01:39.044  render           | Saved: '/home/blanzy/projects/media-foundry/artifacts/mf-020r2/frames/frame-0236.png'
01:39.478  render           | Saved: '/home/blanzy/projects/media-foundry/artifacts/mf-020r2/frames/frame-0237.png'
01:39.936  render           | Saved: '/home/blanzy/projects/media-foundry/artifacts/mf-020r2/frames/frame-0238.png'
01:40.410  render           | Saved: '/home/blanzy/projects/media-foundry/artifacts/mf-020r2/frames/frame-0239.png'
01:40.893  render           | Saved: '/home/blanzy/projects/media-foundry/artifacts/mf-020r2/frames/frame-0240.png'
01:41.375  render           | Saved: '/home/blanzy/projects/media-foundry/artifacts/mf-020r2/frames/frame-0241.png'
01:41.866  render           | Saved: '/home/blanzy/projects/media-foundry/artifacts/mf-020r2/frames/frame-0242.png'
01:42.358  render           | Saved: '/home/blanzy/projects/media-foundry/artifacts/mf-020r2/frames/frame-0243.png'
01:42.837  render           | Saved: '/home/blanzy/projects/media-foundry/artifacts/mf-020r2/frames/frame-0244.png'
01:43.316  render           | Saved: '/home/blanzy/projects/media-foundry/artifacts/mf-020r2/frames/frame-0245.png'
01:43.801  render           | Saved: '/home/blanzy/projects/media-foundry/artifacts/mf-020r2/frames/frame-0246.png'
01:44.281  render           | Saved: '/home/blanzy/projects/media-foundry/artifacts/mf-020r2/frames/frame-0247.png'
01:44.765  render           | Saved: '/home/blanzy/projects/media-foundry/artifacts/mf-020r2/frames/frame-0248.png'
01:45.256  render           | Saved: '/home/blanzy/projects/media-foundry/artifacts/mf-020r2/frames/frame-0249.png'
01:45.742  render           | Saved: '/home/blanzy/projects/media-foundry/artifacts/mf-020r2/frames/frame-0250.png'
01:46.244  render           | Saved: '/home/blanzy/projects/media-foundry/artifacts/mf-020r2/frames/frame-0251.png'
01:46.725  render           | Saved: '/home/blanzy/projects/media-foundry/artifacts/mf-020r2/frames/frame-0252.png'
01:47.208  render           | Saved: '/home/blanzy/projects/media-foundry/artifacts/mf-020r2/frames/frame-0253.png'
01:47.697  render           | Saved: '/home/blanzy/projects/media-foundry/artifacts/mf-020r2/frames/frame-0254.png'
01:48.178  render           | Saved: '/home/blanzy/projects/media-foundry/artifacts/mf-020r2/frames/frame-0255.png'
01:48.658  render           | Saved: '/home/blanzy/projects/media-foundry/artifacts/mf-020r2/frames/frame-0256.png'
01:49.141  render           | Saved: '/home/blanzy/projects/media-foundry/artifacts/mf-020r2/frames/frame-0257.png'
01:49.636  render           | Saved: '/home/blanzy/projects/media-foundry/artifacts/mf-020r2/frames/frame-0258.png'
01:50.125  render           | Saved: '/home/blanzy/projects/media-foundry/artifacts/mf-020r2/frames/frame-0259.png'
01:50.617  render           | Saved: '/home/blanzy/projects/media-foundry/artifacts/mf-020r2/frames/frame-0260.png'
01:51.108  render           | Saved: '/home/blanzy/projects/media-foundry/artifacts/mf-020r2/frames/frame-0261.png'
01:51.592  render           | Saved: '/home/blanzy/projects/media-foundry/artifacts/mf-020r2/frames/frame-0262.png'
01:52.073  render           | Saved: '/home/blanzy/projects/media-foundry/artifacts/mf-020r2/frames/frame-0263.png'
01:52.559  render           | Saved: '/home/blanzy/projects/media-foundry/artifacts/mf-020r2/frames/frame-0264.png'
01:53.032  render           | Saved: '/home/blanzy/projects/media-foundry/artifacts/mf-020r2/frames/frame-0265.png'
01:53.514  render           | Saved: '/home/blanzy/projects/media-foundry/artifacts/mf-020r2/frames/frame-0266.png'
01:53.991  render           | Saved: '/home/blanzy/projects/media-foundry/artifacts/mf-020r2/frames/frame-0267.png'
01:54.479  render           | Saved: '/home/blanzy/projects/media-foundry/artifacts/mf-020r2/frames/frame-0268.png'
01:54.961  render           | Saved: '/home/blanzy/projects/media-foundry/artifacts/mf-020r2/frames/frame-0269.png'
01:55.449  render           | Saved: '/home/blanzy/projects/media-foundry/artifacts/mf-020r2/frames/frame-0270.png'
01:55.935  render           | Saved: '/home/blanzy/projects/media-foundry/artifacts/mf-020r2/frames/frame-0271.png'
01:56.419  render           | Saved: '/home/blanzy/projects/media-foundry/artifacts/mf-020r2/frames/frame-0272.png'
01:56.900  render           | Saved: '/home/blanzy/projects/media-foundry/artifacts/mf-020r2/frames/frame-0273.png'
01:57.384  render           | Saved: '/home/blanzy/projects/media-foundry/artifacts/mf-020r2/frames/frame-0274.png'
01:57.877  render           | Saved: '/home/blanzy/projects/media-foundry/artifacts/mf-020r2/frames/frame-0275.png'
01:58.366  render           | Saved: '/home/blanzy/projects/media-foundry/artifacts/mf-020r2/frames/frame-0276.png'
01:58.854  render           | Saved: '/home/blanzy/projects/media-foundry/artifacts/mf-020r2/frames/frame-0277.png'
01:59.328  render           | Saved: '/home/blanzy/projects/media-foundry/artifacts/mf-020r2/frames/frame-0278.png'
01:59.821  render           | Saved: '/home/blanzy/projects/media-foundry/artifacts/mf-020r2/frames/frame-0279.png'
02:00.306  render           | Saved: '/home/blanzy/projects/media-foundry/artifacts/mf-020r2/frames/frame-0280.png'
02:00.788  render           | Saved: '/home/blanzy/projects/media-foundry/artifacts/mf-020r2/frames/frame-0281.png'
02:01.271  render           | Saved: '/home/blanzy/projects/media-foundry/artifacts/mf-020r2/frames/frame-0282.png'
02:01.759  render           | Saved: '/home/blanzy/projects/media-foundry/artifacts/mf-020r2/frames/frame-0283.png'
02:02.247  render           | Saved: '/home/blanzy/projects/media-foundry/artifacts/mf-020r2/frames/frame-0284.png'
02:02.735  render           | Saved: '/home/blanzy/projects/media-foundry/artifacts/mf-020r2/frames/frame-0285.png'
02:03.225  render           | Saved: '/home/blanzy/projects/media-foundry/artifacts/mf-020r2/frames/frame-0286.png'
02:03.708  render           | Saved: '/home/blanzy/projects/media-foundry/artifacts/mf-020r2/frames/frame-0287.png'
02:04.186  render           | Saved: '/home/blanzy/projects/media-foundry/artifacts/mf-020r2/frames/frame-0288.png'
02:04.671  render           | Saved: '/home/blanzy/projects/media-foundry/artifacts/mf-020r2/frames/frame-0289.png'
02:05.158  render           | Saved: '/home/blanzy/projects/media-foundry/artifacts/mf-020r2/frames/frame-0290.png'
02:05.636  render           | Saved: '/home/blanzy/projects/media-foundry/artifacts/mf-020r2/frames/frame-0291.png'
02:06.118  render           | Saved: '/home/blanzy/projects/media-foundry/artifacts/mf-020r2/frames/frame-0292.png'
02:06.596  render           | Saved: '/home/blanzy/projects/media-foundry/artifacts/mf-020r2/frames/frame-0293.png'
02:07.081  render           | Saved: '/home/blanzy/projects/media-foundry/artifacts/mf-020r2/frames/frame-0294.png'
02:07.563  render           | Saved: '/home/blanzy/projects/media-foundry/artifacts/mf-020r2/frames/frame-0295.png'
02:08.040  render           | Saved: '/home/blanzy/projects/media-foundry/artifacts/mf-020r2/frames/frame-0296.png'
02:08.526  render           | Saved: '/home/blanzy/projects/media-foundry/artifacts/mf-020r2/frames/frame-0297.png'
02:09.007  render           | Saved: '/home/blanzy/projects/media-foundry/artifacts/mf-020r2/frames/frame-0298.png'
02:09.489  render           | Saved: '/home/blanzy/projects/media-foundry/artifacts/mf-020r2/frames/frame-0299.png'
02:09.983  render           | Saved: '/home/blanzy/projects/media-foundry/artifacts/mf-020r2/frames/frame-0300.png'
02:10.481  render           | Saved: '/home/blanzy/projects/media-foundry/artifacts/mf-020r2/frames/frame-0301.png'
02:10.978  render           | Saved: '/home/blanzy/projects/media-foundry/artifacts/mf-020r2/frames/frame-0302.png'
02:11.467  render           | Saved: '/home/blanzy/projects/media-foundry/artifacts/mf-020r2/frames/frame-0303.png'
02:11.951  render           | Saved: '/home/blanzy/projects/media-foundry/artifacts/mf-020r2/frames/frame-0304.png'
02:12.434  render           | Saved: '/home/blanzy/projects/media-foundry/artifacts/mf-020r2/frames/frame-0305.png'
02:12.922  render           | Saved: '/home/blanzy/projects/media-foundry/artifacts/mf-020r2/frames/frame-0306.png'
02:13.418  render           | Saved: '/home/blanzy/projects/media-foundry/artifacts/mf-020r2/frames/frame-0307.png'
02:13.911  render           | Saved: '/home/blanzy/projects/media-foundry/artifacts/mf-020r2/frames/frame-0308.png'
02:14.396  render           | Saved: '/home/blanzy/projects/media-foundry/artifacts/mf-020r2/frames/frame-0309.png'
02:14.883  render           | Saved: '/home/blanzy/projects/media-foundry/artifacts/mf-020r2/frames/frame-0310.png'
02:15.371  render           | Saved: '/home/blanzy/projects/media-foundry/artifacts/mf-020r2/frames/frame-0311.png'
02:15.874  render           | Saved: '/home/blanzy/projects/media-foundry/artifacts/mf-020r2/frames/frame-0312.png'
02:16.361  render           | Saved: '/home/blanzy/projects/media-foundry/artifacts/mf-020r2/frames/frame-0313.png'
02:16.859  render           | Saved: '/home/blanzy/projects/media-foundry/artifacts/mf-020r2/frames/frame-0314.png'
02:17.352  render           | Saved: '/home/blanzy/projects/media-foundry/artifacts/mf-020r2/frames/frame-0315.png'
02:17.843  render           | Saved: '/home/blanzy/projects/media-foundry/artifacts/mf-020r2/frames/frame-0316.png'
02:18.342  render           | Saved: '/home/blanzy/projects/media-foundry/artifacts/mf-020r2/frames/frame-0317.png'
02:18.849  render           | Saved: '/home/blanzy/projects/media-foundry/artifacts/mf-020r2/frames/frame-0318.png'
02:19.351  render           | Saved: '/home/blanzy/projects/media-foundry/artifacts/mf-020r2/frames/frame-0319.png'
02:19.842  render           | Saved: '/home/blanzy/projects/media-foundry/artifacts/mf-020r2/frames/frame-0320.png'
02:20.331  render           | Saved: '/home/blanzy/projects/media-foundry/artifacts/mf-020r2/frames/frame-0321.png'
02:20.815  render           | Saved: '/home/blanzy/projects/media-foundry/artifacts/mf-020r2/frames/frame-0322.png'
02:21.301  render           | Saved: '/home/blanzy/projects/media-foundry/artifacts/mf-020r2/frames/frame-0323.png'
02:21.788  render           | Saved: '/home/blanzy/projects/media-foundry/artifacts/mf-020r2/frames/frame-0324.png'
02:22.289  render           | Saved: '/home/blanzy/projects/media-foundry/artifacts/mf-020r2/frames/frame-0325.png'
02:22.785  render           | Saved: '/home/blanzy/projects/media-foundry/artifacts/mf-020r2/frames/frame-0326.png'
02:23.279  render           | Saved: '/home/blanzy/projects/media-foundry/artifacts/mf-020r2/frames/frame-0327.png'
02:23.777  render           | Saved: '/home/blanzy/projects/media-foundry/artifacts/mf-020r2/frames/frame-0328.png'
02:24.271  render           | Saved: '/home/blanzy/projects/media-foundry/artifacts/mf-020r2/frames/frame-0329.png'
02:24.758  render           | Saved: '/home/blanzy/projects/media-foundry/artifacts/mf-020r2/frames/frame-0330.png'
02:25.244  render           | Saved: '/home/blanzy/projects/media-foundry/artifacts/mf-020r2/frames/frame-0331.png'
02:25.734  render           | Saved: '/home/blanzy/projects/media-foundry/artifacts/mf-020r2/frames/frame-0332.png'
02:26.235  render           | Saved: '/home/blanzy/projects/media-foundry/artifacts/mf-020r2/frames/frame-0333.png'
02:26.733  render           | Saved: '/home/blanzy/projects/media-foundry/artifacts/mf-020r2/frames/frame-0334.png'
02:27.230  render           | Saved: '/home/blanzy/projects/media-foundry/artifacts/mf-020r2/frames/frame-0335.png'
02:27.717  render           | Saved: '/home/blanzy/projects/media-foundry/artifacts/mf-020r2/frames/frame-0336.png'
02:28.208  render           | Saved: '/home/blanzy/projects/media-foundry/artifacts/mf-020r2/frames/frame-0337.png'
02:28.711  render           | Saved: '/home/blanzy/projects/media-foundry/artifacts/mf-020r2/frames/frame-0338.png'
02:29.201  render           | Saved: '/home/blanzy/projects/media-foundry/artifacts/mf-020r2/frames/frame-0339.png'
02:29.693  render           | Saved: '/home/blanzy/projects/media-foundry/artifacts/mf-020r2/frames/frame-0340.png'
02:30.186  render           | Saved: '/home/blanzy/projects/media-foundry/artifacts/mf-020r2/frames/frame-0341.png'
02:30.675  render           | Saved: '/home/blanzy/projects/media-foundry/artifacts/mf-020r2/frames/frame-0342.png'
02:31.163  render           | Saved: '/home/blanzy/projects/media-foundry/artifacts/mf-020r2/frames/frame-0343.png'
02:31.659  render           | Saved: '/home/blanzy/projects/media-foundry/artifacts/mf-020r2/frames/frame-0344.png'
02:32.150  render           | Saved: '/home/blanzy/projects/media-foundry/artifacts/mf-020r2/frames/frame-0345.png'
02:32.642  render           | Saved: '/home/blanzy/projects/media-foundry/artifacts/mf-020r2/frames/frame-0346.png'
02:33.129  render           | Saved: '/home/blanzy/projects/media-foundry/artifacts/mf-020r2/frames/frame-0347.png'
02:33.621  render           | Saved: '/home/blanzy/projects/media-foundry/artifacts/mf-020r2/frames/frame-0348.png'
02:34.114  render           | Saved: '/home/blanzy/projects/media-foundry/artifacts/mf-020r2/frames/frame-0349.png'
02:34.605  render           | Saved: '/home/blanzy/projects/media-foundry/artifacts/mf-020r2/frames/frame-0350.png'
02:35.093  render           | Saved: '/home/blanzy/projects/media-foundry/artifacts/mf-020r2/frames/frame-0351.png'
02:35.598  render           | Saved: '/home/blanzy/projects/media-foundry/artifacts/mf-020r2/frames/frame-0352.png'
02:36.093  render           | Saved: '/home/blanzy/projects/media-foundry/artifacts/mf-020r2/frames/frame-0353.png'
02:36.591  render           | Saved: '/home/blanzy/projects/media-foundry/artifacts/mf-020r2/frames/frame-0354.png'
02:37.082  render           | Saved: '/home/blanzy/projects/media-foundry/artifacts/mf-020r2/frames/frame-0355.png'
02:37.573  render           | Saved: '/home/blanzy/projects/media-foundry/artifacts/mf-020r2/frames/frame-0356.png'
02:38.060  render           | Saved: '/home/blanzy/projects/media-foundry/artifacts/mf-020r2/frames/frame-0357.png'
02:38.554  render           | Saved: '/home/blanzy/projects/media-foundry/artifacts/mf-020r2/frames/frame-0358.png'
02:39.049  render           | Saved: '/home/blanzy/projects/media-foundry/artifacts/mf-020r2/frames/frame-0359.png'
02:39.552  render           | Saved: '/home/blanzy/projects/media-foundry/artifacts/mf-020r2/frames/frame-0360.png'
02:40.048  render           | Saved: '/home/blanzy/projects/media-foundry/artifacts/mf-020r2/frames/frame-0361.png'
02:40.549  render           | Saved: '/home/blanzy/projects/media-foundry/artifacts/mf-020r2/frames/frame-0362.png'
02:41.044  render           | Saved: '/home/blanzy/projects/media-foundry/artifacts/mf-020r2/frames/frame-0363.png'
02:41.543  render           | Saved: '/home/blanzy/projects/media-foundry/artifacts/mf-020r2/frames/frame-0364.png'
02:42.041  render           | Saved: '/home/blanzy/projects/media-foundry/artifacts/mf-020r2/frames/frame-0365.png'
02:42.535  render           | Saved: '/home/blanzy/projects/media-foundry/artifacts/mf-020r2/frames/frame-0366.png'
02:43.024  render           | Saved: '/home/blanzy/projects/media-foundry/artifacts/mf-020r2/frames/frame-0367.png'
02:43.521  render           | Saved: '/home/blanzy/projects/media-foundry/artifacts/mf-020r2/frames/frame-0368.png'
02:44.006  render           | Saved: '/home/blanzy/projects/media-foundry/artifacts/mf-020r2/frames/frame-0369.png'
02:44.494  render           | Saved: '/home/blanzy/projects/media-foundry/artifacts/mf-020r2/frames/frame-0370.png'
02:44.996  render           | Saved: '/home/blanzy/projects/media-foundry/artifacts/mf-020r2/frames/frame-0371.png'
02:45.487  render           | Saved: '/home/blanzy/projects/media-foundry/artifacts/mf-020r2/frames/frame-0372.png'
02:45.984  render           | Saved: '/home/blanzy/projects/media-foundry/artifacts/mf-020r2/frames/frame-0373.png'
02:46.484  render           | Saved: '/home/blanzy/projects/media-foundry/artifacts/mf-020r2/frames/frame-0374.png'
02:46.975  render           | Saved: '/home/blanzy/projects/media-foundry/artifacts/mf-020r2/frames/frame-0375.png'
02:47.469  render           | Saved: '/home/blanzy/projects/media-foundry/artifacts/mf-020r2/frames/frame-0376.png'
02:47.960  render           | Saved: '/home/blanzy/projects/media-foundry/artifacts/mf-020r2/frames/frame-0377.png'
02:48.454  render           | Saved: '/home/blanzy/projects/media-foundry/artifacts/mf-020r2/frames/frame-0378.png'
02:48.948  render           | Saved: '/home/blanzy/projects/media-foundry/artifacts/mf-020r2/frames/frame-0379.png'
02:49.447  render           | Saved: '/home/blanzy/projects/media-foundry/artifacts/mf-020r2/frames/frame-0380.png'
02:49.938  render           | Saved: '/home/blanzy/projects/media-foundry/artifacts/mf-020r2/frames/frame-0381.png'
02:50.427  render           | Saved: '/home/blanzy/projects/media-foundry/artifacts/mf-020r2/frames/frame-0382.png'
02:50.921  render           | Saved: '/home/blanzy/projects/media-foundry/artifacts/mf-020r2/frames/frame-0383.png'
02:51.419  render           | Saved: '/home/blanzy/projects/media-foundry/artifacts/mf-020r2/frames/frame-0384.png'
02:51.916  render           | Saved: '/home/blanzy/projects/media-foundry/artifacts/mf-020r2/frames/frame-0385.png'
02:52.408  render           | Saved: '/home/blanzy/projects/media-foundry/artifacts/mf-020r2/frames/frame-0386.png'
02:52.905  render           | Saved: '/home/blanzy/projects/media-foundry/artifacts/mf-020r2/frames/frame-0387.png'
02:53.396  render           | Saved: '/home/blanzy/projects/media-foundry/artifacts/mf-020r2/frames/frame-0388.png'
02:53.883  render           | Saved: '/home/blanzy/projects/media-foundry/artifacts/mf-020r2/frames/frame-0389.png'
02:54.383  render           | Saved: '/home/blanzy/projects/media-foundry/artifacts/mf-020r2/frames/frame-0390.png'
02:54.876  render           | Saved: '/home/blanzy/projects/media-foundry/artifacts/mf-020r2/frames/frame-0391.png'
02:55.374  render           | Saved: '/home/blanzy/projects/media-foundry/artifacts/mf-020r2/frames/frame-0392.png'
02:55.874  render           | Saved: '/home/blanzy/projects/media-foundry/artifacts/mf-020r2/frames/frame-0393.png'
02:56.371  render           | Saved: '/home/blanzy/projects/media-foundry/artifacts/mf-020r2/frames/frame-0394.png'
02:56.870  render           | Saved: '/home/blanzy/projects/media-foundry/artifacts/mf-020r2/frames/frame-0395.png'
02:57.370  render           | Saved: '/home/blanzy/projects/media-foundry/artifacts/mf-020r2/frames/frame-0396.png'
02:57.868  render           | Saved: '/home/blanzy/projects/media-foundry/artifacts/mf-020r2/frames/frame-0397.png'
02:58.363  render           | Saved: '/home/blanzy/projects/media-foundry/artifacts/mf-020r2/frames/frame-0398.png'
02:58.858  render           | Saved: '/home/blanzy/projects/media-foundry/artifacts/mf-020r2/frames/frame-0399.png'
02:59.353  render           | Saved: '/home/blanzy/projects/media-foundry/artifacts/mf-020r2/frames/frame-0400.png'
02:59.861  render           | Saved: '/home/blanzy/projects/media-foundry/artifacts/mf-020r2/frames/frame-0401.png'
03:00.350  render           | Saved: '/home/blanzy/projects/media-foundry/artifacts/mf-020r2/frames/frame-0402.png'
03:00.854  render           | Saved: '/home/blanzy/projects/media-foundry/artifacts/mf-020r2/frames/frame-0403.png'
03:01.349  render           | Saved: '/home/blanzy/projects/media-foundry/artifacts/mf-020r2/frames/frame-0404.png'
03:01.854  render           | Saved: '/home/blanzy/projects/media-foundry/artifacts/mf-020r2/frames/frame-0405.png'
03:02.357  render           | Saved: '/home/blanzy/projects/media-foundry/artifacts/mf-020r2/frames/frame-0406.png'
03:02.857  render           | Saved: '/home/blanzy/projects/media-foundry/artifacts/mf-020r2/frames/frame-0407.png'
03:03.351  render           | Saved: '/home/blanzy/projects/media-foundry/artifacts/mf-020r2/frames/frame-0408.png'
03:03.847  render           | Saved: '/home/blanzy/projects/media-foundry/artifacts/mf-020r2/frames/frame-0409.png'
03:04.344  render           | Saved: '/home/blanzy/projects/media-foundry/artifacts/mf-020r2/frames/frame-0410.png'
03:04.842  render           | Saved: '/home/blanzy/projects/media-foundry/artifacts/mf-020r2/frames/frame-0411.png'
03:05.336  render           | Saved: '/home/blanzy/projects/media-foundry/artifacts/mf-020r2/frames/frame-0412.png'
03:05.833  render           | Saved: '/home/blanzy/projects/media-foundry/artifacts/mf-020r2/frames/frame-0413.png'
03:06.324  render           | Saved: '/home/blanzy/projects/media-foundry/artifacts/mf-020r2/frames/frame-0414.png'
03:06.824  render           | Saved: '/home/blanzy/projects/media-foundry/artifacts/mf-020r2/frames/frame-0415.png'
03:07.321  render           | Saved: '/home/blanzy/projects/media-foundry/artifacts/mf-020r2/frames/frame-0416.png'
03:07.822  render           | Saved: '/home/blanzy/projects/media-foundry/artifacts/mf-020r2/frames/frame-0417.png'
03:08.317  render           | Saved: '/home/blanzy/projects/media-foundry/artifacts/mf-020r2/frames/frame-0418.png'
03:08.811  render           | Saved: '/home/blanzy/projects/media-foundry/artifacts/mf-020r2/frames/frame-0419.png'
03:09.307  render           | Saved: '/home/blanzy/projects/media-foundry/artifacts/mf-020r2/frames/frame-0420.png'
03:09.803  render           | Saved: '/home/blanzy/projects/media-foundry/artifacts/mf-020r2/frames/frame-0421.png'
03:10.302  render           | Saved: '/home/blanzy/projects/media-foundry/artifacts/mf-020r2/frames/frame-0422.png'
03:10.799  render           | Saved: '/home/blanzy/projects/media-foundry/artifacts/mf-020r2/frames/frame-0423.png'
03:11.293  render           | Saved: '/home/blanzy/projects/media-foundry/artifacts/mf-020r2/frames/frame-0424.png'
03:11.788  render           | Saved: '/home/blanzy/projects/media-foundry/artifacts/mf-020r2/frames/frame-0425.png'
03:12.283  render           | Saved: '/home/blanzy/projects/media-foundry/artifacts/mf-020r2/frames/frame-0426.png'
03:12.773  render           | Saved: '/home/blanzy/projects/media-foundry/artifacts/mf-020r2/frames/frame-0427.png'
03:13.275  render           | Saved: '/home/blanzy/projects/media-foundry/artifacts/mf-020r2/frames/frame-0428.png'
03:13.780  render           | Saved: '/home/blanzy/projects/media-foundry/artifacts/mf-020r2/frames/frame-0429.png'
03:14.290  render           | Saved: '/home/blanzy/projects/media-foundry/artifacts/mf-020r2/frames/frame-0430.png'
03:14.792  render           | Saved: '/home/blanzy/projects/media-foundry/artifacts/mf-020r2/frames/frame-0431.png'
03:15.293  render           | Saved: '/home/blanzy/projects/media-foundry/artifacts/mf-020r2/frames/frame-0432.png'
03:15.787  render           | Saved: '/home/blanzy/projects/media-foundry/artifacts/mf-020r2/frames/frame-0433.png'
03:16.278  render           | Saved: '/home/blanzy/projects/media-foundry/artifacts/mf-020r2/frames/frame-0434.png'
03:16.771  render           | Saved: '/home/blanzy/projects/media-foundry/artifacts/mf-020r2/frames/frame-0435.png'
03:17.266  render           | Saved: '/home/blanzy/projects/media-foundry/artifacts/mf-020r2/frames/frame-0436.png'
03:17.760  render           | Saved: '/home/blanzy/projects/media-foundry/artifacts/mf-020r2/frames/frame-0437.png'
03:18.253  render           | Saved: '/home/blanzy/projects/media-foundry/artifacts/mf-020r2/frames/frame-0438.png'
03:18.748  render           | Saved: '/home/blanzy/projects/media-foundry/artifacts/mf-020r2/frames/frame-0439.png'
03:19.240  render           | Saved: '/home/blanzy/projects/media-foundry/artifacts/mf-020r2/frames/frame-0440.png'
03:19.728  render           | Saved: '/home/blanzy/projects/media-foundry/artifacts/mf-020r2/frames/frame-0441.png'
03:20.222  render           | Saved: '/home/blanzy/projects/media-foundry/artifacts/mf-020r2/frames/frame-0442.png'
03:20.715  render           | Saved: '/home/blanzy/projects/media-foundry/artifacts/mf-020r2/frames/frame-0443.png'
03:21.210  render           | Saved: '/home/blanzy/projects/media-foundry/artifacts/mf-020r2/frames/frame-0444.png'
03:21.705  render           | Saved: '/home/blanzy/projects/media-foundry/artifacts/mf-020r2/frames/frame-0445.png'
03:22.206  render           | Saved: '/home/blanzy/projects/media-foundry/artifacts/mf-020r2/frames/frame-0446.png'
03:22.705  render           | Saved: '/home/blanzy/projects/media-foundry/artifacts/mf-020r2/frames/frame-0447.png'
03:23.209  render           | Saved: '/home/blanzy/projects/media-foundry/artifacts/mf-020r2/frames/frame-0448.png'
03:23.698  render           | Saved: '/home/blanzy/projects/media-foundry/artifacts/mf-020r2/frames/frame-0449.png'
03:24.193  render           | Saved: '/home/blanzy/projects/media-foundry/artifacts/mf-020r2/frames/frame-0450.png'
03:24.687  render           | Saved: '/home/blanzy/projects/media-foundry/artifacts/mf-020r2/frames/frame-0451.png'
03:25.178  render           | Saved: '/home/blanzy/projects/media-foundry/artifacts/mf-020r2/frames/frame-0452.png'
03:25.670  render           | Saved: '/home/blanzy/projects/media-foundry/artifacts/mf-020r2/frames/frame-0453.png'
03:26.156  render           | Saved: '/home/blanzy/projects/media-foundry/artifacts/mf-020r2/frames/frame-0454.png'
03:26.654  render           | Saved: '/home/blanzy/projects/media-foundry/artifacts/mf-020r2/frames/frame-0455.png'
03:27.154  render           | Saved: '/home/blanzy/projects/media-foundry/artifacts/mf-020r2/frames/frame-0456.png'
03:27.657  render           | Saved: '/home/blanzy/projects/media-foundry/artifacts/mf-020r2/frames/frame-0457.png'
03:28.145  render           | Saved: '/home/blanzy/projects/media-foundry/artifacts/mf-020r2/frames/frame-0458.png'
03:28.636  render           | Saved: '/home/blanzy/projects/media-foundry/artifacts/mf-020r2/frames/frame-0459.png'
03:29.127  render           | Saved: '/home/blanzy/projects/media-foundry/artifacts/mf-020r2/frames/frame-0460.png'
03:29.624  render           | Saved: '/home/blanzy/projects/media-foundry/artifacts/mf-020r2/frames/frame-0461.png'
03:30.114  render           | Saved: '/home/blanzy/projects/media-foundry/artifacts/mf-020r2/frames/frame-0462.png'
03:30.610  render           | Saved: '/home/blanzy/projects/media-foundry/artifacts/mf-020r2/frames/frame-0463.png'
03:31.099  render           | Saved: '/home/blanzy/projects/media-foundry/artifacts/mf-020r2/frames/frame-0464.png'
03:31.595  render           | Saved: '/home/blanzy/projects/media-foundry/artifacts/mf-020r2/frames/frame-0465.png'
03:32.092  render           | Saved: '/home/blanzy/projects/media-foundry/artifacts/mf-020r2/frames/frame-0466.png'
03:32.584  render           | Saved: '/home/blanzy/projects/media-foundry/artifacts/mf-020r2/frames/frame-0467.png'
03:33.077  render           | Saved: '/home/blanzy/projects/media-foundry/artifacts/mf-020r2/frames/frame-0468.png'
03:33.567  render           | Saved: '/home/blanzy/projects/media-foundry/artifacts/mf-020r2/frames/frame-0469.png'
03:34.049  render           | Saved: '/home/blanzy/projects/media-foundry/artifacts/mf-020r2/frames/frame-0470.png'
03:34.536  render           | Saved: '/home/blanzy/projects/media-foundry/artifacts/mf-020r2/frames/frame-0471.png'
03:35.016  render           | Saved: '/home/blanzy/projects/media-foundry/artifacts/mf-020r2/frames/frame-0472.png'
03:35.511  render           | Saved: '/home/blanzy/projects/media-foundry/artifacts/mf-020r2/frames/frame-0473.png'
03:36.008  render           | Saved: '/home/blanzy/projects/media-foundry/artifacts/mf-020r2/frames/frame-0474.png'
03:36.500  render           | Saved: '/home/blanzy/projects/media-foundry/artifacts/mf-020r2/frames/frame-0475.png'
03:36.991  render           | Saved: '/home/blanzy/projects/media-foundry/artifacts/mf-020r2/frames/frame-0476.png'
03:37.478  render           | Saved: '/home/blanzy/projects/media-foundry/artifacts/mf-020r2/frames/frame-0477.png'
03:37.968  render           | Saved: '/home/blanzy/projects/media-foundry/artifacts/mf-020r2/frames/frame-0478.png'
03:38.456  render           | Saved: '/home/blanzy/projects/media-foundry/artifacts/mf-020r2/frames/frame-0479.png'
03:38.948  render           | Saved: '/home/blanzy/projects/media-foundry/artifacts/mf-020r2/frames/frame-0480.png'
03:39.446  render           | Saved: '/home/blanzy/projects/media-foundry/artifacts/mf-020r2/frames/frame-0481.png'
03:39.950  render           | Saved: '/home/blanzy/projects/media-foundry/artifacts/mf-020r2/frames/frame-0482.png'
03:40.446  render           | Saved: '/home/blanzy/projects/media-foundry/artifacts/mf-020r2/frames/frame-0483.png'
03:40.939  render           | Saved: '/home/blanzy/projects/media-foundry/artifacts/mf-020r2/frames/frame-0484.png'
03:41.431  render           | Saved: '/home/blanzy/projects/media-foundry/artifacts/mf-020r2/frames/frame-0485.png'
03:41.925  render           | Saved: '/home/blanzy/projects/media-foundry/artifacts/mf-020r2/frames/frame-0486.png'
03:42.423  render           | Saved: '/home/blanzy/projects/media-foundry/artifacts/mf-020r2/frames/frame-0487.png'
03:42.919  render           | Saved: '/home/blanzy/projects/media-foundry/artifacts/mf-020r2/frames/frame-0488.png'
03:43.417  render           | Saved: '/home/blanzy/projects/media-foundry/artifacts/mf-020r2/frames/frame-0489.png'
03:43.910  render           | Saved: '/home/blanzy/projects/media-foundry/artifacts/mf-020r2/frames/frame-0490.png'
03:44.403  render           | Saved: '/home/blanzy/projects/media-foundry/artifacts/mf-020r2/frames/frame-0491.png'
03:44.901  render           | Saved: '/home/blanzy/projects/media-foundry/artifacts/mf-020r2/frames/frame-0492.png'
03:45.402  render           | Saved: '/home/blanzy/projects/media-foundry/artifacts/mf-020r2/frames/frame-0493.png'
03:45.889  render           | Saved: '/home/blanzy/projects/media-foundry/artifacts/mf-020r2/frames/frame-0494.png'
03:46.384  render           | Saved: '/home/blanzy/projects/media-foundry/artifacts/mf-020r2/frames/frame-0495.png'
03:46.876  render           | Saved: '/home/blanzy/projects/media-foundry/artifacts/mf-020r2/frames/frame-0496.png'
03:47.367  render           | Saved: '/home/blanzy/projects/media-foundry/artifacts/mf-020r2/frames/frame-0497.png'
03:47.864  render           | Saved: '/home/blanzy/projects/media-foundry/artifacts/mf-020r2/frames/frame-0498.png'
03:48.363  render           | Saved: '/home/blanzy/projects/media-foundry/artifacts/mf-020r2/frames/frame-0499.png'
03:48.864  render           | Saved: '/home/blanzy/projects/media-foundry/artifacts/mf-020r2/frames/frame-0500.png'
03:49.358  render           | Saved: '/home/blanzy/projects/media-foundry/artifacts/mf-020r2/frames/frame-0501.png'
03:49.848  render           | Saved: '/home/blanzy/projects/media-foundry/artifacts/mf-020r2/frames/frame-0502.png'
03:50.343  render           | Saved: '/home/blanzy/projects/media-foundry/artifacts/mf-020r2/frames/frame-0503.png'
03:50.836  render           | Saved: '/home/blanzy/projects/media-foundry/artifacts/mf-020r2/frames/frame-0504.png'
03:51.328  render           | Saved: '/home/blanzy/projects/media-foundry/artifacts/mf-020r2/frames/frame-0505.png'
03:51.823  render           | Saved: '/home/blanzy/projects/media-foundry/artifacts/mf-020r2/frames/frame-0506.png'
03:52.327  render           | Saved: '/home/blanzy/projects/media-foundry/artifacts/mf-020r2/frames/frame-0507.png'
03:52.835  render           | Saved: '/home/blanzy/projects/media-foundry/artifacts/mf-020r2/frames/frame-0508.png'
03:53.339  render           | Saved: '/home/blanzy/projects/media-foundry/artifacts/mf-020r2/frames/frame-0509.png'
03:53.837  render           | Saved: '/home/blanzy/projects/media-foundry/artifacts/mf-020r2/frames/frame-0510.png'
03:54.331  render           | Saved: '/home/blanzy/projects/media-foundry/artifacts/mf-020r2/frames/frame-0511.png'
03:54.830  render           | Saved: '/home/blanzy/projects/media-foundry/artifacts/mf-020r2/frames/frame-0512.png'
03:55.348  render           | Saved: '/home/blanzy/projects/media-foundry/artifacts/mf-020r2/frames/frame-0513.png'
03:55.847  render           | Saved: '/home/blanzy/projects/media-foundry/artifacts/mf-020r2/frames/frame-0514.png'
03:56.345  render           | Saved: '/home/blanzy/projects/media-foundry/artifacts/mf-020r2/frames/frame-0515.png'
03:56.841  render           | Saved: '/home/blanzy/projects/media-foundry/artifacts/mf-020r2/frames/frame-0516.png'
03:57.333  render           | Saved: '/home/blanzy/projects/media-foundry/artifacts/mf-020r2/frames/frame-0517.png'
03:57.832  render           | Saved: '/home/blanzy/projects/media-foundry/artifacts/mf-020r2/frames/frame-0518.png'
03:58.323  render           | Saved: '/home/blanzy/projects/media-foundry/artifacts/mf-020r2/frames/frame-0519.png'
03:58.817  render           | Saved: '/home/blanzy/projects/media-foundry/artifacts/mf-020r2/frames/frame-0520.png'
03:59.315  render           | Saved: '/home/blanzy/projects/media-foundry/artifacts/mf-020r2/frames/frame-0521.png'
03:59.808  render           | Saved: '/home/blanzy/projects/media-foundry/artifacts/mf-020r2/frames/frame-0522.png'
04:00.303  render           | Saved: '/home/blanzy/projects/media-foundry/artifacts/mf-020r2/frames/frame-0523.png'
04:00.797  render           | Saved: '/home/blanzy/projects/media-foundry/artifacts/mf-020r2/frames/frame-0524.png'
04:01.301  render           | Saved: '/home/blanzy/projects/media-foundry/artifacts/mf-020r2/frames/frame-0525.png'
04:01.798  render           | Saved: '/home/blanzy/projects/media-foundry/artifacts/mf-020r2/frames/frame-0526.png'
04:02.303  render           | Saved: '/home/blanzy/projects/media-foundry/artifacts/mf-020r2/frames/frame-0527.png'
04:02.797  render           | Saved: '/home/blanzy/projects/media-foundry/artifacts/mf-020r2/frames/frame-0528.png'
04:03.288  render           | Saved: '/home/blanzy/projects/media-foundry/artifacts/mf-020r2/frames/frame-0529.png'
04:03.777  render           | Saved: '/home/blanzy/projects/media-foundry/artifacts/mf-020r2/frames/frame-0530.png'
04:04.270  render           | Saved: '/home/blanzy/projects/media-foundry/artifacts/mf-020r2/frames/frame-0531.png'
04:04.770  render           | Saved: '/home/blanzy/projects/media-foundry/artifacts/mf-020r2/frames/frame-0532.png'
04:05.269  render           | Saved: '/home/blanzy/projects/media-foundry/artifacts/mf-020r2/frames/frame-0533.png'
04:05.769  render           | Saved: '/home/blanzy/projects/media-foundry/artifacts/mf-020r2/frames/frame-0534.png'
04:06.260  render           | Saved: '/home/blanzy/projects/media-foundry/artifacts/mf-020r2/frames/frame-0535.png'
04:06.747  render           | Saved: '/home/blanzy/projects/media-foundry/artifacts/mf-020r2/frames/frame-0536.png'
04:07.242  render           | Saved: '/home/blanzy/projects/media-foundry/artifacts/mf-020r2/frames/frame-0537.png'
04:07.734  render           | Saved: '/home/blanzy/projects/media-foundry/artifacts/mf-020r2/frames/frame-0538.png'
04:08.223  render           | Saved: '/home/blanzy/projects/media-foundry/artifacts/mf-020r2/frames/frame-0539.png'
04:08.715  render           | Saved: '/home/blanzy/projects/media-foundry/artifacts/mf-020r2/frames/frame-0540.png'
04:09.210  render           | Saved: '/home/blanzy/projects/media-foundry/artifacts/mf-020r2/frames/frame-0541.png'
04:09.710  render           | Saved: '/home/blanzy/projects/media-foundry/artifacts/mf-020r2/frames/frame-0542.png'
04:10.209  render           | Saved: '/home/blanzy/projects/media-foundry/artifacts/mf-020r2/frames/frame-0543.png'
04:10.710  render           | Saved: '/home/blanzy/projects/media-foundry/artifacts/mf-020r2/frames/frame-0544.png'
04:11.201  render           | Saved: '/home/blanzy/projects/media-foundry/artifacts/mf-020r2/frames/frame-0545.png'
04:11.691  render           | Saved: '/home/blanzy/projects/media-foundry/artifacts/mf-020r2/frames/frame-0546.png'
04:12.199  render           | Saved: '/home/blanzy/projects/media-foundry/artifacts/mf-020r2/frames/frame-0547.png'
04:12.696  render           | Saved: '/home/blanzy/projects/media-foundry/artifacts/mf-020r2/frames/frame-0548.png'
04:13.187  render           | Saved: '/home/blanzy/projects/media-foundry/artifacts/mf-020r2/frames/frame-0549.png'
04:13.683  render           | Saved: '/home/blanzy/projects/media-foundry/artifacts/mf-020r2/frames/frame-0550.png'
04:14.184  render           | Saved: '/home/blanzy/projects/media-foundry/artifacts/mf-020r2/frames/frame-0551.png'
04:14.678  render           | Saved: '/home/blanzy/projects/media-foundry/artifacts/mf-020r2/frames/frame-0552.png'
04:15.169  render           | Saved: '/home/blanzy/projects/media-foundry/artifacts/mf-020r2/frames/frame-0553.png'
04:15.665  render           | Saved: '/home/blanzy/projects/media-foundry/artifacts/mf-020r2/frames/frame-0554.png'
04:16.164  render           | Saved: '/home/blanzy/projects/media-foundry/artifacts/mf-020r2/frames/frame-0555.png'
04:16.658  render           | Saved: '/home/blanzy/projects/media-foundry/artifacts/mf-020r2/frames/frame-0556.png'
04:17.157  render           | Saved: '/home/blanzy/projects/media-foundry/artifacts/mf-020r2/frames/frame-0557.png'
04:17.660  render           | Saved: '/home/blanzy/projects/media-foundry/artifacts/mf-020r2/frames/frame-0558.png'
04:18.161  render           | Saved: '/home/blanzy/projects/media-foundry/artifacts/mf-020r2/frames/frame-0559.png'
04:18.663  render           | Saved: '/home/blanzy/projects/media-foundry/artifacts/mf-020r2/frames/frame-0560.png'
04:19.158  render           | Saved: '/home/blanzy/projects/media-foundry/artifacts/mf-020r2/frames/frame-0561.png'
04:19.654  render           | Saved: '/home/blanzy/projects/media-foundry/artifacts/mf-020r2/frames/frame-0562.png'
04:20.162  render           | Saved: '/home/blanzy/projects/media-foundry/artifacts/mf-020r2/frames/frame-0563.png'
04:20.662  render           | Saved: '/home/blanzy/projects/media-foundry/artifacts/mf-020r2/frames/frame-0564.png'
04:21.154  render           | Saved: '/home/blanzy/projects/media-foundry/artifacts/mf-020r2/frames/frame-0565.png'
04:21.649  render           | Saved: '/home/blanzy/projects/media-foundry/artifacts/mf-020r2/frames/frame-0566.png'
04:22.140  render           | Saved: '/home/blanzy/projects/media-foundry/artifacts/mf-020r2/frames/frame-0567.png'
04:22.639  render           | Saved: '/home/blanzy/projects/media-foundry/artifacts/mf-020r2/frames/frame-0568.png'
04:23.133  render           | Saved: '/home/blanzy/projects/media-foundry/artifacts/mf-020r2/frames/frame-0569.png'
04:23.634  render           | Saved: '/home/blanzy/projects/media-foundry/artifacts/mf-020r2/frames/frame-0570.png'
04:24.129  render           | Saved: '/home/blanzy/projects/media-foundry/artifacts/mf-020r2/frames/frame-0571.png'
04:24.631  render           | Saved: '/home/blanzy/projects/media-foundry/artifacts/mf-020r2/frames/frame-0572.png'
04:25.129  render           | Saved: '/home/blanzy/projects/media-foundry/artifacts/mf-020r2/frames/frame-0573.png'
04:25.626  render           | Saved: '/home/blanzy/projects/media-foundry/artifacts/mf-020r2/frames/frame-0574.png'
04:26.118  render           | Saved: '/home/blanzy/projects/media-foundry/artifacts/mf-020r2/frames/frame-0575.png'
04:26.613  render           | Saved: '/home/blanzy/projects/media-foundry/artifacts/mf-020r2/frames/frame-0576.png'
04:27.123  render           | Saved: '/home/blanzy/projects/media-foundry/artifacts/mf-020r2/frames/frame-0577.png'
04:27.628  render           | Saved: '/home/blanzy/projects/media-foundry/artifacts/mf-020r2/frames/frame-0578.png'
04:28.140  render           | Saved: '/home/blanzy/projects/media-foundry/artifacts/mf-020r2/frames/frame-0579.png'
04:28.639  render           | Saved: '/home/blanzy/projects/media-foundry/artifacts/mf-020r2/frames/frame-0580.png'
04:29.141  render           | Saved: '/home/blanzy/projects/media-foundry/artifacts/mf-020r2/frames/frame-0581.png'
04:29.637  render           | Saved: '/home/blanzy/projects/media-foundry/artifacts/mf-020r2/frames/frame-0582.png'
04:30.135  render           | Saved: '/home/blanzy/projects/media-foundry/artifacts/mf-020r2/frames/frame-0583.png'
04:30.647  render           | Saved: '/home/blanzy/projects/media-foundry/artifacts/mf-020r2/frames/frame-0584.png'
04:31.150  render           | Saved: '/home/blanzy/projects/media-foundry/artifacts/mf-020r2/frames/frame-0585.png'
04:31.653  render           | Saved: '/home/blanzy/projects/media-foundry/artifacts/mf-020r2/frames/frame-0586.png'
04:32.151  render           | Saved: '/home/blanzy/projects/media-foundry/artifacts/mf-020r2/frames/frame-0587.png'
04:32.647  render           | Saved: '/home/blanzy/projects/media-foundry/artifacts/mf-020r2/frames/frame-0588.png'
04:33.148  render           | Saved: '/home/blanzy/projects/media-foundry/artifacts/mf-020r2/frames/frame-0589.png'
04:33.652  render           | Saved: '/home/blanzy/projects/media-foundry/artifacts/mf-020r2/frames/frame-0590.png'
04:34.151  render           | Saved: '/home/blanzy/projects/media-foundry/artifacts/mf-020r2/frames/frame-0591.png'
04:34.652  render           | Saved: '/home/blanzy/projects/media-foundry/artifacts/mf-020r2/frames/frame-0592.png'
04:35.148  render           | Saved: '/home/blanzy/projects/media-foundry/artifacts/mf-020r2/frames/frame-0593.png'
04:35.646  render           | Saved: '/home/blanzy/projects/media-foundry/artifacts/mf-020r2/frames/frame-0594.png'
04:36.145  render           | Saved: '/home/blanzy/projects/media-foundry/artifacts/mf-020r2/frames/frame-0595.png'
04:36.643  render           | Saved: '/home/blanzy/projects/media-foundry/artifacts/mf-020r2/frames/frame-0596.png'
04:37.138  render           | Saved: '/home/blanzy/projects/media-foundry/artifacts/mf-020r2/frames/frame-0597.png'
04:37.655  render           | Saved: '/home/blanzy/projects/media-foundry/artifacts/mf-020r2/frames/frame-0598.png'
04:38.150  render           | Saved: '/home/blanzy/projects/media-foundry/artifacts/mf-020r2/frames/frame-0599.png'
Info: Saved as "aligned-ring-final.blend"
MF_BENCH_001_RENDER_OK {"build_ms": 515, "device": "CPU_HEADLESS_DEFAULT", "engine": "BLENDER_EEVEE", "mode": "frames", "render_fingerprint": {"blender_version": "5.2.0 LTS", "builder_sha256": "0e664933100edeec86bc6271a8c597d93dd5b6605be35bd18ba39b6699722fce", "config_sha256": "748f354d047f98af1feff90de65e4cb4216fe11eaa7b016191de20fb4065875a", "engine": "BLENDER_EEVEE", "fps": 30, "frames": 600, "resolution": [768, 1152], "seed": 1001001, "template_sha256": "6668c12086c36eb68e29bc6fea101139291ef2ae96b8d55867d017856c20aea2"}, "render_ms": 277128, "rendered": 600, "total_ms": 277716}
Blender 5.2.0 LTS (hash fbe6228777e7 built 2026-07-14 01:32:04)

Blender quit
