{
  "slice": "MF-005R1",
  "fixture": "mf011-10-direct-book-cta",
  "status": "PASS",
  "source": "media/audio/music/unknown-process/Concrete_and_Chain.mp3",
  "audio_path": "/home/blanzy/media-foundry-output/mf011/unknown-process-v1/campaign-run-002/10-direct-book-cta/audio/music.wav",
  "source_analysis": {
    "duration": 179.382792,
    "sample_rate": 44100,
    "channels": 2,
    "codec": "mp3",
    "container": "mp3",
    "bit_rate": 192000
  },
  "source_duration": 179.382792,
  "selected_offset": 76.0,
  "duration": 30.0,
  "continuous": true,
  "loop": false,
  "loop_count": 0,
  "normalization_lufs": -24.0,
  "gain_db": -4.8,
  "narration_duck_db": -8.0,
  "attack_ms": 100.0,
  "release_ms": 280.0,
  "fade_in": 0.8,
  "fade_out": 2.6,
  "activity": {
    "start": 0.0,
    "end": 30.0
  },
  "provenance": {
    "type": "user_supplied_generated",
    "asset_class": "approved_catalog_track",
    "release_eligible": true,
    "track_id": "concrete_and_chain",
    "region_id": "investigation_a",
    "source_sha256": "4fcb84cfa4e885ddd600d4a53aa113e05f36b7cfae208ccb2ca9a24bf0c64d91",
    "approval_reviewer": "user",
    "usage": "MF-010 hash-bound human approval; local production master."
  },
  "source_sha256": "4fcb84cfa4e885ddd600d4a53aa113e05f36b7cfae208ccb2ca9a24bf0c64d91",
  "prepared_sha256": "6b802ca3ea01e5cba21e0b08a711b9a271f6c26d124ee220136c662a6a688d73",
  "preparation_seconds": 1.085078,
  "result": "PASS"
}
