{
  "slice": "MF-005R1",
  "fixture": "mf011-07-digital-empire",
  "status": "PASS",
  "source": "media/audio/music/unknown-process/Concrete_and_Chain.mp3",
  "audio_path": "/home/blanzy/media-foundry-output/mf011/unknown-process-v1/campaign-run-002/07-digital-empire/audio/music.wav",
  "source_analysis": {
    "duration": 179.382792,
    "sample_rate": 44100,
    "channels": 2,
    "codec": "mp3",
    "container": "mp3",
    "bit_rate": 192000
  },
  "source_duration": 179.382792,
  "selected_offset": 127.0,
  "duration": 30.0,
  "continuous": true,
  "loop": false,
  "loop_count": 0,
  "normalization_lufs": -24.0,
  "gain_db": -5.0,
  "narration_duck_db": -8.0,
  "attack_ms": 120.0,
  "release_ms": 320.0,
  "fade_in": 1.2,
  "fade_out": 2.8,
  "activity": {
    "start": 0.0,
    "end": 30.0
  },
  "provenance": {
    "type": "user_supplied_generated",
    "asset_class": "approved_catalog_track",
    "release_eligible": true,
    "track_id": "concrete_and_chain",
    "region_id": "revelation_a",
    "source_sha256": "4fcb84cfa4e885ddd600d4a53aa113e05f36b7cfae208ccb2ca9a24bf0c64d91",
    "approval_reviewer": "user",
    "usage": "MF-010 hash-bound human approval; local production master."
  },
  "source_sha256": "4fcb84cfa4e885ddd600d4a53aa113e05f36b7cfae208ccb2ca9a24bf0c64d91",
  "prepared_sha256": "508c4520ecf25527ffc8b1f602bb7f67aa5cb4a575c8effea8bc3810a764e798",
  "preparation_seconds": 1.038993,
  "result": "PASS"
}
