{
  "slice": "MF-008C",
  "fixture": "mf011-05-simon-biometric-anomaly",
  "mode": "directed",
  "state": "READY",
  "creative": {
    "mechanism": "biometric_scan",
    "events": [
      "biometric_scan",
      "deep_scan",
      "hidden_region",
      "kill_switch_reveal"
    ],
    "timing": {
      "intro_seconds": 5.0,
      "investigation_seconds": 13.0,
      "result_hold_seconds": 2.0,
      "cta_seconds": 5.0
    },
    "palette_profile": "mystery",
    "camera_profile": "calm_to_push",
    "node_profile": "analytical",
    "projection_profile": "biometric",
    "cta_profile": "cool_signal",
    "audio_cue": "investigation"
  },
  "checks": {
    "required_fields": "PASS",
    "mechanism": "PASS",
    "palette_profile": "PASS",
    "camera_profile": "PASS",
    "node_profile": "PASS",
    "projection_profile": "PASS",
    "cta_profile": "PASS",
    "mechanism_events": "PASS",
    "timing_bounds": "PASS",
    "event_timing": "PASS",
    "audio_cue_exists": "PASS",
    "audio_cue_approved": "PENDING_APPROVAL"
  },
  "errors": [],
  "result": "PASS"
}
