{
  "slice": "MF-004",
  "fixture": "mf011-05-simon-biometric-anomaly",
  "mode": "beats",
  "result": "PASS",
  "duration": 25.0,
  "number_of_beats": 9,
  "sequential_no_gaps": true,
  "beats": [
    {
      "id": "circuits",
      "type": "intro",
      "text": "UNKNOWN PROCESS",
      "duration": 2.3,
      "transition": "cut",
      "narration": null,
      "index": 0,
      "start": 0.0,
      "end": 2.3
    },
    {
      "id": "formation",
      "type": "reveal",
      "text": "UNKNOWN PROCESS",
      "duration": 2.1,
      "transition": "cut",
      "narration": null,
      "index": 1,
      "start": 2.3,
      "end": 4.4
    },
    {
      "id": "opening",
      "type": "reveal",
      "text": "UNKNOWN PROCESS",
      "duration": 0.6,
      "transition": "cut",
      "narration": null,
      "index": 2,
      "start": 4.4,
      "end": 5.0
    },
    {
      "id": "page_1",
      "type": "statement",
      "text": "BIOMETRIC STATUS: NORMAL",
      "duration": 4.333,
      "transition": "cut",
      "narration": null,
      "index": 3,
      "start": 5.0,
      "end": 9.333
    },
    {
      "id": "page_2",
      "type": "emphasis",
      "text": "ANOMALY / DEEP SCAN",
      "duration": 4.333,
      "transition": "cut",
      "narration": null,
      "index": 4,
      "start": 9.333,
      "end": 13.666
    },
    {
      "id": "page_3",
      "type": "statement",
      "text": "ENCRYPTED REGION: ACCESS DENIED",
      "duration": 4.333,
      "transition": "cut",
      "narration": null,
      "index": 5,
      "start": 13.666,
      "end": 17.999
    },
    {
      "id": "result_hold",
      "type": "reveal",
      "text": "ENCRYPTED REGION: ACCESS DENIED",
      "duration": 2.0,
      "transition": "cut",
      "narration": null,
      "index": 6,
      "start": 17.999,
      "end": 19.999
    },
    {
      "id": "dissolve",
      "type": "statement",
      "text": "CONTINUE THE ADVENTURE",
      "duration": 2.0,
      "transition": "cut",
      "narration": null,
      "index": 7,
      "start": 19.999,
      "end": 21.999
    },
    {
      "id": "cta",
      "type": "outro",
      "text": "CONTINUE THE ADVENTURE",
      "duration": 3.001,
      "transition": "cut",
      "narration": null,
      "index": 8,
      "start": 21.999,
      "end": 25.0
    }
  ],
  "preflight_seconds": 5e-05
}
