{
  "slice": "MF-006",
  "duration": 27.0,
  "sample_rate": 48000,
  "channels": 1,
  "event_count": 13,
  "events": [
    {
      "id": "circuit_draw",
      "event": "path_draw_start",
      "time": 0.05,
      "type": "circuit_draw",
      "duration": 0.55,
      "gain": 0.035
    },
    {
      "id": "energy_flow",
      "event": "energy_flow",
      "time": 0.75,
      "type": "energy_flow",
      "duration": 1.1,
      "gain": 0.04
    },
    {
      "id": "overload_rise",
      "event": "overload",
      "time": 1.9,
      "type": "overload_rise",
      "duration": 0.72,
      "gain": 0.055
    },
    {
      "id": "spark",
      "event": "spark_burst",
      "time": 2.7,
      "type": "spark_burst",
      "duration": 0.48,
      "gain": 0.1
    },
    {
      "id": "projection",
      "event": "screen_initialize",
      "time": 2.9,
      "type": "projection_emission",
      "duration": 0.8,
      "gain": 0.055
    },
    {
      "id": "simon_lock",
      "event": "record_lock_1",
      "time": 8.65,
      "type": "target_lock",
      "duration": 0.3,
      "gain": 0.035
    },
    {
      "id": "refresh_1",
      "event": "record_reset_1",
      "time": 9.7,
      "type": "projection_refresh",
      "duration": 0.38,
      "gain": 0.038
    },
    {
      "id": "bridge_lock",
      "event": "record_lock_2",
      "time": 13.0,
      "type": "bridge_lock",
      "duration": 0.46,
      "gain": 0.03
    },
    {
      "id": "refresh_2",
      "event": "record_reset_2",
      "time": 13.95,
      "type": "projection_refresh",
      "duration": 0.38,
      "gain": 0.038
    },
    {
      "id": "hidden_reveal",
      "event": "record_lock_3",
      "time": 17.3,
      "type": "hidden_reveal",
      "duration": 0.42,
      "gain": 0.035
    },
    {
      "id": "collapse",
      "event": "screen_collapse",
      "time": 19.1,
      "type": "projection_collapse",
      "duration": 1.0,
      "gain": 0.05
    },
    {
      "id": "return",
      "event": "return_energy",
      "time": 20.7,
      "type": "energy_flow",
      "duration": 1.1,
      "gain": 0.03
    },
    {
      "id": "cta_resolve",
      "event": "cta_lock",
      "time": 23.65,
      "type": "cta_resolve",
      "duration": 0.52,
      "gain": 0.03
    }
  ],
  "pre_clamp_peak": 0.142101,
  "clipped_samples": 0,
  "result": "PASS"
}
